2026-01-26 13:31:00.415 INFO  c.k.k.c.l.logback.LogbackConfigurator    - Logback default configuration initialized from: C:\Users\Administrator\.katalon\packages\KSE-10.4.2\configuration\org.eclipse.osgi\132\0\.cp\resources\logback\logback-execution.xml
2026-01-26 13:31:00.421 INFO  c.k.k.c.l.logback.LogbackConfigurator    - Logback custom configuration initialized from: C:\Users\Administrator\git\magiq\Include\config\log.properties
2026-01-26 13:31:01.507 INFO  c.k.katalon.core.main.TestSuiteExecutor  - START Test Suites/TS_Location
2026-01-26 13:31:01.651 INFO  c.k.katalon.core.main.TestSuiteExecutor  - userFullName = Cong Thanh
2026-01-26 13:31:01.652 INFO  c.k.katalon.core.main.TestSuiteExecutor  - projectName = magiq
2026-01-26 13:31:01.653 INFO  c.k.katalon.core.main.TestSuiteExecutor  - hostName = Administrator - WINDOWS-10
2026-01-26 13:31:01.654 INFO  c.k.katalon.core.main.TestSuiteExecutor  - os = Windows 10 64bit
2026-01-26 13:31:01.655 INFO  c.k.katalon.core.main.TestSuiteExecutor  - hostAddress = 192.168.126.20
2026-01-26 13:31:01.657 INFO  c.k.katalon.core.main.TestSuiteExecutor  - katalonVersion = 10.4.2.0
2026-01-26 13:31:03.240 INFO  c.k.katalon.core.main.TestCaseExecutor   - --------------------
2026-01-26 13:31:03.240 INFO  c.k.katalon.core.main.TestCaseExecutor   - START Test Cases/Location/TC.LOC.5
2026-01-26 13:31:03.637 DEBUG testcase.TC.LOC.5                        - 1: openBrowser("")
2026-01-26 13:31:04.172 INFO  c.k.k.core.webui.driver.DriverFactory    - Starting 'Chrome' driver
2026-01-26 13:31:04.186 INFO  c.k.k.c.w.util.WebDriverPropertyUtil     - User set preference: ['args', '[--user-data-dir=C:\QA\Profiles\KatalonChrome, --profile-directory=Default]']
2026-01-26 13:31:04.314 INFO  c.k.k.core.webui.driver.DriverFactory    - Action delay is set to 0 milliseconds
1月 26, 2026 1:31:06 午後 org.openqa.selenium.devtools.CdpVersionFinder findNearestMatch
WARNING: Unable to find CDP implementation matching 144
1月 26, 2026 1:31:06 午後 org.openqa.selenium.chromium.ChromiumDriver lambda$new$4
WARNING: Unable to find version of CDP to use for 144.0.7559.60. You may need to include a dependency on a specific version of the CDP using something similar to `org.seleniumhq.selenium:selenium-devtools-v86:4.34.0` where the version ("v86") matches the version of the chromium-based browser you're using and the version number of the artifact is the same as Selenium's.
2026-01-26 13:31:06.840 INFO  c.k.k.core.webui.driver.DriverFactory    - sessionId = 4a1f72b66860e7a00aecd92bb7d4e2d7
2026-01-26 13:31:06.842 INFO  c.k.k.core.webui.driver.DriverFactory    - browser = Chrome 144.0.7559.60
2026-01-26 13:31:06.844 INFO  c.k.k.core.webui.driver.DriverFactory    - platform = Windows 10
2026-01-26 13:31:06.845 INFO  c.k.k.core.webui.driver.DriverFactory    - seleniumVersion = 4.34.0
2026-01-26 13:31:06.864 INFO  c.k.k.core.webui.driver.DriverFactory    - proxyInformation = ProxyInformation { proxyOption=NO_PROXY, proxyServerType=HTTP, username=, password=********, proxyServerAddress=, proxyServerPort=0, executionList="", isApplyToDesiredCapabilities=true }
2026-01-26 13:31:06.978 DEBUG testcase.TC.LOC.5                        - 2: navigateToUrl("https://qa.engagement.magiqdev.cloud/organisation")
2026-01-26 13:31:07.229 DEBUG testcase.TC.LOC.5                        - 3: waitForElementVisible(findTestObject("Location/btn_location"), 120)
2026-01-26 13:31:14.084 DEBUG testcase.TC.LOC.5                        - 4: click(findTestObject("Location/btn_location"))
2026-01-26 13:31:14.515 DEBUG testcase.TC.LOC.5                        - 5: waitForElementVisible(findTestObject("Location/btn_upload"), 120)
2026-01-26 13:31:15.849 DEBUG testcase.TC.LOC.5                        - 6: click(findTestObject("Location/btn_upload"))
2026-01-26 13:31:33.618 WARN  c.k.k.c.w.keyword.builtin.ClickKeyword   - Waiting for element timed out
2026-01-26 13:31:33.713 DEBUG testcase.TC.LOC.5                        - 7: filePath = "D:\Upload\MagiqTowns.json"
2026-01-26 13:31:33.716 DEBUG testcase.TC.LOC.5                        - 8: robot = new java.awt.Robot()
2026-01-26 13:31:33.832 DEBUG testcase.TC.LOC.5                        - 9: getSystemClipboard().setContents(new java.awt.datatransfer.StringSelection(filePath), null)
2026-01-26 13:31:33.983 DEBUG testcase.TC.LOC.5                        - 10: robot.keyPress(VK_CONTROL)
2026-01-26 13:31:34.070 DEBUG testcase.TC.LOC.5                        - 11: robot.keyPress(VK_V)
2026-01-26 13:31:34.078 DEBUG testcase.TC.LOC.5                        - 12: robot.keyRelease(VK_V)
2026-01-26 13:31:34.084 DEBUG testcase.TC.LOC.5                        - 13: robot.keyRelease(VK_CONTROL)
2026-01-26 13:31:34.099 DEBUG testcase.TC.LOC.5                        - 14: robot.keyPress(VK_ENTER)
2026-01-26 13:31:34.105 DEBUG testcase.TC.LOC.5                        - 15: robot.keyRelease(VK_ENTER)
2026-01-26 13:31:34.114 INFO  c.k.katalon.core.main.TestCaseExecutor   - END Test Cases/Location/TC.LOC.5
2026-01-26 13:31:34.118 INFO  c.k.katalon.core.main.TestSuiteExecutor  - --------------------
2026-01-26 13:31:34.119 INFO  c.k.katalon.core.main.TestSuiteExecutor  - END Test Suites/TS_Location
2026-01-26 13:31:34.119 INFO  c.k.katalon.core.main.TestSuiteExecutor  - ====================
