2026-01-08 08:47:28.327 INFO  c.k.k.c.l.logback.LogbackConfigurator    - Logback default configuration initialized from: C:\Users\Administrator\.katalon\packages\KSE-10.4.2\configuration\org.eclipse.osgi\132\0\.cp\resources\logback\logback-execution.xml
2026-01-08 08:47:28.331 INFO  c.k.k.c.l.logback.LogbackConfigurator    - Logback custom configuration initialized from: C:\Users\Administrator\git\magiq\Include\config\log.properties
2026-01-08 08:47:28.995 INFO  c.k.katalon.core.main.TestSuiteExecutor  - START Test Suites/TS_HOM
2026-01-08 08:47:29.095 INFO  c.k.katalon.core.main.TestSuiteExecutor  - userFullName = Cong Thanh
2026-01-08 08:47:29.096 INFO  c.k.katalon.core.main.TestSuiteExecutor  - projectName = magiq
2026-01-08 08:47:29.097 INFO  c.k.katalon.core.main.TestSuiteExecutor  - hostName = Administrator - WINDOWS-10
2026-01-08 08:47:29.099 INFO  c.k.katalon.core.main.TestSuiteExecutor  - os = Windows 10 64bit
2026-01-08 08:47:29.100 INFO  c.k.katalon.core.main.TestSuiteExecutor  - hostAddress = 192.168.126.20
2026-01-08 08:47:29.101 INFO  c.k.katalon.core.main.TestSuiteExecutor  - katalonVersion = 10.4.2.0
2026-01-08 08:47:30.313 INFO  c.k.katalon.core.main.TestCaseExecutor   - --------------------
2026-01-08 08:47:30.313 INFO  c.k.katalon.core.main.TestCaseExecutor   - START Test Cases/HOM/TC_HOM_03
2026-01-08 08:47:30.430 DEBUG testcase.TC_HOM_03                       - 1: openBrowser("")
2026-01-08 08:47:30.723 INFO  c.k.k.core.webui.driver.DriverFactory    - Starting 'Chrome' driver
2026-01-08 08:47:30.733 INFO  c.k.k.c.w.util.WebDriverPropertyUtil     - User set preference: ['args', '[--user-data-dir=C:\QA\Profiles\KatalonChrome, --profile-directory=Default]']
2026-01-08 08:47:30.805 INFO  c.k.k.core.webui.driver.DriverFactory    - Action delay is set to 0 milliseconds
1月 08, 2026 8:47:32 午前 org.openqa.selenium.devtools.CdpVersionFinder findNearestMatch
WARNING: Unable to find CDP implementation matching 143
1月 08, 2026 8:47:32 午前 org.openqa.selenium.chromium.ChromiumDriver lambda$new$4
WARNING: Unable to find version of CDP to use for 143.0.7499.170. You may need to include a dependency on a specific version of the CDP using something similar to `org.seleniumhq.selenium:selenium-devtools-v86:4.34.0` where the version ("v86") matches the version of the chromium-based browser you're using and the version number of the artifact is the same as Selenium's.
2026-01-08 08:47:33.082 INFO  c.k.k.core.webui.driver.DriverFactory    - sessionId = c82a729b4b5a54eac15e0978221d92b6
2026-01-08 08:47:33.084 INFO  c.k.k.core.webui.driver.DriverFactory    - browser = Chrome 143.0.7499.170
2026-01-08 08:47:33.085 INFO  c.k.k.core.webui.driver.DriverFactory    - platform = Windows 10
2026-01-08 08:47:33.086 INFO  c.k.k.core.webui.driver.DriverFactory    - seleniumVersion = 4.34.0
2026-01-08 08:47:33.096 INFO  c.k.k.core.webui.driver.DriverFactory    - proxyInformation = ProxyInformation { proxyOption=NO_PROXY, proxyServerType=HTTP, username=, password=********, proxyServerAddress=, proxyServerPort=0, executionList="", isApplyToDesiredCapabilities=true }
2026-01-08 08:47:33.162 DEBUG testcase.TC_HOM_03                       - 2: navigateToUrl("https://qa.engagement.magiqdev.cloud/organisation")
2026-01-08 08:48:04.302 DEBUG testcase.TC_HOM_03                       - 3: waitForElementVisible(findTestObject("HOM/btn_hide_menu_items"), 60)
2026-01-08 08:48:08.571 DEBUG testcase.TC_HOM_03                       - 4: click(findTestObject("HOM/btn_hide_menu_items"))
2026-01-08 08:48:09.700 INFO  c.k.katalon.core.main.TestCaseExecutor   - END Test Cases/HOM/TC_HOM_03
2026-01-08 08:48:09.703 INFO  c.k.katalon.core.main.TestSuiteExecutor  - --------------------
2026-01-08 08:48:09.704 INFO  c.k.katalon.core.main.TestSuiteExecutor  - END Test Suites/TS_HOM
2026-01-08 08:48:09.704 INFO  c.k.katalon.core.main.TestSuiteExecutor  - ====================
