2026-01-06 09:07:43.158 INFO  c.k.k.c.l.logback.LogbackConfigurator    - Logback default configuration initialized from: C:\Users\Administrator\.katalon\packages\KSE-10.4.2\configuration\org.eclipse.osgi\132\0\.cp\resources\logback\logback-execution.xml
2026-01-06 09:07:43.162 INFO  c.k.k.c.l.logback.LogbackConfigurator    - Logback custom configuration initialized from: C:\Users\Administrator\git\magiq\Include\config\log.properties
2026-01-06 09:07:43.739 INFO  c.k.katalon.core.main.TestSuiteExecutor  - START Test Suites/TS_OP
2026-01-06 09:07:43.856 INFO  c.k.katalon.core.main.TestSuiteExecutor  - userFullName = Cong Thanh
2026-01-06 09:07:43.857 INFO  c.k.katalon.core.main.TestSuiteExecutor  - projectName = magiq
2026-01-06 09:07:43.858 INFO  c.k.katalon.core.main.TestSuiteExecutor  - hostName = Administrator - WINDOWS-10
2026-01-06 09:07:43.859 INFO  c.k.katalon.core.main.TestSuiteExecutor  - os = Windows 10 64bit
2026-01-06 09:07:43.859 INFO  c.k.katalon.core.main.TestSuiteExecutor  - hostAddress = 192.168.126.20
2026-01-06 09:07:43.862 INFO  c.k.katalon.core.main.TestSuiteExecutor  - katalonVersion = 10.4.2.0
2026-01-06 09:07:45.482 INFO  c.k.katalon.core.main.TestCaseExecutor   - --------------------
2026-01-06 09:07:45.482 INFO  c.k.katalon.core.main.TestCaseExecutor   - START Test Cases/OP/OP1.1
2026-01-06 09:07:45.915 DEBUG testcase.OP1.1                           - 1: callTestCase(findTestCase("Login/LG-01"), [:], STOP_ON_FAILURE)
2026-01-06 09:07:46.172 INFO  c.k.katalon.core.main.TestCaseExecutor   - --------------------
2026-01-06 09:07:46.172 INFO  c.k.katalon.core.main.TestCaseExecutor   - CALL Test Cases/Login/LG-01
2026-01-06 09:07:46.753 DEBUG testcase.LG-01                           - 1: LOCAL_PAGELOAD = 300
2026-01-06 09:07:46.758 DEBUG testcase.LG-01                           - 2: WAIT_ELEMENT_BEFORE_RELOAD = 120
2026-01-06 09:07:46.763 DEBUG testcase.LG-01                           - 3: MAX_RELOAD_ATTEMPTS = 5
2026-01-06 09:07:46.769 DEBUG testcase.LG-01                           - 4: AFTER_LOGIN_WAIT = 120
2026-01-06 09:07:46.775 DEBUG testcase.LG-01                           - 5: SHORT = 5
2026-01-06 09:07:46.780 DEBUG testcase.LG-01                           - 6: MEDIUM = 15
2026-01-06 09:07:46.786 DEBUG testcase.LG-01                           - 7: LONG = 30
2026-01-06 09:07:46.794 DEBUG testcase.LG-01                           - 8: openBrowser("")
2026-01-06 09:07:47.115 INFO  c.k.k.core.webui.driver.DriverFactory    - Starting 'Chrome' driver
2026-01-06 09:07:47.137 INFO  c.k.k.c.w.util.WebDriverPropertyUtil     - User set preference: ['args', '[--user-data-dir=C:\QA\Profiles\KatalonChrome, --profile-directory=Default]']
2026-01-06 09:07:47.231 INFO  c.k.k.core.webui.driver.DriverFactory    - Action delay is set to 0 milliseconds
1月 06, 2026 9:07:48 午前 org.openqa.selenium.devtools.CdpVersionFinder findNearestMatch
WARNING: Unable to find CDP implementation matching 143
1月 06, 2026 9:07:48 午前 org.openqa.selenium.chromium.ChromiumDriver lambda$new$4
WARNING: Unable to find version of CDP to use for 143.0.7499.170. You may need to include a dependency on a specific version of the CDP using something similar to `org.seleniumhq.selenium:selenium-devtools-v86:4.34.0` where the version ("v86") matches the version of the chromium-based browser you're using and the version number of the artifact is the same as Selenium's.
2026-01-06 09:07:49.690 INFO  c.k.k.core.webui.driver.DriverFactory    - sessionId = ff36d1b48b8ae016dcf0d0c750b89fff
2026-01-06 09:07:49.691 INFO  c.k.k.core.webui.driver.DriverFactory    - browser = Chrome 143.0.7499.170
2026-01-06 09:07:49.692 INFO  c.k.k.core.webui.driver.DriverFactory    - platform = Windows 10
2026-01-06 09:07:49.692 INFO  c.k.k.core.webui.driver.DriverFactory    - seleniumVersion = 4.34.0
2026-01-06 09:07:49.703 INFO  c.k.k.core.webui.driver.DriverFactory    - proxyInformation = ProxyInformation { proxyOption=NO_PROXY, proxyServerType=HTTP, username=, password=********, proxyServerAddress=, proxyServerPort=0, executionList="", isApplyToDesiredCapabilities=true }
2026-01-06 09:07:49.774 DEBUG testcase.LG-01                           - 9: maximizeWindow()
2026-01-06 09:07:49.814 DEBUG testcase.LG-01                           - 10: navigateToUrl("https://qa.engagement.magiqdev.cloud/login")
2026-01-06 09:07:51.093 DEBUG testcase.LG-01                           - 11: waitForPageLoad(LOCAL_PAGELOAD)
2026-01-06 09:07:51.327 DEBUG testcase.LG-01                           - 12: spanAdmin = new com.kms.katalon.core.testobject.TestObject(obj_span_admin_test_1)
2026-01-06 09:07:51.379 DEBUG testcase.LG-01                           - 13: spanAdmin.addProperty("xpath", EQUALS, "//button[.//span[contains(normalize-space(), 'test')]]")
2026-01-06 09:07:51.405 DEBUG testcase.LG-01                           - 14: iExitToApp = new com.kms.katalon.core.testobject.TestObject(obj_i_exit_to_app)
2026-01-06 09:07:51.410 DEBUG testcase.LG-01                           - 15: iExitToApp.addProperty("xpath", EQUALS, "//i[normalize-space(text())='exit_to_app']")
2026-01-06 09:07:51.414 DEBUG testcase.LG-01                           - 16: userNameInput = new com.kms.katalon.core.testobject.TestObject(obj_input_userName)
2026-01-06 09:07:51.422 DEBUG testcase.LG-01                           - 17: userNameInput.addProperty("id", EQUALS, "userName")
2026-01-06 09:07:51.429 DEBUG testcase.LG-01                           - 18: currentUrl = getUrl()
2026-01-06 09:07:51.474 DEBUG testcase.LG-01                           - 19: if (currentUrl == "https://qa.engagement.magiqdev.cloud/news")
2026-01-06 09:07:51.477 DEBUG testcase.LG-01                           - 20: userNameField = new com.kms.katalon.core.testobject.TestObject(userName)
2026-01-06 09:07:51.479 DEBUG testcase.LG-01                           - 21: userNameField.addProperty("id", EQUALS, "userName")
2026-01-06 09:07:51.485 DEBUG testcase.LG-01                           - 22: passwordField = new com.kms.katalon.core.testobject.TestObject(password)
2026-01-06 09:07:51.489 DEBUG testcase.LG-01                           - 23: passwordField.addProperty("xpath", EQUALS, "//input[@type='password' or contains(@aria-label,'password') or contains(@placeholder,'Password')]")
2026-01-06 09:07:51.492 DEBUG testcase.LG-01                           - 24: loginBtn = new com.kms.katalon.core.testobject.TestObject(loginBtn)
2026-01-06 09:07:51.495 DEBUG testcase.LG-01                           - 25: loginBtn.addProperty("css", EQUALS, "button.btn-login")
2026-01-06 09:07:51.502 DEBUG testcase.LG-01                           - 26: loginBtn.addProperty("xpath", EQUALS, "//button[contains(@class,'btn-login') or normalize-space(.)='Login' or .//span[normalize-space(.)='Login']]")
2026-01-06 09:07:51.507 DEBUG testcase.LG-01                           - 27: appBar = new com.kms.katalon.core.testobject.TestObject(appBar)
2026-01-06 09:07:51.512 DEBUG testcase.LG-01                           - 28: appBar.addProperty("css", EQUALS, ".mat-app-bar")
2026-01-06 09:07:51.515 DEBUG testcase.LG-01                           - 29: appBar.addProperty("xpath", EQUALS, "//*[contains(@class,'mat-app-bar')]")
2026-01-06 09:07:51.523 DEBUG testcase.LG-01                           - 30: usernameVisible = false
2026-01-06 09:07:51.528 DEBUG testcase.LG-01                           - 31: attempts = 0
2026-01-06 09:07:51.531 DEBUG testcase.LG-01                           - 32: usernameVisible = waitForElementVisible(userNameField, 3, OPTIONAL)
2026-01-06 09:07:53.992 DEBUG testcase.LG-01                           - 33: if (!(usernameVisible))
2026-01-06 09:07:54.007 DEBUG testcase.LG-01                           - 34: if (!(usernameVisible))
2026-01-06 09:07:54.009 DEBUG testcase.LG-01                           - 35: setText(userNameField, "admin1test@gmail.com")
2026-01-06 09:07:54.723 DEBUG testcase.LG-01                           - 36: passwordVisible = waitForElementVisible(passwordField, WAIT_ELEMENT_BEFORE_RELOAD, OPTIONAL)
2026-01-06 09:07:54.980 DEBUG testcase.LG-01                           - 37: if (!(passwordVisible))
2026-01-06 09:07:54.981 DEBUG testcase.LG-01                           - 38: if (!(passwordVisible))
2026-01-06 09:07:54.982 DEBUG testcase.LG-01                           - 39: setEncryptedText(passwordField, "vckfKYHQ/X5a0LrHpsIEKA==")
2026-01-06 09:07:55.349 DEBUG testcase.LG-01                           - 40: loginClickable = waitForElementClickable(loginBtn, WAIT_ELEMENT_BEFORE_RELOAD, OPTIONAL)
2026-01-06 09:07:55.668 DEBUG testcase.LG-01                           - 41: if (!(loginClickable))
2026-01-06 09:07:55.670 DEBUG testcase.LG-01                           - 42: if (!(loginClickable))
2026-01-06 09:07:55.672 DEBUG testcase.LG-01                           - 43: click(loginBtn)
2026-01-06 09:07:56.009 DEBUG testcase.LG-01                           - 44: appBarVisible = false
2026-01-06 09:07:56.011 DEBUG testcase.LG-01                           - 45: waited = 0
2026-01-06 09:07:56.012 DEBUG testcase.LG-01                           - 46: step = 3
2026-01-06 09:07:56.014 DEBUG testcase.LG-01                           - 47: while (waited < AFTER_LOGIN_WAIT || appBarVisible)
2026-01-06 09:07:56.017 DEBUG testcase.LG-01                           - 1: if (verifyElementVisible(appBar, OPTIONAL))
2026-01-06 09:08:02.543 DEBUG testcase.LG-01                           - 1: appBarVisible = true
2026-01-06 09:08:02.545 DEBUG testcase.LG-01                           - 2: break
2026-01-06 09:08:02.546 DEBUG testcase.LG-01                           - 48: if (!(appBarVisible))
2026-01-06 09:08:02.548 DEBUG testcase.LG-01                           - 49: if (appBarVisible)
2026-01-06 09:08:02.549 DEBUG testcase.LG-01                           - 1: comment("Login thành công: thấy class 'mat-app-bar'.")
2026-01-06 09:08:02.557 INFO  c.k.k.c.keyword.builtin.CommentKeyword   - Login thành công: thấy class 'mat-app-bar'.
2026-01-06 09:08:02.559 INFO  c.k.katalon.core.main.TestCaseExecutor   - END CALL Test Cases/Login/LG-01
2026-01-06 09:08:02.559 INFO  c.k.katalon.core.main.TestCaseExecutor   - --------------------
2026-01-06 09:08:02.576 DEBUG testcase.OP1.1                           - 2: PAGELOAD_TIMEOUT = 300
2026-01-06 09:08:02.578 DEBUG testcase.OP1.1                           - 3: WAIT_FIELD = 60
2026-01-06 09:08:02.580 DEBUG testcase.OP1.1                           - 4: MAX_RELOAD_ATTEMPTS = 1
2026-01-06 09:08:02.581 DEBUG testcase.OP1.1                           - 5: WAIT_AFTER_CLICK = 90
2026-01-06 09:08:02.583 DEBUG testcase.OP1.1                           - 6: WAIT_TIMEOUT = 120
2026-01-06 09:08:02.585 DEBUG testcase.OP1.1                           - 7: MEDIUM = 15
2026-01-06 09:08:02.586 DEBUG testcase.OP1.1                           - 8: SHORT = 5
2026-01-06 09:08:02.588 DEBUG testcase.OP1.1                           - 9: LONG = 30
2026-01-06 09:08:02.589 DEBUG testcase.OP1.1                           - 10: try
2026-01-06 09:08:02.591 DEBUG testcase.OP1.1                           - 1: screen = getDefaultToolkit().getScreenSize()
2026-01-06 09:08:02.671 DEBUG testcase.OP1.1                           - 2: x = 5
2026-01-06 09:08:02.673 DEBUG testcase.OP1.1                           - 3: y = height - 5
2026-01-06 09:08:02.701 DEBUG testcase.OP1.1                           - 4: robot = new java.awt.Robot()
2026-01-06 09:08:02.711 DEBUG testcase.OP1.1                           - 5: robot.mouseMove(x, y)
2026-01-06 09:08:02.721 DEBUG testcase.OP1.1                           - 6: comment(🖱️ Đã di chuyển trỏ chuột tới góc trái dưới: ($x, $y))
2026-01-06 09:08:02.765 INFO  c.k.k.c.keyword.builtin.CommentKeyword   - 🖱️ Đã di chuyển trỏ chuột tới góc trái dưới: (5, 1075)
2026-01-06 09:08:02.770 DEBUG testcase.OP1.1                           - 7: Thread.sleep(400)
2026-01-06 09:08:03.191 DEBUG testcase.OP1.1                           - 13: driver = getWebDriver()
2026-01-06 09:08:03.194 DEBUG testcase.OP1.1                           - 14: bodyEl = driver.findElement(By.tagName("body"))
2026-01-06 09:08:03.438 DEBUG testcase.OP1.1                           - 15: actions = new org.openqa.selenium.interactions.Actions(driver)
2026-01-06 09:08:03.448 DEBUG testcase.OP1.1                           - 16: targetX = 0
2026-01-06 09:08:03.450 DEBUG testcase.OP1.1                           - 17: targetY = 300
2026-01-06 09:08:03.452 DEBUG testcase.OP1.1                           - 18: moveToElement(bodyEl, targetX, targetY).perform()
2026-01-06 09:08:03.579 DEBUG testcase.OP1.1                           - 19: comment(🖱️ Đã move Actions tới body offset (x=$targetX, y=$targetY).)
2026-01-06 09:08:03.582 INFO  c.k.k.c.keyword.builtin.CommentKeyword   - 🖱️ Đã move Actions tới body offset (x=0, y=300).
2026-01-06 09:08:03.584 DEBUG testcase.OP1.1                           - 20: click().perform()
2026-01-06 09:08:03.596 DEBUG testcase.OP1.1                           - 21: comment(✅ Đã click bằng Actions tại mép trái (x≈0), giữa màn hình (y≈$targetY).)
2026-01-06 09:08:03.599 INFO  c.k.k.c.keyword.builtin.CommentKeyword   - ✅ Đã click bằng Actions tại mép trái (x≈0), giữa màn hình (y≈300).
2026-01-06 09:08:03.601 DEBUG testcase.OP1.1                           - 22: aAccount = new com.kms.katalon.core.testobject.TestObject(a_account)
2026-01-06 09:08:03.604 DEBUG testcase.OP1.1                           - 23: aAccount.addProperty("xpath", EQUALS, "//a[@href='account']")
2026-01-06 09:08:03.606 DEBUG testcase.OP1.1                           - 24: present = waitForElementPresent(aAccount, WAIT_TIMEOUT, OPTIONAL)
2026-01-06 09:08:03.853 DEBUG testcase.OP1.1                           - 25: visible = waitForElementVisible(aAccount, WAIT_TIMEOUT, OPTIONAL)
2026-01-06 09:08:04.090 DEBUG testcase.OP1.1                           - 26: clickable = waitForElementClickable(aAccount, WAIT_TIMEOUT, OPTIONAL)
2026-01-06 09:08:04.354 DEBUG testcase.OP1.1                           - 27: if (!(present && visible))
2026-01-06 09:08:04.356 DEBUG testcase.OP1.1                           - 28: if (clickable)
2026-01-06 09:08:04.357 DEBUG testcase.OP1.1                           - 1: click(aAccount)
2026-01-06 09:08:04.700 DEBUG testcase.OP1.1                           - 2: comment("✅ Đã click vào liên kết account.")
2026-01-06 09:08:04.707 INFO  c.k.k.c.keyword.builtin.CommentKeyword   - ✅ Đã click vào liên kết account.
2026-01-06 09:08:04.709 INFO  c.k.katalon.core.main.TestCaseExecutor   - END Test Cases/OP/OP1.1
2026-01-06 09:08:05.229 INFO  c.k.katalon.core.main.TestSuiteExecutor  - --------------------
2026-01-06 09:08:05.229 INFO  c.k.katalon.core.main.TestSuiteExecutor  - END Test Suites/TS_OP
2026-01-06 09:08:05.229 INFO  c.k.katalon.core.main.TestSuiteExecutor  - ====================
