2026-01-29 15:32:04.535 INFO  c.k.k.c.l.logback.LogbackConfigurator    - Logback default configuration initialized from: C:\Users\Administrator\.katalon\packages\KSE-10.4.2\configuration\org.eclipse.osgi\132\0\.cp\resources\logback\logback-execution.xml
2026-01-29 15:32:04.541 INFO  c.k.k.c.l.logback.LogbackConfigurator    - Logback custom configuration initialized from: C:\Users\Administrator\git\magiq\Include\config\log.properties
2026-01-29 15:32:06.179 INFO  c.k.katalon.core.main.TestSuiteExecutor  - START Test Suites/TS_Interest
2026-01-29 15:32:06.588 INFO  c.k.katalon.core.main.TestSuiteExecutor  - userFullName = Cong Thanh
2026-01-29 15:32:06.590 INFO  c.k.katalon.core.main.TestSuiteExecutor  - projectName = magiq
2026-01-29 15:32:06.591 INFO  c.k.katalon.core.main.TestSuiteExecutor  - hostName = Administrator - WINDOWS-10
2026-01-29 15:32:06.632 INFO  c.k.katalon.core.main.TestSuiteExecutor  - os = Windows 10 64bit
2026-01-29 15:32:06.634 INFO  c.k.katalon.core.main.TestSuiteExecutor  - hostAddress = 192.168.126.20
2026-01-29 15:32:06.635 INFO  c.k.katalon.core.main.TestSuiteExecutor  - katalonVersion = 10.4.2.0
2026-01-29 15:32:08.621 INFO  c.k.katalon.core.main.TestCaseExecutor   - --------------------
2026-01-29 15:32:08.621 INFO  c.k.katalon.core.main.TestCaseExecutor   - START Test Cases/Interests/TC_INT_07
2026-01-29 15:32:08.976 DEBUG testcase.TC_INT_07                       - 1: openBrowser("")
2026-01-29 15:32:09.485 INFO  c.k.k.core.webui.driver.DriverFactory    - Starting 'Chrome' driver
2026-01-29 15:32:09.501 INFO  c.k.k.c.w.util.WebDriverPropertyUtil     - User set preference: ['args', '[--user-data-dir=C:\QA\Profiles\KatalonChrome, --profile-directory=Default]']
2026-01-29 15:32:09.617 INFO  c.k.k.core.webui.driver.DriverFactory    - Action delay is set to 0 milliseconds
1月 29, 2026 3:32:11 午後 org.openqa.selenium.devtools.CdpVersionFinder findNearestMatch
WARNING: Unable to find CDP implementation matching 144
1月 29, 2026 3:32:11 午後 org.openqa.selenium.chromium.ChromiumDriver lambda$new$4
WARNING: Unable to find version of CDP to use for 144.0.7559.98. You may need to include a dependency on a specific version of the CDP using something similar to `org.seleniumhq.selenium:selenium-devtools-v86:4.34.0` where the version ("v86") matches the version of the chromium-based browser you're using and the version number of the artifact is the same as Selenium's.
2026-01-29 15:32:12.255 INFO  c.k.k.core.webui.driver.DriverFactory    - sessionId = 110d2508982cd20b7fc8f73d276c1ce5
2026-01-29 15:32:12.257 INFO  c.k.k.core.webui.driver.DriverFactory    - browser = Chrome 144.0.7559.98
2026-01-29 15:32:12.259 INFO  c.k.k.core.webui.driver.DriverFactory    - platform = Windows 10
2026-01-29 15:32:12.263 INFO  c.k.k.core.webui.driver.DriverFactory    - seleniumVersion = 4.34.0
2026-01-29 15:32:12.295 INFO  c.k.k.core.webui.driver.DriverFactory    - proxyInformation = ProxyInformation { proxyOption=NO_PROXY, proxyServerType=HTTP, username=, password=********, proxyServerAddress=, proxyServerPort=0, executionList="", isApplyToDesiredCapabilities=true }
2026-01-29 15:32:12.402 DEBUG testcase.TC_INT_07                       - 2: navigateToUrl("https://qa.engagement.magiqdev.cloud/organisation")
2026-01-29 15:32:14.239 DEBUG testcase.TC_INT_07                       - 3: waitForElementClickable(findTestObject("Interest/btn_interest"), 120)
2026-01-29 15:32:20.191 DEBUG testcase.TC_INT_07                       - 4: click(findTestObject("Interest/btn_interest"))
2026-01-29 15:32:20.816 DEBUG testcase.TC_INT_07                       - 5: waitForElementClickable(findTestObject("Location/btn_upload"), 120)
2026-01-29 15:32:22.798 DEBUG testcase.TC_INT_07                       - 6: click(findTestObject("Location/btn_upload"))
2026-01-29 15:32:23.183 DEBUG testcase.TC_INT_07                       - 7: filePath = "D:\Upload\interest.txt"
2026-01-29 15:32:23.186 DEBUG testcase.TC_INT_07                       - 8: robot = new java.awt.Robot()
2026-01-29 15:32:23.283 DEBUG testcase.TC_INT_07                       - 9: getSystemClipboard().setContents(new java.awt.datatransfer.StringSelection(filePath), null)
2026-01-29 15:32:23.418 DEBUG testcase.TC_INT_07                       - 10: robot.keyPress(VK_CONTROL)
2026-01-29 15:32:23.486 DEBUG testcase.TC_INT_07                       - 11: robot.keyPress(VK_V)
2026-01-29 15:32:23.497 DEBUG testcase.TC_INT_07                       - 12: robot.keyRelease(VK_V)
2026-01-29 15:32:23.509 DEBUG testcase.TC_INT_07                       - 13: robot.keyRelease(VK_CONTROL)
2026-01-29 15:32:23.516 DEBUG testcase.TC_INT_07                       - 14: robot.keyPress(VK_ENTER)
2026-01-29 15:32:23.526 DEBUG testcase.TC_INT_07                       - 15: robot.keyRelease(VK_ENTER)
2026-01-29 15:32:23.533 DEBUG testcase.TC_INT_07                       - 16: waitForElementClickable(findTestObject("Interest/btn_update"), 30)
1月 29, 2026 3:32:44 午後 org.openqa.selenium.remote.http.WebSocket$Listener onError
WARNING: Connection reset
java.net.SocketException: Connection reset
	at java.base/sun.nio.ch.SocketChannelImpl.throwConnectionReset(SocketChannelImpl.java:394)
	at java.base/sun.nio.ch.SocketChannelImpl.read(SocketChannelImpl.java:426)
	at java.net.http/jdk.internal.net.http.SocketTube.readAvailable(SocketTube.java:1170)
	at java.net.http/jdk.internal.net.http.SocketTube$InternalReadPublisher$InternalReadSubscription.read(SocketTube.java:833)
	at java.net.http/jdk.internal.net.http.SocketTube$SocketFlowTask.run(SocketTube.java:181)
	at java.net.http/jdk.internal.net.http.common.SequentialScheduler$SchedulableTask.run(SequentialScheduler.java:230)
	at java.net.http/jdk.internal.net.http.common.SequentialScheduler.runOrSchedule(SequentialScheduler.java:303)
	at java.net.http/jdk.internal.net.http.common.SequentialScheduler.runOrSchedule(SequentialScheduler.java:256)
	at java.net.http/jdk.internal.net.http.SocketTube$InternalReadPublisher$InternalReadSubscription.signalReadable(SocketTube.java:774)
	at java.net.http/jdk.internal.net.http.SocketTube$InternalReadPublisher$ReadEvent.signalEvent(SocketTube.java:957)
	at java.net.http/jdk.internal.net.http.SocketTube$SocketFlowEvent.handle(SocketTube.java:253)
	at java.net.http/jdk.internal.net.http.HttpClientImpl$SelectorManager.handleEvent(HttpClientImpl.java:984)
	at java.net.http/jdk.internal.net.http.HttpClientImpl$SelectorManager.lambda$run$3(HttpClientImpl.java:939)
	at java.base/java.util.ArrayList.forEach(ArrayList.java:1511)
	at java.net.http/jdk.internal.net.http.HttpClientImpl$SelectorManager.run(HttpClientImpl.java:939)

