2026-01-02 14:55:56.742 INFO  c.k.k.c.l.logback.LogbackConfigurator    - Logback default configuration initialized from: C:\Users\Administrator\.katalon\packages\KSE-10.4.2\configuration\org.eclipse.osgi\132\0\.cp\resources\logback\logback-execution.xml
2026-01-02 14:55:56.748 INFO  c.k.k.c.l.logback.LogbackConfigurator    - Logback custom configuration initialized from: C:\Users\Administrator\git\magiq\Include\config\log.properties
2026-01-02 14:55:57.368 INFO  c.k.katalon.core.main.TestSuiteExecutor  - START Test Suites/TS_Login
2026-01-02 14:55:57.621 INFO  c.k.katalon.core.main.TestSuiteExecutor  - userFullName = Cong Thanh
2026-01-02 14:55:57.623 INFO  c.k.katalon.core.main.TestSuiteExecutor  - projectName = magiq
2026-01-02 14:55:57.627 INFO  c.k.katalon.core.main.TestSuiteExecutor  - hostName = Administrator - WINDOWS-10
2026-01-02 14:55:57.629 INFO  c.k.katalon.core.main.TestSuiteExecutor  - os = Windows 10 64bit
2026-01-02 14:55:57.630 INFO  c.k.katalon.core.main.TestSuiteExecutor  - hostAddress = 192.168.126.20
2026-01-02 14:55:57.631 INFO  c.k.katalon.core.main.TestSuiteExecutor  - katalonVersion = 10.4.2.0
2026-01-02 14:55:59.359 INFO  c.k.katalon.core.main.TestCaseExecutor   - --------------------
2026-01-02 14:55:59.359 INFO  c.k.katalon.core.main.TestCaseExecutor   - START Test Cases/Login/LG-01
2026-01-02 14:55:59.897 DEBUG testcase.LG-01                           - 1: LOCAL_PAGELOAD = 300
2026-01-02 14:55:59.901 DEBUG testcase.LG-01                           - 2: WAIT_ELEMENT_BEFORE_RELOAD = 120
2026-01-02 14:55:59.906 DEBUG testcase.LG-01                           - 3: MAX_RELOAD_ATTEMPTS = 5
2026-01-02 14:55:59.910 DEBUG testcase.LG-01                           - 4: AFTER_LOGIN_WAIT = 120
2026-01-02 14:55:59.915 DEBUG testcase.LG-01                           - 5: SHORT = 5
2026-01-02 14:55:59.919 DEBUG testcase.LG-01                           - 6: MEDIUM = 15
2026-01-02 14:55:59.926 DEBUG testcase.LG-01                           - 7: LONG = 30
2026-01-02 14:55:59.930 DEBUG testcase.LG-01                           - 8: openBrowser("")
2026-01-02 14:56:00.360 INFO  c.k.k.core.webui.driver.DriverFactory    - Starting 'Chrome' driver
2026-01-02 14:56:00.374 INFO  c.k.k.c.w.util.WebDriverPropertyUtil     - User set preference: ['args', '[--user-data-dir=C:\QA\Profiles\KatalonChrome, --profile-directory=Default]']
2026-01-02 14:56:00.477 INFO  c.k.k.core.webui.driver.DriverFactory    - Action delay is set to 0 milliseconds
1月 02, 2026 2:56:02 午後 org.openqa.selenium.devtools.CdpVersionFinder findNearestMatch
WARNING: Unable to find CDP implementation matching 143
1月 02, 2026 2:56:02 午後 org.openqa.selenium.chromium.ChromiumDriver lambda$new$4
WARNING: Unable to find version of CDP to use for 143.0.7499.170. You may need to include a dependency on a specific version of the CDP using something similar to `org.seleniumhq.selenium:selenium-devtools-v86:4.34.0` where the version ("v86") matches the version of the chromium-based browser you're using and the version number of the artifact is the same as Selenium's.
2026-01-02 14:56:05.198 INFO  c.k.k.core.webui.driver.DriverFactory    - sessionId = a2cb41449c0bb77c9e956e40d793e0de
2026-01-02 14:56:05.200 INFO  c.k.k.core.webui.driver.DriverFactory    - browser = Chrome 143.0.7499.170
2026-01-02 14:56:05.203 INFO  c.k.k.core.webui.driver.DriverFactory    - platform = Windows 10
2026-01-02 14:56:05.204 INFO  c.k.k.core.webui.driver.DriverFactory    - seleniumVersion = 4.34.0
2026-01-02 14:56:05.229 INFO  c.k.k.core.webui.driver.DriverFactory    - proxyInformation = ProxyInformation { proxyOption=NO_PROXY, proxyServerType=HTTP, username=, password=********, proxyServerAddress=, proxyServerPort=0, executionList="", isApplyToDesiredCapabilities=true }
2026-01-02 14:56:05.346 DEBUG testcase.LG-01                           - 9: maximizeWindow()
2026-01-02 14:56:05.433 DEBUG testcase.LG-01                           - 10: navigateToUrl("https://qa.engagement.magiqdev.cloud/login")
2026-01-02 14:56:07.696 DEBUG testcase.LG-01                           - 11: waitForPageLoad(LOCAL_PAGELOAD)
2026-01-02 14:56:09.785 DEBUG testcase.LG-01                           - 12: spanAdmin = new com.kms.katalon.core.testobject.TestObject(obj_span_admin_test_1)
2026-01-02 14:56:09.807 DEBUG testcase.LG-01                           - 13: spanAdmin.addProperty("xpath", EQUALS, "//button[.//span[contains(normalize-space(), 'test')]]")
2026-01-02 14:56:09.827 DEBUG testcase.LG-01                           - 14: iExitToApp = new com.kms.katalon.core.testobject.TestObject(obj_i_exit_to_app)
2026-01-02 14:56:09.834 DEBUG testcase.LG-01                           - 15: iExitToApp.addProperty("xpath", EQUALS, "//i[normalize-space(text())='exit_to_app']")
2026-01-02 14:56:09.839 DEBUG testcase.LG-01                           - 16: userNameInput = new com.kms.katalon.core.testobject.TestObject(obj_input_userName)
2026-01-02 14:56:09.841 DEBUG testcase.LG-01                           - 17: userNameInput.addProperty("id", EQUALS, "userName")
2026-01-02 14:56:09.845 DEBUG testcase.LG-01                           - 18: currentUrl = getUrl()
2026-01-02 14:56:09.886 DEBUG testcase.LG-01                           - 19: if (currentUrl == "https://qa.engagement.magiqdev.cloud/news")
2026-01-02 14:56:09.894 DEBUG testcase.LG-01                           - 20: userNameField = new com.kms.katalon.core.testobject.TestObject(userName)
2026-01-02 14:56:09.901 DEBUG testcase.LG-01                           - 21: userNameField.addProperty("id", EQUALS, "userName")
2026-01-02 14:56:09.910 DEBUG testcase.LG-01                           - 22: passwordField = new com.kms.katalon.core.testobject.TestObject(password)
2026-01-02 14:56:09.914 DEBUG testcase.LG-01                           - 23: passwordField.addProperty("xpath", EQUALS, "//input[@type='password' or contains(@aria-label,'password') or contains(@placeholder,'Password')]")
2026-01-02 14:56:09.924 DEBUG testcase.LG-01                           - 24: loginBtn = new com.kms.katalon.core.testobject.TestObject(loginBtn)
2026-01-02 14:56:09.928 DEBUG testcase.LG-01                           - 25: loginBtn.addProperty("css", EQUALS, "button.btn-login")
2026-01-02 14:56:09.934 DEBUG testcase.LG-01                           - 26: loginBtn.addProperty("xpath", EQUALS, "//button[contains(@class,'btn-login') or normalize-space(.)='Login' or .//span[normalize-space(.)='Login']]")
2026-01-02 14:56:09.943 DEBUG testcase.LG-01                           - 27: appBar = new com.kms.katalon.core.testobject.TestObject(appBar)
2026-01-02 14:56:09.948 DEBUG testcase.LG-01                           - 28: appBar.addProperty("css", EQUALS, ".mat-app-bar")
2026-01-02 14:56:09.965 DEBUG testcase.LG-01                           - 29: appBar.addProperty("xpath", EQUALS, "//*[contains(@class,'mat-app-bar')]")
2026-01-02 14:56:09.977 DEBUG testcase.LG-01                           - 30: usernameVisible = false
2026-01-02 14:56:09.984 DEBUG testcase.LG-01                           - 31: attempts = 0
2026-01-02 14:56:09.989 DEBUG testcase.LG-01                           - 32: usernameVisible = waitForElementVisible(userNameField, 3, OPTIONAL)
2026-01-02 14:56:14.367 WARN  k.k.c.w.k.b.WaitForElementVisibleKeyword - Web element with id: 'userName' located by 'By.xpath: //*[@id = 'userName']' not found
2026-01-02 14:56:14.380 DEBUG testcase.LG-01                           - 33: if (!(usernameVisible))
2026-01-02 14:56:14.433 DEBUG testcase.LG-01                           - 1: okBtn = new com.kms.katalon.core.testobject.TestObject(ok_button_in_modal)
2026-01-02 14:56:14.449 DEBUG testcase.LG-01                           - 2: okBtn.addProperty("xpath", EQUALS, "//footer[contains(@class,'mdc-dialog__actions')]" + "//button[@aria-label='Ok' and .//span[@class='mdc-button__label' and normalize-space()='Ok']]")
2026-01-02 14:56:14.478 DEBUG testcase.LG-01                           - 3: waitForElementClickable(okBtn, 5)
2026-01-02 14:56:20.031 WARN  k.c.w.k.b.WaitForElementClickableKeyword - Web element with id: 'ok_button_in_modal' located by 'By.xpath: //footer[contains(@class,'mdc-dialog__actions')]//button[@aria-label='Ok' and .//span[@class='mdc-button__label' and normalize-space()='Ok']]' not found
2026-01-02 14:56:20.036 DEBUG testcase.LG-01                           - 4: enhancedClick(okBtn)
2026-01-02 14:56:30.441 ERROR c.k.k.core.keyword.internal.KeywordMain  - ❌ Unable to click on object 'ok_button_in_modal' (Root cause: com.kms.katalon.core.exception.StepFailedException: Unable to click on object 'ok_button_in_modal'
	at com.kms.katalon.core.webui.keyword.internal.WebUIKeywordMain.stepFailed(WebUIKeywordMain.groovy:177)
	at com.kms.katalon.core.webui.keyword.internal.WebUIKeywordMain.runKeyword(WebUIKeywordMain.groovy:49)
	at com.kms.katalon.core.webui.keyword.internal.WebUIKeywordMain.runKeywordUntilTimeout(WebUIKeywordMain.groovy:133)
	at com.kms.katalon.core.webui.keyword.builtin.EnhancedClickKeyword.click(EnhancedClickKeyword.groovy:95)
	at com.kms.katalon.core.webui.keyword.builtin.EnhancedClickKeyword.execute(EnhancedClickKeyword.groovy:41)
	at com.kms.katalon.core.keyword.internal.KeywordExecutor.executeKeywordForPlatform(KeywordExecutor.groovy:90)
	at com.kms.katalon.core.webui.keyword.WebUiBuiltInKeywords.enhancedClick(WebUiBuiltInKeywords.groovy:747)
	at LG-01.run(LG-01:133)
	at com.kms.katalon.core.main.ScriptEngine.run(ScriptEngine.java:194)
	at com.kms.katalon.core.main.ScriptEngine.runScriptAsRawText(ScriptEngine.java:119)
	at com.kms.katalon.core.main.TestCaseExecutor.runScript(TestCaseExecutor.java:490)
	at com.kms.katalon.core.main.TestCaseExecutor.doExecute(TestCaseExecutor.java:481)
	at com.kms.katalon.core.main.TestCaseExecutor.processExecutionPhase(TestCaseExecutor.java:460)
	at com.kms.katalon.core.main.TestCaseExecutor.accessMainPhase(TestCaseExecutor.java:452)
	at com.kms.katalon.core.main.TestCaseExecutor.execute(TestCaseExecutor.java:322)
	at com.kms.katalon.core.common.CommonExecutor.accessTestCaseMainPhase(CommonExecutor.java:71)
	at com.kms.katalon.core.main.TestSuiteExecutor.accessTestSuiteMainPhase(TestSuiteExecutor.java:153)
	at com.kms.katalon.core.main.TestSuiteExecutor.execute(TestSuiteExecutor.java:110)
	at com.kms.katalon.core.main.TestCaseMain.startTestSuite(TestCaseMain.java:205)
	at TempTestSuite1767340544854.run(TempTestSuite1767340544854.groovy:35)
	at java.base/jdk.internal.reflect.NativeMethodAccessorImpl.invoke0(Native Method)
	at java.base/jdk.internal.reflect.NativeMethodAccessorImpl.invoke(NativeMethodAccessorImpl.java:77)
	at java.base/jdk.internal.reflect.DelegatingMethodAccessorImpl.invoke(DelegatingMethodAccessorImpl.java:43)
Caused by: com.kms.katalon.core.webui.exception.WebElementNotFoundException: Web element with id: 'ok_button_in_modal' located by 'By.xpath: //footer[contains(@class,'mdc-dialog__actions')]//button[@aria-label='Ok' and .//span[@class='mdc-button__label' and normalize-space()='Ok']]' not found
	at com.kms.katalon.core.webui.model.WebUiElementFinder.findElementByNormalMethods(WebUiElementFinder.java:193)
	at com.kms.katalon.core.webui.model.WebUiElementFinder.findElementsBySelectedMethod(WebUiElementFinder.java:86)
	at com.kms.katalon.core.webui.model.WebUiElementFinder.findElementsBySelectedMethod(WebUiElementFinder.java:74)
	at com.kms.katalon.core.webui.model.WebUiElementFinder.findElementsBySelectedMethod(WebUiElementFinder.java:69)
	at com.kms.katalon.core.webui.model.WebUiElementFinder.findElement(WebUiElementFinder.java:43)
	at com.kms.katalon.core.webui.model.WebUiElementFinderWithTimeout.basicFindElement(WebUiElementFinderWithTimeout.java:50)
	at com.kms.katalon.core.webui.model.WebUiElementFinderWithTimeout.lambda$0(WebUiElementFinderWithTimeout.java:29)
	at com.kms.katalon.core.webui.model.SeleniumActionRetryController.performAction(SeleniumActionRetryController.java:96)
	at com.kms.katalon.core.webui.model.SeleniumActionRetryController.performAction(SeleniumActionRetryController.java:83)
	at com.kms.katalon.core.webui.model.WebUiElementFinderWithTimeout.findElement(WebUiElementFinderWithTimeout.java:28)
	at com.kms.katalon.core.webui.keyword.internal.WebUIAbstractKeyword.findWebElement(WebUIAbstractKeyword.groovy:96)
	at com.kms.katalon.core.webui.keyword.builtin.EnhancedClickKeyword$_click_closure1.doCall(EnhancedClickKeyword.groovy:69)
	at java.base/jdk.internal.reflect.NativeMethodAccessorImpl.invoke0(Native Method)
	at java.base/jdk.internal.reflect.NativeMethodAccessorImpl.invoke(NativeMethodAccessorImpl.java:77)
	at java.base/jdk.internal.reflect.DelegatingMethodAccessorImpl.invoke(DelegatingMethodAccessorImpl.java:43)
	at jdk.proxy2/jdk.proxy2.$Proxy50.execute(Unknown Source)
	at com.kms.katalon.core.webui.model.SeleniumActionRetryController.performAction(SeleniumActionRetryController.java:96)
	at com.kms.katalon.core.webui.model.SeleniumActionRetryController.performAction(SeleniumActionRetryController.java:83)
	at com.kms.katalon.core.webui.keyword.internal.WebUIKeywordMain$_runKeywordUntilTimeout_closure1.doCall(WebUIKeywordMain.groovy:135)
	at com.kms.katalon.core.webui.keyword.internal.WebUIKeywordMain$_runKeywordUntilTimeout_closure1.call(WebUIKeywordMain.groovy)
	at com.kms.katalon.core.webui.keyword.internal.WebUIKeywordMain.runKeyword(WebUIKeywordMain.groovy:41)
	at com.kms.katalon.core.webui.keyword.internal.WebUIKeywordMain.runKeywordUntilTimeout(WebUIKeywordMain.groovy:133)
	at com.kms.katalon.core.webui.keyword.builtin.EnhancedClickKeyword.click(EnhancedClickKeyword.groovy:95)
	at com.kms.katalon.core.webui.keyword.builtin.EnhancedClickKeyword.execute(EnhancedClickKeyword.groovy:41)
	at com.kms.katalon.core.keyword.internal.KeywordExecutor.executeKeywordForPlatform(KeywordExecutor.groovy:90)
	at com.kms.katalon.core.webui.keyword.WebUiBuiltInKeywords.enhancedClick(WebUiBuiltInKeywords.groovy:747)
	at Script1767340478096.run(Script1767340478096.groovy:133)
	... 15 more
)
2026-01-02 14:56:30.446 ERROR c.k.katalon.core.main.TestCaseExecutor   - ❌ Test Cases/Login/LG-01 FAILED.
Reason:
com.kms.katalon.core.exception.StepFailedException: Unable to click on object 'ok_button_in_modal'
	at com.kms.katalon.core.webui.keyword.internal.WebUIKeywordMain.stepFailed(WebUIKeywordMain.groovy:177)
	at com.kms.katalon.core.webui.keyword.internal.WebUIKeywordMain.runKeyword(WebUIKeywordMain.groovy:49)
	at com.kms.katalon.core.webui.keyword.internal.WebUIKeywordMain.runKeywordUntilTimeout(WebUIKeywordMain.groovy:133)
	at com.kms.katalon.core.webui.keyword.builtin.EnhancedClickKeyword.click(EnhancedClickKeyword.groovy:95)
	at com.kms.katalon.core.webui.keyword.builtin.EnhancedClickKeyword.execute(EnhancedClickKeyword.groovy:41)
	at com.kms.katalon.core.keyword.internal.KeywordExecutor.executeKeywordForPlatform(KeywordExecutor.groovy:90)
	at com.kms.katalon.core.webui.keyword.WebUiBuiltInKeywords.enhancedClick(WebUiBuiltInKeywords.groovy:747)
	at LG-01.run(LG-01:133)
	at com.kms.katalon.core.main.ScriptEngine.run(ScriptEngine.java:194)
	at com.kms.katalon.core.main.ScriptEngine.runScriptAsRawText(ScriptEngine.java:119)
	at com.kms.katalon.core.main.TestCaseExecutor.runScript(TestCaseExecutor.java:490)
	at com.kms.katalon.core.main.TestCaseExecutor.doExecute(TestCaseExecutor.java:481)
	at com.kms.katalon.core.main.TestCaseExecutor.processExecutionPhase(TestCaseExecutor.java:460)
	at com.kms.katalon.core.main.TestCaseExecutor.accessMainPhase(TestCaseExecutor.java:452)
	at com.kms.katalon.core.main.TestCaseExecutor.execute(TestCaseExecutor.java:322)
	at com.kms.katalon.core.common.CommonExecutor.accessTestCaseMainPhase(CommonExecutor.java:71)
	at com.kms.katalon.core.main.TestSuiteExecutor.accessTestSuiteMainPhase(TestSuiteExecutor.java:153)
	at com.kms.katalon.core.main.TestSuiteExecutor.execute(TestSuiteExecutor.java:110)
	at com.kms.katalon.core.main.TestCaseMain.startTestSuite(TestCaseMain.java:205)
	at TempTestSuite1767340544854.run(TempTestSuite1767340544854.groovy:35)
	at java.base/jdk.internal.reflect.NativeMethodAccessorImpl.invoke0(Native Method)
	at java.base/jdk.internal.reflect.NativeMethodAccessorImpl.invoke(NativeMethodAccessorImpl.java:77)
	at java.base/jdk.internal.reflect.DelegatingMethodAccessorImpl.invoke(DelegatingMethodAccessorImpl.java:43)
Caused by: com.kms.katalon.core.webui.exception.WebElementNotFoundException: Web element with id: 'ok_button_in_modal' located by 'By.xpath: //footer[contains(@class,'mdc-dialog__actions')]//button[@aria-label='Ok' and .//span[@class='mdc-button__label' and normalize-space()='Ok']]' not found
	at com.kms.katalon.core.webui.model.WebUiElementFinder.findElementByNormalMethods(WebUiElementFinder.java:193)
	at com.kms.katalon.core.webui.model.WebUiElementFinder.findElementsBySelectedMethod(WebUiElementFinder.java:86)
	at com.kms.katalon.core.webui.model.WebUiElementFinder.findElementsBySelectedMethod(WebUiElementFinder.java:74)
	at com.kms.katalon.core.webui.model.WebUiElementFinder.findElementsBySelectedMethod(WebUiElementFinder.java:69)
	at com.kms.katalon.core.webui.model.WebUiElementFinder.findElement(WebUiElementFinder.java:43)
	at com.kms.katalon.core.webui.model.WebUiElementFinderWithTimeout.basicFindElement(WebUiElementFinderWithTimeout.java:50)
	at com.kms.katalon.core.webui.model.WebUiElementFinderWithTimeout.lambda$0(WebUiElementFinderWithTimeout.java:29)
	at com.kms.katalon.core.webui.model.SeleniumActionRetryController.performAction(SeleniumActionRetryController.java:96)
	at com.kms.katalon.core.webui.model.SeleniumActionRetryController.performAction(SeleniumActionRetryController.java:83)
	at com.kms.katalon.core.webui.model.WebUiElementFinderWithTimeout.findElement(WebUiElementFinderWithTimeout.java:28)
	at com.kms.katalon.core.webui.keyword.internal.WebUIAbstractKeyword.findWebElement(WebUIAbstractKeyword.groovy:96)
	at com.kms.katalon.core.webui.keyword.builtin.EnhancedClickKeyword$_click_closure1.doCall(EnhancedClickKeyword.groovy:69)
	at java.base/jdk.internal.reflect.NativeMethodAccessorImpl.invoke0(Native Method)
	at java.base/jdk.internal.reflect.NativeMethodAccessorImpl.invoke(NativeMethodAccessorImpl.java:77)
	at java.base/jdk.internal.reflect.DelegatingMethodAccessorImpl.invoke(DelegatingMethodAccessorImpl.java:43)
	at jdk.proxy2/jdk.proxy2.$Proxy50.execute(Unknown Source)
	at com.kms.katalon.core.webui.model.SeleniumActionRetryController.performAction(SeleniumActionRetryController.java:96)
	at com.kms.katalon.core.webui.model.SeleniumActionRetryController.performAction(SeleniumActionRetryController.java:83)
	at com.kms.katalon.core.webui.keyword.internal.WebUIKeywordMain$_runKeywordUntilTimeout_closure1.doCall(WebUIKeywordMain.groovy:135)
	at com.kms.katalon.core.webui.keyword.internal.WebUIKeywordMain$_runKeywordUntilTimeout_closure1.call(WebUIKeywordMain.groovy)
	at com.kms.katalon.core.webui.keyword.internal.WebUIKeywordMain.runKeyword(WebUIKeywordMain.groovy:41)
	... 21 more

2026-01-02 14:56:30.452 INFO  c.k.katalon.core.main.TestCaseExecutor   - END Test Cases/Login/LG-01
2026-01-02 14:56:30.461 INFO  c.k.katalon.core.main.TestCaseExecutor   - --------------------
2026-01-02 14:56:30.462 INFO  c.k.katalon.core.main.TestCaseExecutor   - START Test Cases/Login/LG-01
2026-01-02 14:56:30.653 DEBUG testcase.LG-01                           - 1: LOCAL_PAGELOAD = 300
2026-01-02 14:56:30.655 DEBUG testcase.LG-01                           - 2: WAIT_ELEMENT_BEFORE_RELOAD = 120
2026-01-02 14:56:30.659 DEBUG testcase.LG-01                           - 3: MAX_RELOAD_ATTEMPTS = 5
2026-01-02 14:56:30.663 DEBUG testcase.LG-01                           - 4: AFTER_LOGIN_WAIT = 120
2026-01-02 14:56:30.665 DEBUG testcase.LG-01                           - 5: SHORT = 5
2026-01-02 14:56:30.666 DEBUG testcase.LG-01                           - 6: MEDIUM = 15
2026-01-02 14:56:30.668 DEBUG testcase.LG-01                           - 7: LONG = 30
2026-01-02 14:56:30.669 DEBUG testcase.LG-01                           - 8: openBrowser("")
2026-01-02 14:56:30.682 WARN  c.k.k.core.webui.driver.DriverFactory    - A browser is already opened. Closing browser and opening a new one
2026-01-02 14:56:31.389 INFO  c.k.k.core.webui.driver.DriverFactory    - Starting 'Chrome' driver
2026-01-02 14:56:31.390 INFO  c.k.k.c.w.util.WebDriverPropertyUtil     - User set preference: ['args', '[--user-data-dir=C:\QA\Profiles\KatalonChrome, --profile-directory=Default]']
2026-01-02 14:56:31.392 INFO  c.k.k.core.webui.driver.DriverFactory    - Action delay is set to 0 milliseconds
1月 02, 2026 2:56:33 午後 org.openqa.selenium.devtools.CdpVersionFinder findNearestMatch
WARNING: Unable to find CDP implementation matching 143
1月 02, 2026 2:56:33 午後 org.openqa.selenium.chromium.ChromiumDriver lambda$new$4
WARNING: Unable to find version of CDP to use for 143.0.7499.170. You may need to include a dependency on a specific version of the CDP using something similar to `org.seleniumhq.selenium:selenium-devtools-v86:4.34.0` where the version ("v86") matches the version of the chromium-based browser you're using and the version number of the artifact is the same as Selenium's.
2026-01-02 14:56:34.215 INFO  c.k.k.core.webui.driver.DriverFactory    - sessionId = 7d9e653ed661ca9124114d45882f27b7
2026-01-02 14:56:34.224 INFO  c.k.k.core.webui.driver.DriverFactory    - browser = Chrome 143.0.7499.170
2026-01-02 14:56:34.225 INFO  c.k.k.core.webui.driver.DriverFactory    - platform = Windows 10
2026-01-02 14:56:34.228 INFO  c.k.k.core.webui.driver.DriverFactory    - seleniumVersion = 4.34.0
2026-01-02 14:56:34.234 INFO  c.k.k.core.webui.driver.DriverFactory    - proxyInformation = ProxyInformation { proxyOption=NO_PROXY, proxyServerType=HTTP, username=, password=********, proxyServerAddress=, proxyServerPort=0, executionList="", isApplyToDesiredCapabilities=true }
2026-01-02 14:56:34.393 DEBUG testcase.LG-01                           - 9: maximizeWindow()
2026-01-02 14:56:34.476 DEBUG testcase.LG-01                           - 10: navigateToUrl("https://qa.engagement.magiqdev.cloud/login")
2026-01-02 14:56:36.639 DEBUG testcase.LG-01                           - 11: waitForPageLoad(LOCAL_PAGELOAD)
2026-01-02 14:56:36.726 DEBUG testcase.LG-01                           - 12: spanAdmin = new com.kms.katalon.core.testobject.TestObject(obj_span_admin_test_1)
2026-01-02 14:56:36.728 DEBUG testcase.LG-01                           - 13: spanAdmin.addProperty("xpath", EQUALS, "//button[.//span[contains(normalize-space(), 'test')]]")
2026-01-02 14:56:36.730 DEBUG testcase.LG-01                           - 14: iExitToApp = new com.kms.katalon.core.testobject.TestObject(obj_i_exit_to_app)
2026-01-02 14:56:36.731 DEBUG testcase.LG-01                           - 15: iExitToApp.addProperty("xpath", EQUALS, "//i[normalize-space(text())='exit_to_app']")
2026-01-02 14:56:36.741 DEBUG testcase.LG-01                           - 16: userNameInput = new com.kms.katalon.core.testobject.TestObject(obj_input_userName)
2026-01-02 14:56:36.744 DEBUG testcase.LG-01                           - 17: userNameInput.addProperty("id", EQUALS, "userName")
2026-01-02 14:56:36.745 DEBUG testcase.LG-01                           - 18: currentUrl = getUrl()
2026-01-02 14:56:36.860 DEBUG testcase.LG-01                           - 19: if (currentUrl == "https://qa.engagement.magiqdev.cloud/news")
2026-01-02 14:56:36.862 DEBUG testcase.LG-01                           - 20: userNameField = new com.kms.katalon.core.testobject.TestObject(userName)
2026-01-02 14:56:36.863 DEBUG testcase.LG-01                           - 21: userNameField.addProperty("id", EQUALS, "userName")
2026-01-02 14:56:36.864 DEBUG testcase.LG-01                           - 22: passwordField = new com.kms.katalon.core.testobject.TestObject(password)
2026-01-02 14:56:36.865 DEBUG testcase.LG-01                           - 23: passwordField.addProperty("xpath", EQUALS, "//input[@type='password' or contains(@aria-label,'password') or contains(@placeholder,'Password')]")
2026-01-02 14:56:36.867 DEBUG testcase.LG-01                           - 24: loginBtn = new com.kms.katalon.core.testobject.TestObject(loginBtn)
2026-01-02 14:56:36.868 DEBUG testcase.LG-01                           - 25: loginBtn.addProperty("css", EQUALS, "button.btn-login")
2026-01-02 14:56:36.870 DEBUG testcase.LG-01                           - 26: loginBtn.addProperty("xpath", EQUALS, "//button[contains(@class,'btn-login') or normalize-space(.)='Login' or .//span[normalize-space(.)='Login']]")
2026-01-02 14:56:36.877 DEBUG testcase.LG-01                           - 27: appBar = new com.kms.katalon.core.testobject.TestObject(appBar)
2026-01-02 14:56:36.880 DEBUG testcase.LG-01                           - 28: appBar.addProperty("css", EQUALS, ".mat-app-bar")
2026-01-02 14:56:36.881 DEBUG testcase.LG-01                           - 29: appBar.addProperty("xpath", EQUALS, "//*[contains(@class,'mat-app-bar')]")
2026-01-02 14:56:36.883 DEBUG testcase.LG-01                           - 30: usernameVisible = false
2026-01-02 14:56:36.885 DEBUG testcase.LG-01                           - 31: attempts = 0
2026-01-02 14:56:36.887 DEBUG testcase.LG-01                           - 32: usernameVisible = waitForElementVisible(userNameField, 3, OPTIONAL)
2026-01-02 14:56:41.163 WARN  k.k.c.w.k.b.WaitForElementVisibleKeyword - Web element with id: 'userName' located by 'By.xpath: //*[@id = 'userName']' not found
2026-01-02 14:56:41.164 DEBUG testcase.LG-01                           - 33: if (!(usernameVisible))
2026-01-02 14:56:41.165 DEBUG testcase.LG-01                           - 1: okBtn = new com.kms.katalon.core.testobject.TestObject(ok_button_in_modal)
2026-01-02 14:56:41.166 DEBUG testcase.LG-01                           - 2: okBtn.addProperty("xpath", EQUALS, "//footer[contains(@class,'mdc-dialog__actions')]" + "//button[@aria-label='Ok' and .//span[@class='mdc-button__label' and normalize-space()='Ok']]")
2026-01-02 14:56:41.167 DEBUG testcase.LG-01                           - 3: waitForElementClickable(okBtn, 5)
2026-01-02 14:56:46.468 WARN  k.c.w.k.b.WaitForElementClickableKeyword - Web element with id: 'ok_button_in_modal' located by 'By.xpath: //footer[contains(@class,'mdc-dialog__actions')]//button[@aria-label='Ok' and .//span[@class='mdc-button__label' and normalize-space()='Ok']]' not found
2026-01-02 14:56:46.469 DEBUG testcase.LG-01                           - 4: enhancedClick(okBtn)
2026-01-02 14:56:56.847 ERROR c.k.k.core.keyword.internal.KeywordMain  - ❌ Unable to click on object 'ok_button_in_modal' (Root cause: com.kms.katalon.core.exception.StepFailedException: Unable to click on object 'ok_button_in_modal'
	at com.kms.katalon.core.webui.keyword.internal.WebUIKeywordMain.stepFailed(WebUIKeywordMain.groovy:177)
	at com.kms.katalon.core.webui.keyword.internal.WebUIKeywordMain.runKeyword(WebUIKeywordMain.groovy:49)
	at com.kms.katalon.core.webui.keyword.internal.WebUIKeywordMain.runKeywordUntilTimeout(WebUIKeywordMain.groovy:133)
	at com.kms.katalon.core.webui.keyword.builtin.EnhancedClickKeyword.click(EnhancedClickKeyword.groovy:95)
	at com.kms.katalon.core.webui.keyword.builtin.EnhancedClickKeyword.execute(EnhancedClickKeyword.groovy:41)
	at com.kms.katalon.core.keyword.internal.KeywordExecutor.executeKeywordForPlatform(KeywordExecutor.groovy:90)
	at com.kms.katalon.core.webui.keyword.WebUiBuiltInKeywords.enhancedClick(WebUiBuiltInKeywords.groovy:747)
	at LG-01.run(LG-01:133)
	at com.kms.katalon.core.main.ScriptEngine.run(ScriptEngine.java:194)
	at com.kms.katalon.core.main.ScriptEngine.runScriptAsRawText(ScriptEngine.java:119)
	at com.kms.katalon.core.main.TestCaseExecutor.runScript(TestCaseExecutor.java:490)
	at com.kms.katalon.core.main.TestCaseExecutor.doExecute(TestCaseExecutor.java:481)
	at com.kms.katalon.core.main.TestCaseExecutor.processExecutionPhase(TestCaseExecutor.java:460)
	at com.kms.katalon.core.main.TestCaseExecutor.accessMainPhase(TestCaseExecutor.java:452)
	at com.kms.katalon.core.main.TestCaseExecutor.execute(TestCaseExecutor.java:322)
	at com.kms.katalon.core.main.TestCaseExecutor.execute(TestCaseExecutor.java:410)
	at com.kms.katalon.core.common.CommonExecutor.accessTestCaseMainPhase(CommonExecutor.java:71)
	at com.kms.katalon.core.main.TestSuiteExecutor.accessTestSuiteMainPhase(TestSuiteExecutor.java:153)
	at com.kms.katalon.core.main.TestSuiteExecutor.execute(TestSuiteExecutor.java:110)
	at com.kms.katalon.core.main.TestCaseMain.startTestSuite(TestCaseMain.java:205)
	at TempTestSuite1767340544854.run(TempTestSuite1767340544854.groovy:35)
	at java.base/jdk.internal.reflect.NativeMethodAccessorImpl.invoke0(Native Method)
	at java.base/jdk.internal.reflect.NativeMethodAccessorImpl.invoke(NativeMethodAccessorImpl.java:77)
	at java.base/jdk.internal.reflect.DelegatingMethodAccessorImpl.invoke(DelegatingMethodAccessorImpl.java:43)
Caused by: com.kms.katalon.core.webui.exception.WebElementNotFoundException: Web element with id: 'ok_button_in_modal' located by 'By.xpath: //footer[contains(@class,'mdc-dialog__actions')]//button[@aria-label='Ok' and .//span[@class='mdc-button__label' and normalize-space()='Ok']]' not found
	at com.kms.katalon.core.webui.model.WebUiElementFinder.findElementByNormalMethods(WebUiElementFinder.java:193)
	at com.kms.katalon.core.webui.model.WebUiElementFinder.findElementsBySelectedMethod(WebUiElementFinder.java:86)
	at com.kms.katalon.core.webui.model.WebUiElementFinder.findElementsBySelectedMethod(WebUiElementFinder.java:74)
	at com.kms.katalon.core.webui.model.WebUiElementFinder.findElementsBySelectedMethod(WebUiElementFinder.java:69)
	at com.kms.katalon.core.webui.model.WebUiElementFinder.findElement(WebUiElementFinder.java:43)
	at com.kms.katalon.core.webui.model.WebUiElementFinderWithTimeout.basicFindElement(WebUiElementFinderWithTimeout.java:50)
	at com.kms.katalon.core.webui.model.WebUiElementFinderWithTimeout.lambda$0(WebUiElementFinderWithTimeout.java:29)
	at com.kms.katalon.core.webui.model.SeleniumActionRetryController.performAction(SeleniumActionRetryController.java:96)
	at com.kms.katalon.core.webui.model.SeleniumActionRetryController.performAction(SeleniumActionRetryController.java:83)
	at com.kms.katalon.core.webui.model.WebUiElementFinderWithTimeout.findElement(WebUiElementFinderWithTimeout.java:28)
	at com.kms.katalon.core.webui.keyword.internal.WebUIAbstractKeyword.findWebElement(WebUIAbstractKeyword.groovy:96)
	at com.kms.katalon.core.webui.keyword.builtin.EnhancedClickKeyword$_click_closure1.doCall(EnhancedClickKeyword.groovy:69)
	at java.base/jdk.internal.reflect.NativeMethodAccessorImpl.invoke0(Native Method)
	at java.base/jdk.internal.reflect.NativeMethodAccessorImpl.invoke(NativeMethodAccessorImpl.java:77)
	at java.base/jdk.internal.reflect.DelegatingMethodAccessorImpl.invoke(DelegatingMethodAccessorImpl.java:43)
	at jdk.proxy2/jdk.proxy2.$Proxy50.execute(Unknown Source)
	at com.kms.katalon.core.webui.model.SeleniumActionRetryController.performAction(SeleniumActionRetryController.java:96)
	at com.kms.katalon.core.webui.model.SeleniumActionRetryController.performAction(SeleniumActionRetryController.java:83)
	at com.kms.katalon.core.webui.keyword.internal.WebUIKeywordMain$_runKeywordUntilTimeout_closure1.doCall(WebUIKeywordMain.groovy:135)
	at com.kms.katalon.core.webui.keyword.internal.WebUIKeywordMain$_runKeywordUntilTimeout_closure1.call(WebUIKeywordMain.groovy)
	at com.kms.katalon.core.webui.keyword.internal.WebUIKeywordMain.runKeyword(WebUIKeywordMain.groovy:41)
	at com.kms.katalon.core.webui.keyword.internal.WebUIKeywordMain.runKeywordUntilTimeout(WebUIKeywordMain.groovy:133)
	at com.kms.katalon.core.webui.keyword.builtin.EnhancedClickKeyword.click(EnhancedClickKeyword.groovy:95)
	at com.kms.katalon.core.webui.keyword.builtin.EnhancedClickKeyword.execute(EnhancedClickKeyword.groovy:41)
	at com.kms.katalon.core.keyword.internal.KeywordExecutor.executeKeywordForPlatform(KeywordExecutor.groovy:90)
	at com.kms.katalon.core.webui.keyword.WebUiBuiltInKeywords.enhancedClick(WebUiBuiltInKeywords.groovy:747)
	at Script1767340478096.run(Script1767340478096.groovy:133)
	... 16 more
)
2026-01-02 14:56:56.849 ERROR c.k.katalon.core.main.TestCaseExecutor   - ❌ Test Cases/Login/LG-01 FAILED.
Reason:
com.kms.katalon.core.exception.StepFailedException: Unable to click on object 'ok_button_in_modal'
	at com.kms.katalon.core.webui.keyword.internal.WebUIKeywordMain.stepFailed(WebUIKeywordMain.groovy:177)
	at com.kms.katalon.core.webui.keyword.internal.WebUIKeywordMain.runKeyword(WebUIKeywordMain.groovy:49)
	at com.kms.katalon.core.webui.keyword.internal.WebUIKeywordMain.runKeywordUntilTimeout(WebUIKeywordMain.groovy:133)
	at com.kms.katalon.core.webui.keyword.builtin.EnhancedClickKeyword.click(EnhancedClickKeyword.groovy:95)
	at com.kms.katalon.core.webui.keyword.builtin.EnhancedClickKeyword.execute(EnhancedClickKeyword.groovy:41)
	at com.kms.katalon.core.keyword.internal.KeywordExecutor.executeKeywordForPlatform(KeywordExecutor.groovy:90)
	at com.kms.katalon.core.webui.keyword.WebUiBuiltInKeywords.enhancedClick(WebUiBuiltInKeywords.groovy:747)
	at LG-01.run(LG-01:133)
	at com.kms.katalon.core.main.ScriptEngine.run(ScriptEngine.java:194)
	at com.kms.katalon.core.main.ScriptEngine.runScriptAsRawText(ScriptEngine.java:119)
	at com.kms.katalon.core.main.TestCaseExecutor.runScript(TestCaseExecutor.java:490)
	at com.kms.katalon.core.main.TestCaseExecutor.doExecute(TestCaseExecutor.java:481)
	at com.kms.katalon.core.main.TestCaseExecutor.processExecutionPhase(TestCaseExecutor.java:460)
	at com.kms.katalon.core.main.TestCaseExecutor.accessMainPhase(TestCaseExecutor.java:452)
	at com.kms.katalon.core.main.TestCaseExecutor.execute(TestCaseExecutor.java:322)
	at com.kms.katalon.core.main.TestCaseExecutor.execute(TestCaseExecutor.java:410)
	at com.kms.katalon.core.common.CommonExecutor.accessTestCaseMainPhase(CommonExecutor.java:71)
	at com.kms.katalon.core.main.TestSuiteExecutor.accessTestSuiteMainPhase(TestSuiteExecutor.java:153)
	at com.kms.katalon.core.main.TestSuiteExecutor.execute(TestSuiteExecutor.java:110)
	at com.kms.katalon.core.main.TestCaseMain.startTestSuite(TestCaseMain.java:205)
	at TempTestSuite1767340544854.run(TempTestSuite1767340544854.groovy:35)
	at java.base/jdk.internal.reflect.NativeMethodAccessorImpl.invoke0(Native Method)
	at java.base/jdk.internal.reflect.NativeMethodAccessorImpl.invoke(NativeMethodAccessorImpl.java:77)
	at java.base/jdk.internal.reflect.DelegatingMethodAccessorImpl.invoke(DelegatingMethodAccessorImpl.java:43)
Caused by: com.kms.katalon.core.webui.exception.WebElementNotFoundException: Web element with id: 'ok_button_in_modal' located by 'By.xpath: //footer[contains(@class,'mdc-dialog__actions')]//button[@aria-label='Ok' and .//span[@class='mdc-button__label' and normalize-space()='Ok']]' not found
	at com.kms.katalon.core.webui.model.WebUiElementFinder.findElementByNormalMethods(WebUiElementFinder.java:193)
	at com.kms.katalon.core.webui.model.WebUiElementFinder.findElementsBySelectedMethod(WebUiElementFinder.java:86)
	at com.kms.katalon.core.webui.model.WebUiElementFinder.findElementsBySelectedMethod(WebUiElementFinder.java:74)
	at com.kms.katalon.core.webui.model.WebUiElementFinder.findElementsBySelectedMethod(WebUiElementFinder.java:69)
	at com.kms.katalon.core.webui.model.WebUiElementFinder.findElement(WebUiElementFinder.java:43)
	at com.kms.katalon.core.webui.model.WebUiElementFinderWithTimeout.basicFindElement(WebUiElementFinderWithTimeout.java:50)
	at com.kms.katalon.core.webui.model.WebUiElementFinderWithTimeout.lambda$0(WebUiElementFinderWithTimeout.java:29)
	at com.kms.katalon.core.webui.model.SeleniumActionRetryController.performAction(SeleniumActionRetryController.java:96)
	at com.kms.katalon.core.webui.model.SeleniumActionRetryController.performAction(SeleniumActionRetryController.java:83)
	at com.kms.katalon.core.webui.model.WebUiElementFinderWithTimeout.findElement(WebUiElementFinderWithTimeout.java:28)
	at com.kms.katalon.core.webui.keyword.internal.WebUIAbstractKeyword.findWebElement(WebUIAbstractKeyword.groovy:96)
	at com.kms.katalon.core.webui.keyword.builtin.EnhancedClickKeyword$_click_closure1.doCall(EnhancedClickKeyword.groovy:69)
	at java.base/jdk.internal.reflect.NativeMethodAccessorImpl.invoke0(Native Method)
	at java.base/jdk.internal.reflect.NativeMethodAccessorImpl.invoke(NativeMethodAccessorImpl.java:77)
	at java.base/jdk.internal.reflect.DelegatingMethodAccessorImpl.invoke(DelegatingMethodAccessorImpl.java:43)
	at jdk.proxy2/jdk.proxy2.$Proxy50.execute(Unknown Source)
	at com.kms.katalon.core.webui.model.SeleniumActionRetryController.performAction(SeleniumActionRetryController.java:96)
	at com.kms.katalon.core.webui.model.SeleniumActionRetryController.performAction(SeleniumActionRetryController.java:83)
	at com.kms.katalon.core.webui.keyword.internal.WebUIKeywordMain$_runKeywordUntilTimeout_closure1.doCall(WebUIKeywordMain.groovy:135)
	at com.kms.katalon.core.webui.keyword.internal.WebUIKeywordMain$_runKeywordUntilTimeout_closure1.call(WebUIKeywordMain.groovy)
	at com.kms.katalon.core.webui.keyword.internal.WebUIKeywordMain.runKeyword(WebUIKeywordMain.groovy:41)
	... 22 more

2026-01-02 14:56:56.852 INFO  c.k.katalon.core.main.TestCaseExecutor   - END Test Cases/Login/LG-01
2026-01-02 14:56:56.856 INFO  c.k.katalon.core.main.TestCaseExecutor   - --------------------
2026-01-02 14:56:56.856 INFO  c.k.katalon.core.main.TestCaseExecutor   - START Test Cases/Login/LG-01
2026-01-02 14:56:56.898 DEBUG testcase.LG-01                           - 1: LOCAL_PAGELOAD = 300
2026-01-02 14:56:56.900 DEBUG testcase.LG-01                           - 2: WAIT_ELEMENT_BEFORE_RELOAD = 120
2026-01-02 14:56:56.901 DEBUG testcase.LG-01                           - 3: MAX_RELOAD_ATTEMPTS = 5
2026-01-02 14:56:56.902 DEBUG testcase.LG-01                           - 4: AFTER_LOGIN_WAIT = 120
2026-01-02 14:56:56.904 DEBUG testcase.LG-01                           - 5: SHORT = 5
2026-01-02 14:56:56.905 DEBUG testcase.LG-01                           - 6: MEDIUM = 15
2026-01-02 14:56:56.907 DEBUG testcase.LG-01                           - 7: LONG = 30
2026-01-02 14:56:56.908 DEBUG testcase.LG-01                           - 8: openBrowser("")
2026-01-02 14:56:56.913 WARN  c.k.k.core.webui.driver.DriverFactory    - A browser is already opened. Closing browser and opening a new one
2026-01-02 14:56:57.442 INFO  c.k.k.core.webui.driver.DriverFactory    - Starting 'Chrome' driver
2026-01-02 14:56:57.443 INFO  c.k.k.c.w.util.WebDriverPropertyUtil     - User set preference: ['args', '[--user-data-dir=C:\QA\Profiles\KatalonChrome, --profile-directory=Default]']
2026-01-02 14:56:57.444 INFO  c.k.k.core.webui.driver.DriverFactory    - Action delay is set to 0 milliseconds
1月 02, 2026 2:56:59 午後 org.openqa.selenium.devtools.CdpVersionFinder findNearestMatch
WARNING: Unable to find CDP implementation matching 143
1月 02, 2026 2:56:59 午後 org.openqa.selenium.chromium.ChromiumDriver lambda$new$4
WARNING: Unable to find version of CDP to use for 143.0.7499.170. You may need to include a dependency on a specific version of the CDP using something similar to `org.seleniumhq.selenium:selenium-devtools-v86:4.34.0` where the version ("v86") matches the version of the chromium-based browser you're using and the version number of the artifact is the same as Selenium's.
2026-01-02 14:56:59.485 INFO  c.k.k.core.webui.driver.DriverFactory    - sessionId = a7558088a4fd9ec3b53342f46c49c6fb
2026-01-02 14:56:59.487 INFO  c.k.k.core.webui.driver.DriverFactory    - browser = Chrome 143.0.7499.170
2026-01-02 14:56:59.490 INFO  c.k.k.core.webui.driver.DriverFactory    - platform = Windows 10
2026-01-02 14:56:59.492 INFO  c.k.k.core.webui.driver.DriverFactory    - seleniumVersion = 4.34.0
2026-01-02 14:56:59.495 INFO  c.k.k.core.webui.driver.DriverFactory    - proxyInformation = ProxyInformation { proxyOption=NO_PROXY, proxyServerType=HTTP, username=, password=********, proxyServerAddress=, proxyServerPort=0, executionList="", isApplyToDesiredCapabilities=true }
2026-01-02 14:56:59.550 DEBUG testcase.LG-01                           - 9: maximizeWindow()
2026-01-02 14:56:59.618 DEBUG testcase.LG-01                           - 10: navigateToUrl("https://qa.engagement.magiqdev.cloud/login")
2026-01-02 14:56:59.782 DEBUG testcase.LG-01                           - 11: waitForPageLoad(LOCAL_PAGELOAD)
2026-01-02 14:57:01.225 DEBUG testcase.LG-01                           - 12: spanAdmin = new com.kms.katalon.core.testobject.TestObject(obj_span_admin_test_1)
2026-01-02 14:57:01.230 DEBUG testcase.LG-01                           - 13: spanAdmin.addProperty("xpath", EQUALS, "//button[.//span[contains(normalize-space(), 'test')]]")
2026-01-02 14:57:01.232 DEBUG testcase.LG-01                           - 14: iExitToApp = new com.kms.katalon.core.testobject.TestObject(obj_i_exit_to_app)
2026-01-02 14:57:01.239 DEBUG testcase.LG-01                           - 15: iExitToApp.addProperty("xpath", EQUALS, "//i[normalize-space(text())='exit_to_app']")
2026-01-02 14:57:01.243 DEBUG testcase.LG-01                           - 16: userNameInput = new com.kms.katalon.core.testobject.TestObject(obj_input_userName)
2026-01-02 14:57:01.246 DEBUG testcase.LG-01                           - 17: userNameInput.addProperty("id", EQUALS, "userName")
2026-01-02 14:57:01.248 DEBUG testcase.LG-01                           - 18: currentUrl = getUrl()
2026-01-02 14:57:01.314 DEBUG testcase.LG-01                           - 19: if (currentUrl == "https://qa.engagement.magiqdev.cloud/news")
2026-01-02 14:57:01.316 DEBUG testcase.LG-01                           - 20: userNameField = new com.kms.katalon.core.testobject.TestObject(userName)
2026-01-02 14:57:01.317 DEBUG testcase.LG-01                           - 21: userNameField.addProperty("id", EQUALS, "userName")
2026-01-02 14:57:01.319 DEBUG testcase.LG-01                           - 22: passwordField = new com.kms.katalon.core.testobject.TestObject(password)
2026-01-02 14:57:01.321 DEBUG testcase.LG-01                           - 23: passwordField.addProperty("xpath", EQUALS, "//input[@type='password' or contains(@aria-label,'password') or contains(@placeholder,'Password')]")
2026-01-02 14:57:01.322 DEBUG testcase.LG-01                           - 24: loginBtn = new com.kms.katalon.core.testobject.TestObject(loginBtn)
2026-01-02 14:57:01.324 DEBUG testcase.LG-01                           - 25: loginBtn.addProperty("css", EQUALS, "button.btn-login")
2026-01-02 14:57:01.330 DEBUG testcase.LG-01                           - 26: loginBtn.addProperty("xpath", EQUALS, "//button[contains(@class,'btn-login') or normalize-space(.)='Login' or .//span[normalize-space(.)='Login']]")
2026-01-02 14:57:01.335 DEBUG testcase.LG-01                           - 27: appBar = new com.kms.katalon.core.testobject.TestObject(appBar)
2026-01-02 14:57:01.340 DEBUG testcase.LG-01                           - 28: appBar.addProperty("css", EQUALS, ".mat-app-bar")
2026-01-02 14:57:01.341 DEBUG testcase.LG-01                           - 29: appBar.addProperty("xpath", EQUALS, "//*[contains(@class,'mat-app-bar')]")
2026-01-02 14:57:01.343 DEBUG testcase.LG-01                           - 30: usernameVisible = false
2026-01-02 14:57:01.344 DEBUG testcase.LG-01                           - 31: attempts = 0
2026-01-02 14:57:01.346 DEBUG testcase.LG-01                           - 32: usernameVisible = waitForElementVisible(userNameField, 3, OPTIONAL)
2026-01-02 14:57:05.265 WARN  k.k.c.w.k.b.WaitForElementVisibleKeyword - Web element with id: 'userName' located by 'By.xpath: //*[@id = 'userName']' not found
2026-01-02 14:57:05.266 DEBUG testcase.LG-01                           - 33: if (!(usernameVisible))
2026-01-02 14:57:05.267 DEBUG testcase.LG-01                           - 1: okBtn = new com.kms.katalon.core.testobject.TestObject(ok_button_in_modal)
2026-01-02 14:57:05.267 DEBUG testcase.LG-01                           - 2: okBtn.addProperty("xpath", EQUALS, "//footer[contains(@class,'mdc-dialog__actions')]" + "//button[@aria-label='Ok' and .//span[@class='mdc-button__label' and normalize-space()='Ok']]")
2026-01-02 14:57:05.268 DEBUG testcase.LG-01                           - 3: waitForElementClickable(okBtn, 5)
2026-01-02 14:57:10.421 WARN  k.c.w.k.b.WaitForElementClickableKeyword - Web element with id: 'ok_button_in_modal' located by 'By.xpath: //footer[contains(@class,'mdc-dialog__actions')]//button[@aria-label='Ok' and .//span[@class='mdc-button__label' and normalize-space()='Ok']]' not found
2026-01-02 14:57:10.422 DEBUG testcase.LG-01                           - 4: enhancedClick(okBtn)
2026-01-02 14:57:22.661 ERROR c.k.k.core.keyword.internal.KeywordMain  - ❌ Unable to click on object 'ok_button_in_modal' (Root cause: com.kms.katalon.core.exception.StepFailedException: Unable to click on object 'ok_button_in_modal'
	at com.kms.katalon.core.webui.keyword.internal.WebUIKeywordMain.stepFailed(WebUIKeywordMain.groovy:177)
	at com.kms.katalon.core.webui.keyword.internal.WebUIKeywordMain.runKeyword(WebUIKeywordMain.groovy:49)
	at com.kms.katalon.core.webui.keyword.internal.WebUIKeywordMain.runKeywordUntilTimeout(WebUIKeywordMain.groovy:133)
	at com.kms.katalon.core.webui.keyword.builtin.EnhancedClickKeyword.click(EnhancedClickKeyword.groovy:95)
	at com.kms.katalon.core.webui.keyword.builtin.EnhancedClickKeyword.execute(EnhancedClickKeyword.groovy:41)
	at com.kms.katalon.core.keyword.internal.KeywordExecutor.executeKeywordForPlatform(KeywordExecutor.groovy:90)
	at com.kms.katalon.core.webui.keyword.WebUiBuiltInKeywords.enhancedClick(WebUiBuiltInKeywords.groovy:747)
	at LG-01.run(LG-01:133)
	at com.kms.katalon.core.main.ScriptEngine.run(ScriptEngine.java:194)
	at com.kms.katalon.core.main.ScriptEngine.runScriptAsRawText(ScriptEngine.java:119)
	at com.kms.katalon.core.main.TestCaseExecutor.runScript(TestCaseExecutor.java:490)
	at com.kms.katalon.core.main.TestCaseExecutor.doExecute(TestCaseExecutor.java:481)
	at com.kms.katalon.core.main.TestCaseExecutor.processExecutionPhase(TestCaseExecutor.java:460)
	at com.kms.katalon.core.main.TestCaseExecutor.accessMainPhase(TestCaseExecutor.java:452)
	at com.kms.katalon.core.main.TestCaseExecutor.execute(TestCaseExecutor.java:322)
	at com.kms.katalon.core.main.TestCaseExecutor.execute(TestCaseExecutor.java:410)
	at com.kms.katalon.core.main.TestCaseExecutor.execute(TestCaseExecutor.java:410)
	at com.kms.katalon.core.common.CommonExecutor.accessTestCaseMainPhase(CommonExecutor.java:71)
	at com.kms.katalon.core.main.TestSuiteExecutor.accessTestSuiteMainPhase(TestSuiteExecutor.java:153)
	at com.kms.katalon.core.main.TestSuiteExecutor.execute(TestSuiteExecutor.java:110)
	at com.kms.katalon.core.main.TestCaseMain.startTestSuite(TestCaseMain.java:205)
	at TempTestSuite1767340544854.run(TempTestSuite1767340544854.groovy:35)
	at java.base/jdk.internal.reflect.NativeMethodAccessorImpl.invoke0(Native Method)
	at java.base/jdk.internal.reflect.NativeMethodAccessorImpl.invoke(NativeMethodAccessorImpl.java:77)
	at java.base/jdk.internal.reflect.DelegatingMethodAccessorImpl.invoke(DelegatingMethodAccessorImpl.java:43)
Caused by: com.kms.katalon.core.webui.exception.WebElementNotFoundException: Web element with id: 'ok_button_in_modal' located by 'By.xpath: //footer[contains(@class,'mdc-dialog__actions')]//button[@aria-label='Ok' and .//span[@class='mdc-button__label' and normalize-space()='Ok']]' not found
	at com.kms.katalon.core.webui.model.WebUiElementFinder.findElementByNormalMethods(WebUiElementFinder.java:193)
	at com.kms.katalon.core.webui.model.WebUiElementFinder.findElementsBySelectedMethod(WebUiElementFinder.java:86)
	at com.kms.katalon.core.webui.model.WebUiElementFinder.findElementsBySelectedMethod(WebUiElementFinder.java:74)
	at com.kms.katalon.core.webui.model.WebUiElementFinder.findElementsBySelectedMethod(WebUiElementFinder.java:69)
	at com.kms.katalon.core.webui.model.WebUiElementFinder.findElement(WebUiElementFinder.java:43)
	at com.kms.katalon.core.webui.model.WebUiElementFinderWithTimeout.basicFindElement(WebUiElementFinderWithTimeout.java:50)
	at com.kms.katalon.core.webui.model.WebUiElementFinderWithTimeout.lambda$0(WebUiElementFinderWithTimeout.java:29)
	at com.kms.katalon.core.webui.model.SeleniumActionRetryController.performAction(SeleniumActionRetryController.java:96)
	at com.kms.katalon.core.webui.model.SeleniumActionRetryController.performAction(SeleniumActionRetryController.java:83)
	at com.kms.katalon.core.webui.model.WebUiElementFinderWithTimeout.findElement(WebUiElementFinderWithTimeout.java:28)
	at com.kms.katalon.core.webui.keyword.internal.WebUIAbstractKeyword.findWebElement(WebUIAbstractKeyword.groovy:96)
	at com.kms.katalon.core.webui.keyword.builtin.EnhancedClickKeyword$_click_closure1.doCall(EnhancedClickKeyword.groovy:69)
	at java.base/jdk.internal.reflect.NativeMethodAccessorImpl.invoke0(Native Method)
	at java.base/jdk.internal.reflect.NativeMethodAccessorImpl.invoke(NativeMethodAccessorImpl.java:77)
	at java.base/jdk.internal.reflect.DelegatingMethodAccessorImpl.invoke(DelegatingMethodAccessorImpl.java:43)
	at jdk.proxy2/jdk.proxy2.$Proxy50.execute(Unknown Source)
	at com.kms.katalon.core.webui.model.SeleniumActionRetryController.performAction(SeleniumActionRetryController.java:96)
	at com.kms.katalon.core.webui.model.SeleniumActionRetryController.performAction(SeleniumActionRetryController.java:83)
	at com.kms.katalon.core.webui.keyword.internal.WebUIKeywordMain$_runKeywordUntilTimeout_closure1.doCall(WebUIKeywordMain.groovy:135)
	at com.kms.katalon.core.webui.keyword.internal.WebUIKeywordMain$_runKeywordUntilTimeout_closure1.call(WebUIKeywordMain.groovy)
	at com.kms.katalon.core.webui.keyword.internal.WebUIKeywordMain.runKeyword(WebUIKeywordMain.groovy:41)
	at com.kms.katalon.core.webui.keyword.internal.WebUIKeywordMain.runKeywordUntilTimeout(WebUIKeywordMain.groovy:133)
	at com.kms.katalon.core.webui.keyword.builtin.EnhancedClickKeyword.click(EnhancedClickKeyword.groovy:95)
	at com.kms.katalon.core.webui.keyword.builtin.EnhancedClickKeyword.execute(EnhancedClickKeyword.groovy:41)
	at com.kms.katalon.core.keyword.internal.KeywordExecutor.executeKeywordForPlatform(KeywordExecutor.groovy:90)
	at com.kms.katalon.core.webui.keyword.WebUiBuiltInKeywords.enhancedClick(WebUiBuiltInKeywords.groovy:747)
	at Script1767340478096.run(Script1767340478096.groovy:133)
	... 17 more
)
2026-01-02 14:57:22.666 ERROR c.k.katalon.core.main.TestCaseExecutor   - ❌ Test Cases/Login/LG-01 FAILED.
Reason:
com.kms.katalon.core.exception.StepFailedException: Unable to click on object 'ok_button_in_modal'
	at com.kms.katalon.core.webui.keyword.internal.WebUIKeywordMain.stepFailed(WebUIKeywordMain.groovy:177)
	at com.kms.katalon.core.webui.keyword.internal.WebUIKeywordMain.runKeyword(WebUIKeywordMain.groovy:49)
	at com.kms.katalon.core.webui.keyword.internal.WebUIKeywordMain.runKeywordUntilTimeout(WebUIKeywordMain.groovy:133)
	at com.kms.katalon.core.webui.keyword.builtin.EnhancedClickKeyword.click(EnhancedClickKeyword.groovy:95)
	at com.kms.katalon.core.webui.keyword.builtin.EnhancedClickKeyword.execute(EnhancedClickKeyword.groovy:41)
	at com.kms.katalon.core.keyword.internal.KeywordExecutor.executeKeywordForPlatform(KeywordExecutor.groovy:90)
	at com.kms.katalon.core.webui.keyword.WebUiBuiltInKeywords.enhancedClick(WebUiBuiltInKeywords.groovy:747)
	at LG-01.run(LG-01:133)
	at com.kms.katalon.core.main.ScriptEngine.run(ScriptEngine.java:194)
	at com.kms.katalon.core.main.ScriptEngine.runScriptAsRawText(ScriptEngine.java:119)
	at com.kms.katalon.core.main.TestCaseExecutor.runScript(TestCaseExecutor.java:490)
	at com.kms.katalon.core.main.TestCaseExecutor.doExecute(TestCaseExecutor.java:481)
	at com.kms.katalon.core.main.TestCaseExecutor.processExecutionPhase(TestCaseExecutor.java:460)
	at com.kms.katalon.core.main.TestCaseExecutor.accessMainPhase(TestCaseExecutor.java:452)
	at com.kms.katalon.core.main.TestCaseExecutor.execute(TestCaseExecutor.java:322)
	at com.kms.katalon.core.main.TestCaseExecutor.execute(TestCaseExecutor.java:410)
	at com.kms.katalon.core.main.TestCaseExecutor.execute(TestCaseExecutor.java:410)
	at com.kms.katalon.core.common.CommonExecutor.accessTestCaseMainPhase(CommonExecutor.java:71)
	at com.kms.katalon.core.main.TestSuiteExecutor.accessTestSuiteMainPhase(TestSuiteExecutor.java:153)
	at com.kms.katalon.core.main.TestSuiteExecutor.execute(TestSuiteExecutor.java:110)
	at com.kms.katalon.core.main.TestCaseMain.startTestSuite(TestCaseMain.java:205)
	at TempTestSuite1767340544854.run(TempTestSuite1767340544854.groovy:35)
	at java.base/jdk.internal.reflect.NativeMethodAccessorImpl.invoke0(Native Method)
	at java.base/jdk.internal.reflect.NativeMethodAccessorImpl.invoke(NativeMethodAccessorImpl.java:77)
	at java.base/jdk.internal.reflect.DelegatingMethodAccessorImpl.invoke(DelegatingMethodAccessorImpl.java:43)
Caused by: com.kms.katalon.core.webui.exception.WebElementNotFoundException: Web element with id: 'ok_button_in_modal' located by 'By.xpath: //footer[contains(@class,'mdc-dialog__actions')]//button[@aria-label='Ok' and .//span[@class='mdc-button__label' and normalize-space()='Ok']]' not found
	at com.kms.katalon.core.webui.model.WebUiElementFinder.findElementByNormalMethods(WebUiElementFinder.java:193)
	at com.kms.katalon.core.webui.model.WebUiElementFinder.findElementsBySelectedMethod(WebUiElementFinder.java:86)
	at com.kms.katalon.core.webui.model.WebUiElementFinder.findElementsBySelectedMethod(WebUiElementFinder.java:74)
	at com.kms.katalon.core.webui.model.WebUiElementFinder.findElementsBySelectedMethod(WebUiElementFinder.java:69)
	at com.kms.katalon.core.webui.model.WebUiElementFinder.findElement(WebUiElementFinder.java:43)
	at com.kms.katalon.core.webui.model.WebUiElementFinderWithTimeout.basicFindElement(WebUiElementFinderWithTimeout.java:50)
	at com.kms.katalon.core.webui.model.WebUiElementFinderWithTimeout.lambda$0(WebUiElementFinderWithTimeout.java:29)
	at com.kms.katalon.core.webui.model.SeleniumActionRetryController.performAction(SeleniumActionRetryController.java:96)
	at com.kms.katalon.core.webui.model.SeleniumActionRetryController.performAction(SeleniumActionRetryController.java:83)
	at com.kms.katalon.core.webui.model.WebUiElementFinderWithTimeout.findElement(WebUiElementFinderWithTimeout.java:28)
	at com.kms.katalon.core.webui.keyword.internal.WebUIAbstractKeyword.findWebElement(WebUIAbstractKeyword.groovy:96)
	at com.kms.katalon.core.webui.keyword.builtin.EnhancedClickKeyword$_click_closure1.doCall(EnhancedClickKeyword.groovy:69)
	at java.base/jdk.internal.reflect.NativeMethodAccessorImpl.invoke0(Native Method)
	at java.base/jdk.internal.reflect.NativeMethodAccessorImpl.invoke(NativeMethodAccessorImpl.java:77)
	at java.base/jdk.internal.reflect.DelegatingMethodAccessorImpl.invoke(DelegatingMethodAccessorImpl.java:43)
	at jdk.proxy2/jdk.proxy2.$Proxy50.execute(Unknown Source)
	at com.kms.katalon.core.webui.model.SeleniumActionRetryController.performAction(SeleniumActionRetryController.java:96)
	at com.kms.katalon.core.webui.model.SeleniumActionRetryController.performAction(SeleniumActionRetryController.java:83)
	at com.kms.katalon.core.webui.keyword.internal.WebUIKeywordMain$_runKeywordUntilTimeout_closure1.doCall(WebUIKeywordMain.groovy:135)
	at com.kms.katalon.core.webui.keyword.internal.WebUIKeywordMain$_runKeywordUntilTimeout_closure1.call(WebUIKeywordMain.groovy)
	at com.kms.katalon.core.webui.keyword.internal.WebUIKeywordMain.runKeyword(WebUIKeywordMain.groovy:41)
	... 23 more

2026-01-02 14:57:22.671 INFO  c.k.katalon.core.main.TestCaseExecutor   - END Test Cases/Login/LG-01
2026-01-02 14:57:22.675 INFO  c.k.katalon.core.main.TestCaseExecutor   - --------------------
2026-01-02 14:57:22.676 INFO  c.k.katalon.core.main.TestCaseExecutor   - START Test Cases/Login/LG-01
2026-01-02 14:57:22.715 DEBUG testcase.LG-01                           - 1: LOCAL_PAGELOAD = 300
2026-01-02 14:57:22.716 DEBUG testcase.LG-01                           - 2: WAIT_ELEMENT_BEFORE_RELOAD = 120
2026-01-02 14:57:22.717 DEBUG testcase.LG-01                           - 3: MAX_RELOAD_ATTEMPTS = 5
2026-01-02 14:57:22.718 DEBUG testcase.LG-01                           - 4: AFTER_LOGIN_WAIT = 120
2026-01-02 14:57:22.726 DEBUG testcase.LG-01                           - 5: SHORT = 5
2026-01-02 14:57:22.728 DEBUG testcase.LG-01                           - 6: MEDIUM = 15
2026-01-02 14:57:22.730 DEBUG testcase.LG-01                           - 7: LONG = 30
2026-01-02 14:57:22.731 DEBUG testcase.LG-01                           - 8: openBrowser("")
2026-01-02 14:57:22.744 WARN  c.k.k.core.webui.driver.DriverFactory    - A browser is already opened. Closing browser and opening a new one
2026-01-02 14:57:23.478 INFO  c.k.k.core.webui.driver.DriverFactory    - Starting 'Chrome' driver
2026-01-02 14:57:23.480 INFO  c.k.k.c.w.util.WebDriverPropertyUtil     - User set preference: ['args', '[--user-data-dir=C:\QA\Profiles\KatalonChrome, --profile-directory=Default]']
2026-01-02 14:57:23.485 INFO  c.k.k.core.webui.driver.DriverFactory    - Action delay is set to 0 milliseconds
1月 02, 2026 2:57:25 午後 org.openqa.selenium.devtools.CdpVersionFinder findNearestMatch
WARNING: Unable to find CDP implementation matching 143
1月 02, 2026 2:57:25 午後 org.openqa.selenium.chromium.ChromiumDriver lambda$new$4
WARNING: Unable to find version of CDP to use for 143.0.7499.170. You may need to include a dependency on a specific version of the CDP using something similar to `org.seleniumhq.selenium:selenium-devtools-v86:4.34.0` where the version ("v86") matches the version of the chromium-based browser you're using and the version number of the artifact is the same as Selenium's.
2026-01-02 14:57:25.437 INFO  c.k.k.core.webui.driver.DriverFactory    - sessionId = 42a9612ebc9971bb2cff609291133d64
2026-01-02 14:57:25.440 INFO  c.k.k.core.webui.driver.DriverFactory    - browser = Chrome 143.0.7499.170
2026-01-02 14:57:25.441 INFO  c.k.k.core.webui.driver.DriverFactory    - platform = Windows 10
2026-01-02 14:57:25.442 INFO  c.k.k.core.webui.driver.DriverFactory    - seleniumVersion = 4.34.0
2026-01-02 14:57:25.443 INFO  c.k.k.core.webui.driver.DriverFactory    - proxyInformation = ProxyInformation { proxyOption=NO_PROXY, proxyServerType=HTTP, username=, password=********, proxyServerAddress=, proxyServerPort=0, executionList="", isApplyToDesiredCapabilities=true }
2026-01-02 14:57:25.484 DEBUG testcase.LG-01                           - 9: maximizeWindow()
2026-01-02 14:57:25.560 DEBUG testcase.LG-01                           - 10: navigateToUrl("https://qa.engagement.magiqdev.cloud/login")
2026-01-02 14:57:25.713 DEBUG testcase.LG-01                           - 11: waitForPageLoad(LOCAL_PAGELOAD)
2026-01-02 14:57:26.978 DEBUG testcase.LG-01                           - 12: spanAdmin = new com.kms.katalon.core.testobject.TestObject(obj_span_admin_test_1)
2026-01-02 14:57:26.981 DEBUG testcase.LG-01                           - 13: spanAdmin.addProperty("xpath", EQUALS, "//button[.//span[contains(normalize-space(), 'test')]]")
2026-01-02 14:57:26.983 DEBUG testcase.LG-01                           - 14: iExitToApp = new com.kms.katalon.core.testobject.TestObject(obj_i_exit_to_app)
2026-01-02 14:57:26.984 DEBUG testcase.LG-01                           - 15: iExitToApp.addProperty("xpath", EQUALS, "//i[normalize-space(text())='exit_to_app']")
2026-01-02 14:57:26.985 DEBUG testcase.LG-01                           - 16: userNameInput = new com.kms.katalon.core.testobject.TestObject(obj_input_userName)
2026-01-02 14:57:26.988 DEBUG testcase.LG-01                           - 17: userNameInput.addProperty("id", EQUALS, "userName")
2026-01-02 14:57:26.990 DEBUG testcase.LG-01                           - 18: currentUrl = getUrl()
2026-01-02 14:57:27.049 DEBUG testcase.LG-01                           - 19: if (currentUrl == "https://qa.engagement.magiqdev.cloud/news")
2026-01-02 14:57:27.050 DEBUG testcase.LG-01                           - 20: userNameField = new com.kms.katalon.core.testobject.TestObject(userName)
2026-01-02 14:57:27.051 DEBUG testcase.LG-01                           - 21: userNameField.addProperty("id", EQUALS, "userName")
2026-01-02 14:57:27.052 DEBUG testcase.LG-01                           - 22: passwordField = new com.kms.katalon.core.testobject.TestObject(password)
2026-01-02 14:57:27.053 DEBUG testcase.LG-01                           - 23: passwordField.addProperty("xpath", EQUALS, "//input[@type='password' or contains(@aria-label,'password') or contains(@placeholder,'Password')]")
2026-01-02 14:57:27.054 DEBUG testcase.LG-01                           - 24: loginBtn = new com.kms.katalon.core.testobject.TestObject(loginBtn)
2026-01-02 14:57:27.058 DEBUG testcase.LG-01                           - 25: loginBtn.addProperty("css", EQUALS, "button.btn-login")
2026-01-02 14:57:27.061 DEBUG testcase.LG-01                           - 26: loginBtn.addProperty("xpath", EQUALS, "//button[contains(@class,'btn-login') or normalize-space(.)='Login' or .//span[normalize-space(.)='Login']]")
2026-01-02 14:57:27.062 DEBUG testcase.LG-01                           - 27: appBar = new com.kms.katalon.core.testobject.TestObject(appBar)
2026-01-02 14:57:27.062 DEBUG testcase.LG-01                           - 28: appBar.addProperty("css", EQUALS, ".mat-app-bar")
2026-01-02 14:57:27.064 DEBUG testcase.LG-01                           - 29: appBar.addProperty("xpath", EQUALS, "//*[contains(@class,'mat-app-bar')]")
2026-01-02 14:57:27.066 DEBUG testcase.LG-01                           - 30: usernameVisible = false
2026-01-02 14:57:27.066 DEBUG testcase.LG-01                           - 31: attempts = 0
2026-01-02 14:57:27.067 DEBUG testcase.LG-01                           - 32: usernameVisible = waitForElementVisible(userNameField, 3, OPTIONAL)
2026-01-02 14:57:30.013 DEBUG testcase.LG-01                           - 33: if (!(usernameVisible))
2026-01-02 14:57:30.015 DEBUG testcase.LG-01                           - 34: if (!(usernameVisible))
2026-01-02 14:57:30.017 DEBUG testcase.LG-01                           - 35: setText(userNameField, "admin1test@gmail.com")
2026-01-02 14:57:30.752 DEBUG testcase.LG-01                           - 36: passwordVisible = waitForElementVisible(passwordField, WAIT_ELEMENT_BEFORE_RELOAD, OPTIONAL)
2026-01-02 14:57:31.002 DEBUG testcase.LG-01                           - 37: if (!(passwordVisible))
2026-01-02 14:57:31.004 DEBUG testcase.LG-01                           - 38: if (!(passwordVisible))
2026-01-02 14:57:31.006 DEBUG testcase.LG-01                           - 39: setEncryptedText(passwordField, "vckfKYHQ/X5a0LrHpsIEKA==")
2026-01-02 14:57:31.410 DEBUG testcase.LG-01                           - 40: loginClickable = waitForElementClickable(loginBtn, WAIT_ELEMENT_BEFORE_RELOAD, OPTIONAL)
2026-01-02 14:57:31.671 DEBUG testcase.LG-01                           - 41: if (!(loginClickable))
2026-01-02 14:57:31.673 DEBUG testcase.LG-01                           - 42: if (!(loginClickable))
2026-01-02 14:57:31.674 DEBUG testcase.LG-01                           - 43: click(loginBtn)
2026-01-02 14:57:32.015 DEBUG testcase.LG-01                           - 44: appBarVisible = false
2026-01-02 14:57:32.016 DEBUG testcase.LG-01                           - 45: waited = 0
2026-01-02 14:57:32.017 DEBUG testcase.LG-01                           - 46: step = 3
2026-01-02 14:57:32.018 DEBUG testcase.LG-01                           - 47: while (waited < AFTER_LOGIN_WAIT || appBarVisible)
2026-01-02 14:57:32.021 DEBUG testcase.LG-01                           - 1: if (verifyElementVisible(appBar, OPTIONAL))
2026-01-02 14:57:38.525 DEBUG testcase.LG-01                           - 1: appBarVisible = true
2026-01-02 14:57:38.525 DEBUG testcase.LG-01                           - 2: break
2026-01-02 14:57:38.526 DEBUG testcase.LG-01                           - 48: if (!(appBarVisible))
2026-01-02 14:57:38.527 DEBUG testcase.LG-01                           - 49: if (appBarVisible)
2026-01-02 14:57:38.529 DEBUG testcase.LG-01                           - 1: comment("Login thành công: thấy class 'mat-app-bar'.")
2026-01-02 14:57:38.545 INFO  c.k.k.c.keyword.builtin.CommentKeyword   - Login thành công: thấy class 'mat-app-bar'.
2026-01-02 14:57:38.547 INFO  c.k.katalon.core.main.TestCaseExecutor   - END Test Cases/Login/LG-01
2026-01-02 14:57:38.550 INFO  c.k.katalon.core.main.TestCaseExecutor   - --------------------
2026-01-02 14:57:38.551 INFO  c.k.katalon.core.main.TestCaseExecutor   - START Test Cases/Login/LO-01
2026-01-02 14:57:38.743 DEBUG testcase.LO-01                           - 1: SHORT = 5
2026-01-02 14:57:38.749 DEBUG testcase.LO-01                           - 2: MEDIUM = 15
2026-01-02 14:57:38.752 DEBUG testcase.LO-01                           - 3: LONG = 30
2026-01-02 14:57:38.759 DEBUG testcase.LO-01                           - 4: spanAdmin = new com.kms.katalon.core.testobject.TestObject(obj_span_admin_test_1)
2026-01-02 14:57:38.762 DEBUG testcase.LO-01                           - 5: spanAdmin.addProperty("xpath", EQUALS, "//button[.//span[normalize-space()='Admin test 1']]")
2026-01-02 14:57:38.765 DEBUG testcase.LO-01                           - 6: iExitToApp = new com.kms.katalon.core.testobject.TestObject(obj_i_exit_to_app)
2026-01-02 14:57:38.768 DEBUG testcase.LO-01                           - 7: iExitToApp.addProperty("xpath", EQUALS, "//i[normalize-space(text())='exit_to_app']")
2026-01-02 14:57:38.773 DEBUG testcase.LO-01                           - 8: userNameInput = new com.kms.katalon.core.testobject.TestObject(obj_input_userName)
2026-01-02 14:57:38.775 DEBUG testcase.LO-01                           - 9: userNameInput.addProperty("id", EQUALS, "userName")
2026-01-02 14:57:38.777 DEBUG testcase.LO-01                           - 10: try
2026-01-02 14:57:38.779 DEBUG testcase.LO-01                           - 1: hoverTopRightWithRobot()
2026-01-02 14:57:38.783 DEBUG testcase.LO-01                           - 1: try
2026-01-02 14:57:38.788 DEBUG testcase.LO-01                           - 1: screenSize = getDefaultToolkit().getScreenSize()
2026-01-02 14:57:38.939 DEBUG testcase.LO-01                           - 2: x = width - 5
2026-01-02 14:57:38.982 DEBUG testcase.LO-01                           - 3: y = 5
2026-01-02 14:57:38.984 DEBUG testcase.LO-01                           - 4: robot = new java.awt.Robot()
2026-01-02 14:57:38.998 DEBUG testcase.LO-01                           - 5: robot.mouseMove(x, y)
2026-01-02 14:57:39.008 DEBUG testcase.LO-01                           - 6: logInfo(🖱️ Hover đến góc trên bên phải (Robot) tại tọa độ: ($x, $y))
2026-01-02 14:57:39.081 INFO  com.kms.katalon.core.util.KeywordUtil    - 🖱️ Hover đến góc trên bên phải (Robot) tại tọa độ: (1915, 5)
2026-01-02 14:57:39.092 DEBUG testcase.LO-01                           - 7: Thread.sleep(500)
2026-01-02 14:57:39.618 DEBUG testcase.LO-01                           - 2: waitForElementVisible(spanAdmin, MEDIUM, STOP_ON_FAILURE)
2026-01-02 14:57:39.873 DEBUG testcase.LO-01                           - 3: click(spanAdmin)
2026-01-02 14:57:40.191 DEBUG testcase.LO-01                           - 4: waitForElementVisible(iExitToApp, MEDIUM, STOP_ON_FAILURE)
2026-01-02 14:57:40.432 DEBUG testcase.LO-01                           - 5: click(iExitToApp)
2026-01-02 14:57:40.783 DEBUG testcase.LO-01                           - 6: present = waitForElementPresent(userNameInput, LONG, OPTIONAL)
2026-01-02 14:57:44.090 DEBUG testcase.LO-01                           - 7: if (present)
2026-01-02 14:57:44.092 DEBUG testcase.LO-01                           - 1: verifyElementPresent(userNameInput, SHORT, STOP_ON_FAILURE)
2026-01-02 14:57:44.336 DEBUG testcase.LO-01                           - 2: logInfo("✅ Found element with id="userName" — Test PASSED")
2026-01-02 14:57:44.337 INFO  com.kms.katalon.core.util.KeywordUtil    - ✅ Found element with id="userName" — Test PASSED
2026-01-02 14:57:44.338 INFO  c.k.katalon.core.main.TestCaseExecutor   - END Test Cases/Login/LO-01
2026-01-02 14:57:44.341 INFO  c.k.katalon.core.main.TestCaseExecutor   - --------------------
2026-01-02 14:57:44.341 INFO  c.k.katalon.core.main.TestCaseExecutor   - START Test Cases/Login/LG-02
2026-01-02 14:57:44.476 DEBUG testcase.LG-02                           - 1: LOCAL_PAGELOAD = 300
2026-01-02 14:57:44.477 DEBUG testcase.LG-02                           - 2: WAIT_ELEMENT_BEFORE_RELOAD = 120
2026-01-02 14:57:44.479 DEBUG testcase.LG-02                           - 3: MAX_RELOAD_ATTEMPTS = 2
2026-01-02 14:57:44.480 DEBUG testcase.LG-02                           - 4: AFTER_LOGIN_WAIT = 120
2026-01-02 14:57:44.481 DEBUG testcase.LG-02                           - 5: POLL_STEP = 3
2026-01-02 14:57:44.482 DEBUG testcase.LG-02                           - 6: userNameField = new com.kms.katalon.core.testobject.TestObject(userName)
2026-01-02 14:57:44.484 DEBUG testcase.LG-02                           - 7: userNameField.addProperty("id", EQUALS, "userName")
2026-01-02 14:57:44.487 DEBUG testcase.LG-02                           - 8: passwordField = new com.kms.katalon.core.testobject.TestObject(password)
2026-01-02 14:57:44.491 DEBUG testcase.LG-02                           - 9: passwordField.addProperty("xpath", EQUALS, "//input[@type='password' or contains(@aria-label,'password') or contains(@placeholder,'Password')]")
2026-01-02 14:57:44.495 DEBUG testcase.LG-02                           - 10: loginBtn = new com.kms.katalon.core.testobject.TestObject(loginBtn)
2026-01-02 14:57:44.499 DEBUG testcase.LG-02                           - 11: loginBtn.addProperty("css", EQUALS, "button.btn-login")
2026-01-02 14:57:44.501 DEBUG testcase.LG-02                           - 12: loginBtn.addProperty("xpath", EQUALS, "//button[contains(@class,'btn-login') or normalize-space(.)='Login' or .//span[normalize-space(.)='Login']]")
2026-01-02 14:57:44.506 DEBUG testcase.LG-02                           - 13: successMarker = new com.kms.katalon.core.testobject.TestObject(bodyAlertIcon)
2026-01-02 14:57:44.510 DEBUG testcase.LG-02                           - 14: successMarker.addProperty("css", EQUALS, ".body-alert-icon")
2026-01-02 14:57:44.512 DEBUG testcase.LG-02                           - 15: successMarker.addProperty("xpath", EQUALS, "//*[contains(@class,'body-alert-icon')]")
2026-01-02 14:57:44.514 DEBUG testcase.LG-02                           - 16: usernameVisible = false
2026-01-02 14:57:44.517 DEBUG testcase.LG-02                           - 17: usernameVisible = waitForElementVisible(userNameField, WAIT_ELEMENT_BEFORE_RELOAD, OPTIONAL)
2026-01-02 14:57:44.771 DEBUG testcase.LG-02                           - 18: if (!(usernameVisible))
2026-01-02 14:57:44.772 DEBUG testcase.LG-02                           - 19: setText(userNameField, "admin000@gmail.com")
2026-01-02 14:57:45.367 DEBUG testcase.LG-02                           - 20: passwordVisible = waitForElementVisible(passwordField, WAIT_ELEMENT_BEFORE_RELOAD, OPTIONAL)
2026-01-02 14:57:45.611 DEBUG testcase.LG-02                           - 21: if (!(passwordVisible))
2026-01-02 14:57:45.612 DEBUG testcase.LG-02                           - 22: if (!(passwordVisible))
2026-01-02 14:57:45.613 DEBUG testcase.LG-02                           - 23: setEncryptedText(passwordField, "vckfKYHQ/X5a0LrHpsIEKA==")
2026-01-02 14:57:45.969 DEBUG testcase.LG-02                           - 24: loginClickable = waitForElementClickable(loginBtn, WAIT_ELEMENT_BEFORE_RELOAD, OPTIONAL)
2026-01-02 14:57:46.236 DEBUG testcase.LG-02                           - 25: if (!(loginClickable))
2026-01-02 14:57:46.237 DEBUG testcase.LG-02                           - 26: if (!(loginClickable))
2026-01-02 14:57:46.238 DEBUG testcase.LG-02                           - 27: click(loginBtn)
2026-01-02 14:57:46.592 DEBUG testcase.LG-02                           - 28: successVisible = false
2026-01-02 14:57:46.594 DEBUG testcase.LG-02                           - 29: waited = 0
2026-01-02 14:57:46.595 DEBUG testcase.LG-02                           - 30: while (waited < AFTER_LOGIN_WAIT)
2026-01-02 14:57:46.596 DEBUG testcase.LG-02                           - 1: if (verifyElementVisible(successMarker, OPTIONAL))
2026-01-02 14:57:47.280 DEBUG testcase.LG-02                           - 1: successVisible = true
2026-01-02 14:57:47.281 DEBUG testcase.LG-02                           - 2: break
2026-01-02 14:57:47.282 DEBUG testcase.LG-02                           - 31: if (successVisible)
2026-01-02 14:57:47.282 DEBUG testcase.LG-02                           - 1: comment("TC thành công: xuất hiện class 'body-alert-icon'.")
2026-01-02 14:57:47.284 INFO  c.k.k.c.keyword.builtin.CommentKeyword   - TC thành công: xuất hiện class 'body-alert-icon'.
2026-01-02 14:57:47.286 DEBUG testcase.LG-02                           - 2: okBtn = new com.kms.katalon.core.testobject.TestObject(dynamic_ok_btn)
2026-01-02 14:57:47.288 DEBUG testcase.LG-02                           - 3: okBtn.addProperty("xpath", EQUALS, "//button[.//span[@class='mdc-button__label' and normalize-space()='Ok']]")
2026-01-02 14:57:47.289 DEBUG testcase.LG-02                           - 4: waitForElementClickable(okBtn, 10)
2026-01-02 14:57:47.542 DEBUG testcase.LG-02                           - 5: click(okBtn)
2026-01-02 14:57:47.846 INFO  c.k.katalon.core.main.TestCaseExecutor   - END Test Cases/Login/LG-02
2026-01-02 14:57:47.849 INFO  c.k.katalon.core.main.TestCaseExecutor   - --------------------
2026-01-02 14:57:47.849 INFO  c.k.katalon.core.main.TestCaseExecutor   - START Test Cases/Login/LG-03
2026-01-02 14:57:48.025 DEBUG testcase.LG-03                           - 1: MAX_RELOAD_ATTEMPTS = 2
2026-01-02 14:57:48.026 DEBUG testcase.LG-03                           - 2: WAIT_ELEMENT_BEFORE_RELOAD = 120
2026-01-02 14:57:48.027 DEBUG testcase.LG-03                           - 3: AFTER_LOGIN_WAIT = 120
2026-01-02 14:57:48.030 DEBUG testcase.LG-03                           - 4: userNameField = new com.kms.katalon.core.testobject.TestObject(userName)
2026-01-02 14:57:48.031 DEBUG testcase.LG-03                           - 5: userNameField.addProperty("id", EQUALS, "userName")
2026-01-02 14:57:48.032 DEBUG testcase.LG-03                           - 6: passwordField = new com.kms.katalon.core.testobject.TestObject(password)
2026-01-02 14:57:48.033 DEBUG testcase.LG-03                           - 7: passwordField.addProperty("xpath", EQUALS, "//input[@type='password' or contains(@aria-label,'password') or contains(@placeholder,'Password')]")
2026-01-02 14:57:48.035 DEBUG testcase.LG-03                           - 8: loginBtn = new com.kms.katalon.core.testobject.TestObject(loginBtn)
2026-01-02 14:57:48.037 DEBUG testcase.LG-03                           - 9: loginBtn.addProperty("css", EQUALS, "button.btn-login")
2026-01-02 14:57:48.039 DEBUG testcase.LG-03                           - 10: loginBtn.addProperty("xpath", EQUALS, "//button[contains(@class,'btn-login') or normalize-space(.)='Login' or .//span[normalize-space(.)='Login']]")
2026-01-02 14:57:48.040 DEBUG testcase.LG-03                           - 11: successMarker = new com.kms.katalon.core.testobject.TestObject(bodyAlertIcon)
2026-01-02 14:57:48.042 DEBUG testcase.LG-03                           - 12: successMarker.addProperty("css", EQUALS, ".body-alert-icon")
2026-01-02 14:57:48.044 DEBUG testcase.LG-03                           - 13: successMarker.addProperty("xpath", EQUALS, "//*[contains(@class,'body-alert-icon')]")
2026-01-02 14:57:48.046 DEBUG testcase.LG-03                           - 14: usernameVisible = false
2026-01-02 14:57:48.048 DEBUG testcase.LG-03                           - 15: attempts = 0
2026-01-02 14:57:48.049 DEBUG testcase.LG-03                           - 16: while (attempts <= MAX_RELOAD_ATTEMPTS)
2026-01-02 14:57:48.051 DEBUG testcase.LG-03                           - 1: usernameVisible = waitForElementVisible(userNameField, WAIT_ELEMENT_BEFORE_RELOAD, OPTIONAL)
2026-01-02 14:57:48.301 DEBUG testcase.LG-03                           - 2: if (usernameVisible)
2026-01-02 14:57:48.302 DEBUG testcase.LG-03                           - 1: break
2026-01-02 14:57:48.303 DEBUG testcase.LG-03                           - 17: if (!(usernameVisible))
2026-01-02 14:57:48.304 DEBUG testcase.LG-03                           - 18: setText(userNameField, "admin000@gmail.com")
2026-01-02 14:57:48.897 DEBUG testcase.LG-03                           - 19: passwordVisible = waitForElementVisible(passwordField, WAIT_ELEMENT_BEFORE_RELOAD, OPTIONAL)
2026-01-02 14:57:49.135 DEBUG testcase.LG-03                           - 20: if (!(passwordVisible))
2026-01-02 14:57:49.136 DEBUG testcase.LG-03                           - 21: if (!(passwordVisible))
2026-01-02 14:57:49.137 DEBUG testcase.LG-03                           - 22: setEncryptedText(passwordField, "vckfKYHQ/X5a0LrHpsIEKA==")
2026-01-02 14:57:49.483 DEBUG testcase.LG-03                           - 23: loginClickable = waitForElementClickable(loginBtn, WAIT_ELEMENT_BEFORE_RELOAD, OPTIONAL)
2026-01-02 14:57:49.742 DEBUG testcase.LG-03                           - 24: if (!(loginClickable))
2026-01-02 14:57:49.743 DEBUG testcase.LG-03                           - 25: if (!(loginClickable))
2026-01-02 14:57:49.743 DEBUG testcase.LG-03                           - 26: click(loginBtn)
2026-01-02 14:57:50.031 DEBUG testcase.LG-03                           - 27: successVisible = false
2026-01-02 14:57:50.032 DEBUG testcase.LG-03                           - 28: waited = 0
2026-01-02 14:57:50.033 DEBUG testcase.LG-03                           - 29: while (waited < AFTER_LOGIN_WAIT)
2026-01-02 14:57:50.034 DEBUG testcase.LG-03                           - 1: if (verifyElementVisible(successMarker, OPTIONAL))
2026-01-02 14:57:50.702 DEBUG testcase.LG-03                           - 1: successVisible = true
2026-01-02 14:57:50.703 DEBUG testcase.LG-03                           - 2: break
2026-01-02 14:57:50.704 DEBUG testcase.LG-03                           - 30: if (successVisible)
2026-01-02 14:57:50.705 DEBUG testcase.LG-03                           - 1: comment("TC thành công: xuất hiện class 'body-alert-icon'.")
2026-01-02 14:57:50.708 INFO  c.k.k.c.keyword.builtin.CommentKeyword   - TC thành công: xuất hiện class 'body-alert-icon'.
2026-01-02 14:57:50.710 INFO  c.k.katalon.core.main.TestCaseExecutor   - END Test Cases/Login/LG-03
2026-01-02 14:57:51.139 INFO  c.k.katalon.core.main.TestSuiteExecutor  - --------------------
2026-01-02 14:57:51.139 INFO  c.k.katalon.core.main.TestSuiteExecutor  - END Test Suites/TS_Login
2026-01-02 14:57:51.139 INFO  c.k.katalon.core.main.TestSuiteExecutor  - ====================
