2026-01-30 16:08:26.969 INFO  c.k.k.c.l.logback.LogbackConfigurator    - Logback default configuration initialized from: C:\Users\Administrator\.katalon\packages\KSE-10.4.2\configuration\org.eclipse.osgi\132\0\.cp\resources\logback\logback-execution.xml
2026-01-30 16:08:26.989 INFO  c.k.k.c.l.logback.LogbackConfigurator    - Logback custom configuration initialized from: C:\Users\Administrator\git\magiq\Include\config\log.properties
2026-01-30 16:08:27.669 INFO  c.k.katalon.core.main.TestSuiteExecutor  - START Test Suites/TS_HideOrg
2026-01-30 16:08:27.817 INFO  c.k.katalon.core.main.TestSuiteExecutor  - userFullName = Cong Thanh
2026-01-30 16:08:27.821 INFO  c.k.katalon.core.main.TestSuiteExecutor  - projectName = magiq
2026-01-30 16:08:27.822 INFO  c.k.katalon.core.main.TestSuiteExecutor  - hostName = Administrator - WINDOWS-10
2026-01-30 16:08:27.823 INFO  c.k.katalon.core.main.TestSuiteExecutor  - os = Windows 10 64bit
2026-01-30 16:08:27.824 INFO  c.k.katalon.core.main.TestSuiteExecutor  - hostAddress = 192.168.126.20
2026-01-30 16:08:27.825 INFO  c.k.katalon.core.main.TestSuiteExecutor  - katalonVersion = 10.4.2.0
2026-01-30 16:08:29.657 INFO  c.k.katalon.core.main.TestCaseExecutor   - --------------------
2026-01-30 16:08:29.658 INFO  c.k.katalon.core.main.TestCaseExecutor   - START Test Cases/HideOrg/TC_HOM_03
2026-01-30 16:08:29.908 DEBUG testcase.TC_HOM_03                       - 1: openBrowser("")
2026-01-30 16:08:30.393 INFO  c.k.k.core.webui.driver.DriverFactory    - Starting 'Chrome' driver
2026-01-30 16:08:30.412 INFO  c.k.k.c.w.util.WebDriverPropertyUtil     - User set preference: ['args', '[--user-data-dir=C:\QA\Profiles\KatalonChrome, --profile-directory=Default]']
2026-01-30 16:08:30.526 INFO  c.k.k.core.webui.driver.DriverFactory    - Action delay is set to 0 milliseconds
1月 30, 2026 4:08:33 午後 org.openqa.selenium.devtools.CdpVersionFinder findNearestMatch
WARNING: Unable to find CDP implementation matching 144
1月 30, 2026 4:08:33 午後 org.openqa.selenium.chromium.ChromiumDriver lambda$new$4
WARNING: Unable to find version of CDP to use for 144.0.7559.110. You may need to include a dependency on a specific version of the CDP using something similar to `org.seleniumhq.selenium:selenium-devtools-v86:4.34.0` where the version ("v86") matches the version of the chromium-based browser you're using and the version number of the artifact is the same as Selenium's.
2026-01-30 16:08:34.143 INFO  c.k.k.core.webui.driver.DriverFactory    - sessionId = 677ee8d1e84d4dcc2e5315340eafad38
2026-01-30 16:08:34.145 INFO  c.k.k.core.webui.driver.DriverFactory    - browser = Chrome 144.0.7559.110
2026-01-30 16:08:34.146 INFO  c.k.k.core.webui.driver.DriverFactory    - platform = Windows 10
2026-01-30 16:08:34.147 INFO  c.k.k.core.webui.driver.DriverFactory    - seleniumVersion = 4.34.0
2026-01-30 16:08:34.174 INFO  c.k.k.core.webui.driver.DriverFactory    - proxyInformation = ProxyInformation { proxyOption=NO_PROXY, proxyServerType=HTTP, username=, password=********, proxyServerAddress=, proxyServerPort=0, executionList="", isApplyToDesiredCapabilities=true }
2026-01-30 16:08:34.262 DEBUG testcase.TC_HOM_03                       - 2: navigateToUrl("https://qa.engagement.magiqdev.cloud/organisation")
2026-01-30 16:08:36.023 DEBUG testcase.TC_HOM_03                       - 3: waitForElementClickable(findTestObject("HideOrg/btn_hide"), 120)
2026-01-30 16:08:41.806 DEBUG testcase.TC_HOM_03                       - 4: click(findTestObject("HideOrg/btn_hide"))
2026-01-30 16:08:42.224 DEBUG testcase.TC_HOM_03                       - 5: waitForElementClickable(findTestObject("HideOrg/input_multisect"), 120)
2026-01-30 16:08:43.110 DEBUG testcase.TC_HOM_03                       - 6: click(findTestObject("HideOrg/input_multisect"))
2026-01-30 16:08:43.438 DEBUG testcase.TC_HOM_03                       - 7: waitForElementClickable(findTestObject("HideOrg/li_News"), 120)
2026-01-30 16:08:44.011 DEBUG testcase.TC_HOM_03                       - 8: click(findTestObject("HideOrg/li_News"))
2026-01-30 16:08:44.370 DEBUG testcase.TC_HOM_03                       - 9: waitForElementClickable(findTestObject("HideOrg/input_multisect"), 120)
2026-01-30 16:08:44.960 DEBUG testcase.TC_HOM_03                       - 10: click(findTestObject("HideOrg/input_multisect"))
2026-01-30 16:08:45.273 DEBUG testcase.TC_HOM_03                       - 11: waitForElementClickable(findTestObject("HideOrg/li_Connect"), 120)
2026-01-30 16:08:45.771 DEBUG testcase.TC_HOM_03                       - 12: click(findTestObject("HideOrg/li_Connect"))
2026-01-30 16:08:46.097 DEBUG testcase.TC_HOM_03                       - 13: waitForElementClickable(findTestObject("HideOrg/input_multisect"), 120)
2026-01-30 16:08:46.693 DEBUG testcase.TC_HOM_03                       - 14: click(findTestObject("HideOrg/input_multisect"))
2026-01-30 16:08:47.010 DEBUG testcase.TC_HOM_03                       - 15: waitForElementClickable(findTestObject("HideOrg/li_Notices"), 120)
2026-01-30 16:08:47.489 DEBUG testcase.TC_HOM_03                       - 16: click(findTestObject("HideOrg/li_Notices"))
2026-01-30 16:08:47.816 DEBUG testcase.TC_HOM_03                       - 17: waitForElementClickable(findTestObject("HideOrg/btn_OK"), 120)
2026-01-30 16:08:48.400 DEBUG testcase.TC_HOM_03                       - 18: click(findTestObject("HideOrg/btn_OK"))
2026-01-30 16:08:48.747 INFO  c.k.katalon.core.main.TestCaseExecutor   - END Test Cases/HideOrg/TC_HOM_03
2026-01-30 16:08:48.750 INFO  c.k.katalon.core.main.TestSuiteExecutor  - --------------------
2026-01-30 16:08:48.750 INFO  c.k.katalon.core.main.TestSuiteExecutor  - END Test Suites/TS_HideOrg
2026-01-30 16:08:48.750 INFO  c.k.katalon.core.main.TestSuiteExecutor  - ====================
