2026-01-06 11:58:38.476 INFO  c.k.k.c.l.logback.LogbackConfigurator    - Logback default configuration initialized from: C:\Users\Administrator\.katalon\packages\KSE-10.4.2\configuration\org.eclipse.osgi\132\0\.cp\resources\logback\logback-execution.xml
2026-01-06 11:58:38.482 INFO  c.k.k.c.l.logback.LogbackConfigurator    - Logback custom configuration initialized from: C:\Users\Administrator\git\magiq\Include\config\log.properties
2026-01-06 11:58:39.149 INFO  c.k.katalon.core.main.TestSuiteExecutor  - START Test Suites/TC_CO
2026-01-06 11:58:39.272 INFO  c.k.katalon.core.main.TestSuiteExecutor  - userFullName = Cong Thanh
2026-01-06 11:58:39.273 INFO  c.k.katalon.core.main.TestSuiteExecutor  - projectName = magiq
2026-01-06 11:58:39.274 INFO  c.k.katalon.core.main.TestSuiteExecutor  - hostName = Administrator - WINDOWS-10
2026-01-06 11:58:39.275 INFO  c.k.katalon.core.main.TestSuiteExecutor  - os = Windows 10 64bit
2026-01-06 11:58:39.276 INFO  c.k.katalon.core.main.TestSuiteExecutor  - hostAddress = 192.168.126.20
2026-01-06 11:58:39.278 INFO  c.k.katalon.core.main.TestSuiteExecutor  - katalonVersion = 10.4.2.0
2026-01-06 11:58:40.775 INFO  c.k.katalon.core.main.TestCaseExecutor   - --------------------
2026-01-06 11:58:40.776 INFO  c.k.katalon.core.main.TestCaseExecutor   - START Test Cases/CO/TC1.1
2026-01-06 11:58:41.462 DEBUG testcase.TC1.1                           - 1: callTestCase(findTestCase("Login/LG-01"), [:], STOP_ON_FAILURE)
2026-01-06 11:58:41.727 INFO  c.k.katalon.core.main.TestCaseExecutor   - --------------------
2026-01-06 11:58:41.727 INFO  c.k.katalon.core.main.TestCaseExecutor   - CALL Test Cases/Login/LG-01
2026-01-06 11:58:42.162 DEBUG testcase.LG-01                           - 1: LOCAL_PAGELOAD = 300
2026-01-06 11:58:42.167 DEBUG testcase.LG-01                           - 2: WAIT_ELEMENT_BEFORE_RELOAD = 120
2026-01-06 11:58:42.172 DEBUG testcase.LG-01                           - 3: MAX_RELOAD_ATTEMPTS = 5
2026-01-06 11:58:42.178 DEBUG testcase.LG-01                           - 4: AFTER_LOGIN_WAIT = 120
2026-01-06 11:58:42.184 DEBUG testcase.LG-01                           - 5: SHORT = 5
2026-01-06 11:58:42.189 DEBUG testcase.LG-01                           - 6: MEDIUM = 15
2026-01-06 11:58:42.200 DEBUG testcase.LG-01                           - 7: LONG = 30
2026-01-06 11:58:42.208 DEBUG testcase.LG-01                           - 8: openBrowser("")
2026-01-06 11:58:42.600 INFO  c.k.k.core.webui.driver.DriverFactory    - Starting 'Chrome' driver
2026-01-06 11:58:42.612 INFO  c.k.k.c.w.util.WebDriverPropertyUtil     - User set preference: ['args', '[--user-data-dir=C:\QA\Profiles\KatalonChrome, --profile-directory=Default]']
2026-01-06 11:58:42.688 INFO  c.k.k.core.webui.driver.DriverFactory    - Action delay is set to 0 milliseconds
1月 06, 2026 11:58:44 午前 org.openqa.selenium.devtools.CdpVersionFinder findNearestMatch
WARNING: Unable to find CDP implementation matching 143
1月 06, 2026 11:58:44 午前 org.openqa.selenium.chromium.ChromiumDriver lambda$new$4
WARNING: Unable to find version of CDP to use for 143.0.7499.170. You may need to include a dependency on a specific version of the CDP using something similar to `org.seleniumhq.selenium:selenium-devtools-v86:4.34.0` where the version ("v86") matches the version of the chromium-based browser you're using and the version number of the artifact is the same as Selenium's.
2026-01-06 11:58:45.302 INFO  c.k.k.core.webui.driver.DriverFactory    - sessionId = 8af84c250cb7632e6cdbedad8f18b0e1
2026-01-06 11:58:45.304 INFO  c.k.k.core.webui.driver.DriverFactory    - browser = Chrome 143.0.7499.170
2026-01-06 11:58:45.305 INFO  c.k.k.core.webui.driver.DriverFactory    - platform = Windows 10
2026-01-06 11:58:45.307 INFO  c.k.k.core.webui.driver.DriverFactory    - seleniumVersion = 4.34.0
2026-01-06 11:58:45.322 INFO  c.k.k.core.webui.driver.DriverFactory    - proxyInformation = ProxyInformation { proxyOption=NO_PROXY, proxyServerType=HTTP, username=, password=********, proxyServerAddress=, proxyServerPort=0, executionList="", isApplyToDesiredCapabilities=true }
2026-01-06 11:58:45.399 DEBUG testcase.LG-01                           - 9: maximizeWindow()
2026-01-06 11:58:45.453 DEBUG testcase.LG-01                           - 10: navigateToUrl("https://qa.engagement.magiqdev.cloud/login")
2026-01-06 11:58:47.228 DEBUG testcase.LG-01                           - 11: waitForPageLoad(LOCAL_PAGELOAD)
2026-01-06 11:58:47.521 DEBUG testcase.LG-01                           - 12: spanAdmin = new com.kms.katalon.core.testobject.TestObject(obj_span_admin_test_1)
2026-01-06 11:58:47.544 DEBUG testcase.LG-01                           - 13: spanAdmin.addProperty("xpath", EQUALS, "//button[.//span[contains(normalize-space(), 'test')]]")
2026-01-06 11:58:47.566 DEBUG testcase.LG-01                           - 14: iExitToApp = new com.kms.katalon.core.testobject.TestObject(obj_i_exit_to_app)
2026-01-06 11:58:47.572 DEBUG testcase.LG-01                           - 15: iExitToApp.addProperty("xpath", EQUALS, "//i[normalize-space(text())='exit_to_app']")
2026-01-06 11:58:47.583 DEBUG testcase.LG-01                           - 16: userNameInput = new com.kms.katalon.core.testobject.TestObject(obj_input_userName)
2026-01-06 11:58:47.602 DEBUG testcase.LG-01                           - 17: userNameInput.addProperty("id", EQUALS, "userName")
2026-01-06 11:58:47.620 DEBUG testcase.LG-01                           - 18: currentUrl = getUrl()
2026-01-06 11:58:48.538 DEBUG testcase.LG-01                           - 19: if (currentUrl == "https://qa.engagement.magiqdev.cloud/news")
2026-01-06 11:58:48.541 DEBUG testcase.LG-01                           - 20: userNameField = new com.kms.katalon.core.testobject.TestObject(userName)
2026-01-06 11:58:48.545 DEBUG testcase.LG-01                           - 21: userNameField.addProperty("id", EQUALS, "userName")
2026-01-06 11:58:48.551 DEBUG testcase.LG-01                           - 22: passwordField = new com.kms.katalon.core.testobject.TestObject(password)
2026-01-06 11:58:48.555 DEBUG testcase.LG-01                           - 23: passwordField.addProperty("xpath", EQUALS, "//input[@type='password' or contains(@aria-label,'password') or contains(@placeholder,'Password')]")
2026-01-06 11:58:48.559 DEBUG testcase.LG-01                           - 24: loginBtn = new com.kms.katalon.core.testobject.TestObject(loginBtn)
2026-01-06 11:58:48.564 DEBUG testcase.LG-01                           - 25: loginBtn.addProperty("css", EQUALS, "button.btn-login")
2026-01-06 11:58:48.569 DEBUG testcase.LG-01                           - 26: loginBtn.addProperty("xpath", EQUALS, "//button[contains(@class,'btn-login') or normalize-space(.)='Login' or .//span[normalize-space(.)='Login']]")
2026-01-06 11:58:48.571 DEBUG testcase.LG-01                           - 27: appBar = new com.kms.katalon.core.testobject.TestObject(appBar)
2026-01-06 11:58:48.575 DEBUG testcase.LG-01                           - 28: appBar.addProperty("css", EQUALS, ".mat-app-bar")
2026-01-06 11:58:48.578 DEBUG testcase.LG-01                           - 29: appBar.addProperty("xpath", EQUALS, "//*[contains(@class,'mat-app-bar')]")
2026-01-06 11:58:48.583 DEBUG testcase.LG-01                           - 30: usernameVisible = false
2026-01-06 11:58:48.587 DEBUG testcase.LG-01                           - 31: attempts = 0
2026-01-06 11:58:48.591 DEBUG testcase.LG-01                           - 32: usernameVisible = waitForElementVisible(userNameField, 3, OPTIONAL)
2026-01-06 11:58:50.231 DEBUG testcase.LG-01                           - 33: if (!(usernameVisible))
2026-01-06 11:58:50.247 DEBUG testcase.LG-01                           - 34: if (!(usernameVisible))
2026-01-06 11:58:50.250 DEBUG testcase.LG-01                           - 35: setText(userNameField, "admin1test@gmail.com")
2026-01-06 11:58:51.384 DEBUG testcase.LG-01                           - 36: passwordVisible = waitForElementVisible(passwordField, WAIT_ELEMENT_BEFORE_RELOAD, OPTIONAL)
2026-01-06 11:58:51.649 DEBUG testcase.LG-01                           - 37: if (!(passwordVisible))
2026-01-06 11:58:51.661 DEBUG testcase.LG-01                           - 38: if (!(passwordVisible))
2026-01-06 11:58:51.663 DEBUG testcase.LG-01                           - 39: setEncryptedText(passwordField, "vckfKYHQ/X5a0LrHpsIEKA==")
2026-01-06 11:58:52.078 DEBUG testcase.LG-01                           - 40: loginClickable = waitForElementClickable(loginBtn, WAIT_ELEMENT_BEFORE_RELOAD, OPTIONAL)
2026-01-06 11:58:52.694 DEBUG testcase.LG-01                           - 41: if (!(loginClickable))
2026-01-06 11:58:52.696 DEBUG testcase.LG-01                           - 42: if (!(loginClickable))
2026-01-06 11:58:52.699 DEBUG testcase.LG-01                           - 43: click(loginBtn)
2026-01-06 11:58:53.030 DEBUG testcase.LG-01                           - 44: appBarVisible = false
2026-01-06 11:58:53.032 DEBUG testcase.LG-01                           - 45: waited = 0
2026-01-06 11:58:53.034 DEBUG testcase.LG-01                           - 46: step = 3
2026-01-06 11:58:53.036 DEBUG testcase.LG-01                           - 47: while (waited < AFTER_LOGIN_WAIT || appBarVisible)
2026-01-06 11:58:53.038 DEBUG testcase.LG-01                           - 1: if (verifyElementVisible(appBar, OPTIONAL))
2026-01-06 11:59:01.569 DEBUG testcase.LG-01                           - 1: appBarVisible = true
2026-01-06 11:59:01.571 DEBUG testcase.LG-01                           - 2: break
2026-01-06 11:59:01.574 DEBUG testcase.LG-01                           - 48: if (!(appBarVisible))
2026-01-06 11:59:01.577 DEBUG testcase.LG-01                           - 49: if (appBarVisible)
2026-01-06 11:59:01.581 DEBUG testcase.LG-01                           - 1: comment("Login thành công: thấy class 'mat-app-bar'.")
2026-01-06 11:59:01.608 INFO  c.k.k.c.keyword.builtin.CommentKeyword   - Login thành công: thấy class 'mat-app-bar'.
2026-01-06 11:59:01.610 INFO  c.k.katalon.core.main.TestCaseExecutor   - END CALL Test Cases/Login/LG-01
2026-01-06 11:59:01.611 INFO  c.k.katalon.core.main.TestCaseExecutor   - --------------------
2026-01-06 11:59:01.634 DEBUG testcase.TC1.1                           - 2: PAGELOAD_TIMEOUT = 300
2026-01-06 11:59:01.641 DEBUG testcase.TC1.1                           - 3: WAIT_FIELD = 60
2026-01-06 11:59:01.646 DEBUG testcase.TC1.1                           - 4: MAX_RELOAD_ATTEMPTS = 1
2026-01-06 11:59:01.651 DEBUG testcase.TC1.1                           - 5: WAIT_AFTER_CLICK = 90
2026-01-06 11:59:01.654 DEBUG testcase.TC1.1                           - 6: WAIT_TIMEOUT = 120
2026-01-06 11:59:01.660 DEBUG testcase.TC1.1                           - 7: MEDIUM = 15
2026-01-06 11:59:01.666 DEBUG testcase.TC1.1                           - 8: SHORT = 5
2026-01-06 11:59:01.677 DEBUG testcase.TC1.1                           - 9: LONG = 30
2026-01-06 11:59:01.684 DEBUG testcase.TC1.1                           - 10: try
2026-01-06 11:59:01.687 DEBUG testcase.TC1.1                           - 1: screen = getDefaultToolkit().getScreenSize()
2026-01-06 11:59:02.094 DEBUG testcase.TC1.1                           - 2: x = 5
2026-01-06 11:59:02.096 DEBUG testcase.TC1.1                           - 3: y = height - 5
2026-01-06 11:59:02.156 DEBUG testcase.TC1.1                           - 4: robot = new java.awt.Robot()
2026-01-06 11:59:02.177 DEBUG testcase.TC1.1                           - 5: robot.mouseMove(x, y)
2026-01-06 11:59:02.193 DEBUG testcase.TC1.1                           - 6: comment(🖱️ Đã di chuyển trỏ chuột tới góc trái dưới: ($x, $y))
2026-01-06 11:59:02.299 INFO  c.k.k.c.keyword.builtin.CommentKeyword   - 🖱️ Đã di chuyển trỏ chuột tới góc trái dưới: (5, 1075)
2026-01-06 11:59:02.301 DEBUG testcase.TC1.1                           - 7: Thread.sleep(400)
2026-01-06 11:59:02.721 DEBUG testcase.TC1.1                           - 13: driver = getWebDriver()
2026-01-06 11:59:02.729 DEBUG testcase.TC1.1                           - 14: bodyEl = driver.findElement(By.tagName("body"))
2026-01-06 11:59:02.985 DEBUG testcase.TC1.1                           - 15: actions = new org.openqa.selenium.interactions.Actions(driver)
2026-01-06 11:59:03.006 DEBUG testcase.TC1.1                           - 16: targetX = 0
2026-01-06 11:59:03.008 DEBUG testcase.TC1.1                           - 17: targetY = 300
2026-01-06 11:59:03.010 DEBUG testcase.TC1.1                           - 18: moveToElement(bodyEl, targetX, targetY).perform()
2026-01-06 11:59:03.175 DEBUG testcase.TC1.1                           - 19: comment(🖱️ Đã move Actions tới body offset (x=$targetX, y=$targetY).)
2026-01-06 11:59:03.178 INFO  c.k.k.c.keyword.builtin.CommentKeyword   - 🖱️ Đã move Actions tới body offset (x=0, y=300).
2026-01-06 11:59:03.180 DEBUG testcase.TC1.1                           - 20: click().perform()
2026-01-06 11:59:03.195 DEBUG testcase.TC1.1                           - 21: comment(✅ Đã click bằng Actions tại mép trái (x≈0), giữa màn hình (y≈$targetY).)
2026-01-06 11:59:03.199 INFO  c.k.k.c.keyword.builtin.CommentKeyword   - ✅ Đã click bằng Actions tại mép trái (x≈0), giữa màn hình (y≈300).
2026-01-06 11:59:03.200 DEBUG testcase.TC1.1                           - 22: aAccount = new com.kms.katalon.core.testobject.TestObject(a_account)
2026-01-06 11:59:03.202 DEBUG testcase.TC1.1                           - 23: aAccount.addProperty("xpath", EQUALS, "//a[@href='organisation']")
2026-01-06 11:59:03.204 DEBUG testcase.TC1.1                           - 24: present = waitForElementPresent(aAccount, WAIT_TIMEOUT, OPTIONAL)
2026-01-06 11:59:03.452 DEBUG testcase.TC1.1                           - 25: visible = waitForElementVisible(aAccount, WAIT_TIMEOUT, OPTIONAL)
2026-01-06 11:59:03.710 DEBUG testcase.TC1.1                           - 26: clickable = waitForElementClickable(aAccount, WAIT_TIMEOUT, OPTIONAL)
2026-01-06 11:59:03.972 DEBUG testcase.TC1.1                           - 27: if (!(present && visible))
2026-01-06 11:59:03.973 DEBUG testcase.TC1.1                           - 28: if (clickable)
2026-01-06 11:59:03.974 DEBUG testcase.TC1.1                           - 1: click(aAccount)
2026-01-06 11:59:04.422 DEBUG testcase.TC1.1                           - 2: comment("✅ Đã click vào liên kết account.")
2026-01-06 11:59:04.426 INFO  c.k.k.c.keyword.builtin.CommentKeyword   - ✅ Đã click vào liên kết account.
2026-01-06 11:59:04.427 DEBUG testcase.TC1.1                           - 30: click(findTestObject("CO/btt_change_org"))
2026-01-06 11:59:10.639 DEBUG testcase.TC1.1                           - 31: waitForElementVisible(findTestObject("CO/modal_org"), 30)
2026-01-06 11:59:12.210 INFO  c.k.katalon.core.main.TestCaseExecutor   - END Test Cases/CO/TC1.1
2026-01-06 11:59:12.215 INFO  c.k.katalon.core.main.TestCaseExecutor   - --------------------
2026-01-06 11:59:12.216 INFO  c.k.katalon.core.main.TestCaseExecutor   - START Test Cases/CO/TC1.2
2026-01-06 11:59:12.335 DEBUG testcase.TC1.2                           - 1: waitForElementVisible(findTestObject("CO/input_search"), 10)
2026-01-06 11:59:12.608 DEBUG testcase.TC1.2                           - 2: setText(findTestObject("CO/input_search"), "Magiq Software")
2026-01-06 11:59:13.693 DEBUG testcase.TC1.2                           - 3: sendKeys(findTestObject("CO/input_search"), Keys.chord(ENTER))
2026-01-06 11:59:14.037 DEBUG testcase.TC1.2                           - 4: verifyElementPresent(findTestObject("CO/h6_magiq"), 10)
2026-01-06 11:59:17.777 DEBUG testcase.TC1.2                           - 5: verifyElementNotPresent(findTestObject("CO/h6_not_magiq"), 10)
2026-01-06 11:59:18.066 INFO  c.k.katalon.core.main.TestCaseExecutor   - END Test Cases/CO/TC1.2
2026-01-06 11:59:18.068 INFO  c.k.katalon.core.main.TestCaseExecutor   - --------------------
2026-01-06 11:59:18.069 INFO  c.k.katalon.core.main.TestCaseExecutor   - START Test Cases/CO/TC1.3
2026-01-06 11:59:18.112 DEBUG testcase.TC1.3                           - 1: click(findTestObject("CO/h6_magiq"))
2026-01-06 11:59:18.452 INFO  c.k.katalon.core.main.TestCaseExecutor   - END Test Cases/CO/TC1.3
2026-01-06 11:59:18.813 INFO  c.k.katalon.core.main.TestSuiteExecutor  - --------------------
2026-01-06 11:59:18.813 INFO  c.k.katalon.core.main.TestSuiteExecutor  - END Test Suites/TC_CO
2026-01-06 11:59:18.813 INFO  c.k.katalon.core.main.TestSuiteExecutor  - ====================
