2026-01-06 11:15:42.068 INFO  c.k.k.c.l.logback.LogbackConfigurator    - Logback default configuration initialized from: C:\Users\Administrator\.katalon\packages\KSE-10.4.2\configuration\org.eclipse.osgi\132\0\.cp\resources\logback\logback-execution.xml
2026-01-06 11:15:42.073 INFO  c.k.k.c.l.logback.LogbackConfigurator    - Logback custom configuration initialized from: C:\Users\Administrator\git\magiq\Include\config\log.properties
2026-01-06 11:15:42.599 INFO  c.k.katalon.core.main.TestSuiteExecutor  - START Test Suites/TC_CO
2026-01-06 11:15:42.693 INFO  c.k.katalon.core.main.TestSuiteExecutor  - userFullName = Cong Thanh
2026-01-06 11:15:42.694 INFO  c.k.katalon.core.main.TestSuiteExecutor  - projectName = magiq
2026-01-06 11:15:42.695 INFO  c.k.katalon.core.main.TestSuiteExecutor  - hostName = Administrator - WINDOWS-10
2026-01-06 11:15:42.695 INFO  c.k.katalon.core.main.TestSuiteExecutor  - os = Windows 10 64bit
2026-01-06 11:15:42.696 INFO  c.k.katalon.core.main.TestSuiteExecutor  - hostAddress = 192.168.126.20
2026-01-06 11:15:42.698 INFO  c.k.katalon.core.main.TestSuiteExecutor  - katalonVersion = 10.4.2.0
2026-01-06 11:15:43.797 INFO  c.k.katalon.core.main.TestCaseExecutor   - --------------------
2026-01-06 11:15:43.798 INFO  c.k.katalon.core.main.TestCaseExecutor   - START Test Cases/CO/TC1.1
2026-01-06 11:15:44.299 ERROR c.k.katalon.core.main.TestCaseExecutor   - ❌ Test Cases/CO/TC1.1 FAILED.
Reason:
org.codehaus.groovy.control.MultipleCompilationErrorsException: startup failed:
file:/C:/Users/Administrator/git/magiq/Scripts/CO/TC1.1/Script1767670064994.groovy: 50: unable to resolve class WebDriver
 @ line 50, column 11.
   WebDriver driver = DriverFactory.getWebDriver()
             ^

file:/C:/Users/Administrator/git/magiq/Scripts/CO/TC1.1/Script1767670064994.groovy: 51: unable to resolve class WebElement
 @ line 51, column 12.
   WebElement bodyEl = driver.findElement(By.tagName("body"))
              ^

file:/C:/Users/Administrator/git/magiq/Scripts/CO/TC1.1/Script1767670064994.groovy: 52: unable to resolve class Actions
 @ line 52, column 9.
   Actions actions = new Actions(driver)
           ^

file:/C:/Users/Administrator/git/magiq/Scripts/CO/TC1.1/Script1767670064994.groovy: 52: unable to resolve class Actions
 @ line 52, column 19.
   Actions actions = new Actions(driver)
                     ^

4 errors

	at com.kms.katalon.core.main.ScriptEngine.getScript(ScriptEngine.java:199)
	at com.kms.katalon.core.main.ScriptEngine.run(ScriptEngine.java:194)
	at com.kms.katalon.core.main.ScriptEngine.runScriptAsRawText(ScriptEngine.java:119)
	at com.kms.katalon.core.main.TestCaseExecutor.runScript(TestCaseExecutor.java:490)
	at com.kms.katalon.core.main.TestCaseExecutor.doExecute(TestCaseExecutor.java:481)
	at com.kms.katalon.core.main.TestCaseExecutor.processExecutionPhase(TestCaseExecutor.java:460)
	at com.kms.katalon.core.main.TestCaseExecutor.accessMainPhase(TestCaseExecutor.java:452)
	at com.kms.katalon.core.main.TestCaseExecutor.execute(TestCaseExecutor.java:322)
	at com.kms.katalon.core.common.CommonExecutor.accessTestCaseMainPhase(CommonExecutor.java:71)
	at com.kms.katalon.core.main.TestSuiteExecutor.accessTestSuiteMainPhase(TestSuiteExecutor.java:153)
	at com.kms.katalon.core.main.TestSuiteExecutor.execute(TestSuiteExecutor.java:110)
	at com.kms.katalon.core.main.TestCaseMain.startTestSuite(TestCaseMain.java:205)
	at TempTestSuite1767672938860.run(TempTestSuite1767672938860.groovy:35)
	at java.base/jdk.internal.reflect.NativeMethodAccessorImpl.invoke0(Native Method)
	at java.base/jdk.internal.reflect.NativeMethodAccessorImpl.invoke(NativeMethodAccessorImpl.java:77)
	at java.base/jdk.internal.reflect.DelegatingMethodAccessorImpl.invoke(DelegatingMethodAccessorImpl.java:43)

2026-01-06 11:15:44.314 INFO  c.k.katalon.core.main.TestCaseExecutor   - END Test Cases/CO/TC1.1
2026-01-06 11:15:44.322 INFO  c.k.katalon.core.main.TestCaseExecutor   - --------------------
2026-01-06 11:15:44.322 INFO  c.k.katalon.core.main.TestCaseExecutor   - START Test Cases/CO/TC1.1
2026-01-06 11:15:44.646 ERROR c.k.katalon.core.main.TestCaseExecutor   - ❌ Test Cases/CO/TC1.1 FAILED.
Reason:
org.codehaus.groovy.control.MultipleCompilationErrorsException: startup failed:
file:/C:/Users/Administrator/git/magiq/Scripts/CO/TC1.1/Script1767670064994.groovy: 50: unable to resolve class WebDriver
 @ line 50, column 11.
   WebDriver driver = DriverFactory.getWebDriver()
             ^

file:/C:/Users/Administrator/git/magiq/Scripts/CO/TC1.1/Script1767670064994.groovy: 51: unable to resolve class WebElement
 @ line 51, column 12.
   WebElement bodyEl = driver.findElement(By.tagName("body"))
              ^

file:/C:/Users/Administrator/git/magiq/Scripts/CO/TC1.1/Script1767670064994.groovy: 52: unable to resolve class Actions
 @ line 52, column 9.
   Actions actions = new Actions(driver)
           ^

file:/C:/Users/Administrator/git/magiq/Scripts/CO/TC1.1/Script1767670064994.groovy: 52: unable to resolve class Actions
 @ line 52, column 19.
   Actions actions = new Actions(driver)
                     ^

4 errors

	at com.kms.katalon.core.main.ScriptEngine.getScript(ScriptEngine.java:199)
	at com.kms.katalon.core.main.ScriptEngine.run(ScriptEngine.java:194)
	at com.kms.katalon.core.main.ScriptEngine.runScriptAsRawText(ScriptEngine.java:119)
	at com.kms.katalon.core.main.TestCaseExecutor.runScript(TestCaseExecutor.java:490)
	at com.kms.katalon.core.main.TestCaseExecutor.doExecute(TestCaseExecutor.java:481)
	at com.kms.katalon.core.main.TestCaseExecutor.processExecutionPhase(TestCaseExecutor.java:460)
	at com.kms.katalon.core.main.TestCaseExecutor.accessMainPhase(TestCaseExecutor.java:452)
	at com.kms.katalon.core.main.TestCaseExecutor.execute(TestCaseExecutor.java:322)
	at com.kms.katalon.core.main.TestCaseExecutor.execute(TestCaseExecutor.java:410)
	at com.kms.katalon.core.common.CommonExecutor.accessTestCaseMainPhase(CommonExecutor.java:71)
	at com.kms.katalon.core.main.TestSuiteExecutor.accessTestSuiteMainPhase(TestSuiteExecutor.java:153)
	at com.kms.katalon.core.main.TestSuiteExecutor.execute(TestSuiteExecutor.java:110)
	at com.kms.katalon.core.main.TestCaseMain.startTestSuite(TestCaseMain.java:205)
	at TempTestSuite1767672938860.run(TempTestSuite1767672938860.groovy:35)
	at java.base/jdk.internal.reflect.NativeMethodAccessorImpl.invoke0(Native Method)
	at java.base/jdk.internal.reflect.NativeMethodAccessorImpl.invoke(NativeMethodAccessorImpl.java:77)
	at java.base/jdk.internal.reflect.DelegatingMethodAccessorImpl.invoke(DelegatingMethodAccessorImpl.java:43)

2026-01-06 11:15:44.650 INFO  c.k.katalon.core.main.TestCaseExecutor   - END Test Cases/CO/TC1.1
2026-01-06 11:15:44.654 INFO  c.k.katalon.core.main.TestCaseExecutor   - --------------------
2026-01-06 11:15:44.655 INFO  c.k.katalon.core.main.TestCaseExecutor   - START Test Cases/CO/TC1.1
2026-01-06 11:15:44.881 ERROR c.k.katalon.core.main.TestCaseExecutor   - ❌ Test Cases/CO/TC1.1 FAILED.
Reason:
org.codehaus.groovy.control.MultipleCompilationErrorsException: startup failed:
file:/C:/Users/Administrator/git/magiq/Scripts/CO/TC1.1/Script1767670064994.groovy: 50: unable to resolve class WebDriver
 @ line 50, column 11.
   WebDriver driver = DriverFactory.getWebDriver()
             ^

file:/C:/Users/Administrator/git/magiq/Scripts/CO/TC1.1/Script1767670064994.groovy: 51: unable to resolve class WebElement
 @ line 51, column 12.
   WebElement bodyEl = driver.findElement(By.tagName("body"))
              ^

file:/C:/Users/Administrator/git/magiq/Scripts/CO/TC1.1/Script1767670064994.groovy: 52: unable to resolve class Actions
 @ line 52, column 9.
   Actions actions = new Actions(driver)
           ^

file:/C:/Users/Administrator/git/magiq/Scripts/CO/TC1.1/Script1767670064994.groovy: 52: unable to resolve class Actions
 @ line 52, column 19.
   Actions actions = new Actions(driver)
                     ^

4 errors

	at com.kms.katalon.core.main.ScriptEngine.getScript(ScriptEngine.java:199)
	at com.kms.katalon.core.main.ScriptEngine.run(ScriptEngine.java:194)
	at com.kms.katalon.core.main.ScriptEngine.runScriptAsRawText(ScriptEngine.java:119)
	at com.kms.katalon.core.main.TestCaseExecutor.runScript(TestCaseExecutor.java:490)
	at com.kms.katalon.core.main.TestCaseExecutor.doExecute(TestCaseExecutor.java:481)
	at com.kms.katalon.core.main.TestCaseExecutor.processExecutionPhase(TestCaseExecutor.java:460)
	at com.kms.katalon.core.main.TestCaseExecutor.accessMainPhase(TestCaseExecutor.java:452)
	at com.kms.katalon.core.main.TestCaseExecutor.execute(TestCaseExecutor.java:322)
	at com.kms.katalon.core.main.TestCaseExecutor.execute(TestCaseExecutor.java:410)
	at com.kms.katalon.core.main.TestCaseExecutor.execute(TestCaseExecutor.java:410)
	at com.kms.katalon.core.common.CommonExecutor.accessTestCaseMainPhase(CommonExecutor.java:71)
	at com.kms.katalon.core.main.TestSuiteExecutor.accessTestSuiteMainPhase(TestSuiteExecutor.java:153)
	at com.kms.katalon.core.main.TestSuiteExecutor.execute(TestSuiteExecutor.java:110)
	at com.kms.katalon.core.main.TestCaseMain.startTestSuite(TestCaseMain.java:205)
	at TempTestSuite1767672938860.run(TempTestSuite1767672938860.groovy:35)
	at java.base/jdk.internal.reflect.NativeMethodAccessorImpl.invoke0(Native Method)
	at java.base/jdk.internal.reflect.NativeMethodAccessorImpl.invoke(NativeMethodAccessorImpl.java:77)
	at java.base/jdk.internal.reflect.DelegatingMethodAccessorImpl.invoke(DelegatingMethodAccessorImpl.java:43)

2026-01-06 11:15:44.885 INFO  c.k.katalon.core.main.TestCaseExecutor   - END Test Cases/CO/TC1.1
2026-01-06 11:15:44.888 INFO  c.k.katalon.core.main.TestCaseExecutor   - --------------------
2026-01-06 11:15:44.888 INFO  c.k.katalon.core.main.TestCaseExecutor   - START Test Cases/CO/TC1.1
2026-01-06 11:15:45.124 ERROR c.k.katalon.core.main.TestCaseExecutor   - ❌ Test Cases/CO/TC1.1 FAILED.
Reason:
org.codehaus.groovy.control.MultipleCompilationErrorsException: startup failed:
file:/C:/Users/Administrator/git/magiq/Scripts/CO/TC1.1/Script1767670064994.groovy: 50: unable to resolve class WebDriver
 @ line 50, column 11.
   WebDriver driver = DriverFactory.getWebDriver()
             ^

file:/C:/Users/Administrator/git/magiq/Scripts/CO/TC1.1/Script1767670064994.groovy: 51: unable to resolve class WebElement
 @ line 51, column 12.
   WebElement bodyEl = driver.findElement(By.tagName("body"))
              ^

file:/C:/Users/Administrator/git/magiq/Scripts/CO/TC1.1/Script1767670064994.groovy: 52: unable to resolve class Actions
 @ line 52, column 9.
   Actions actions = new Actions(driver)
           ^

file:/C:/Users/Administrator/git/magiq/Scripts/CO/TC1.1/Script1767670064994.groovy: 52: unable to resolve class Actions
 @ line 52, column 19.
   Actions actions = new Actions(driver)
                     ^

4 errors

	at com.kms.katalon.core.main.ScriptEngine.getScript(ScriptEngine.java:199)
	at com.kms.katalon.core.main.ScriptEngine.run(ScriptEngine.java:194)
	at com.kms.katalon.core.main.ScriptEngine.runScriptAsRawText(ScriptEngine.java:119)
	at com.kms.katalon.core.main.TestCaseExecutor.runScript(TestCaseExecutor.java:490)
	at com.kms.katalon.core.main.TestCaseExecutor.doExecute(TestCaseExecutor.java:481)
	at com.kms.katalon.core.main.TestCaseExecutor.processExecutionPhase(TestCaseExecutor.java:460)
	at com.kms.katalon.core.main.TestCaseExecutor.accessMainPhase(TestCaseExecutor.java:452)
	at com.kms.katalon.core.main.TestCaseExecutor.execute(TestCaseExecutor.java:322)
	at com.kms.katalon.core.main.TestCaseExecutor.execute(TestCaseExecutor.java:410)
	at com.kms.katalon.core.main.TestCaseExecutor.execute(TestCaseExecutor.java:410)
	at com.kms.katalon.core.main.TestCaseExecutor.execute(TestCaseExecutor.java:410)
	at com.kms.katalon.core.common.CommonExecutor.accessTestCaseMainPhase(CommonExecutor.java:71)
	at com.kms.katalon.core.main.TestSuiteExecutor.accessTestSuiteMainPhase(TestSuiteExecutor.java:153)
	at com.kms.katalon.core.main.TestSuiteExecutor.execute(TestSuiteExecutor.java:110)
	at com.kms.katalon.core.main.TestCaseMain.startTestSuite(TestCaseMain.java:205)
	at TempTestSuite1767672938860.run(TempTestSuite1767672938860.groovy:35)
	at java.base/jdk.internal.reflect.NativeMethodAccessorImpl.invoke0(Native Method)
	at java.base/jdk.internal.reflect.NativeMethodAccessorImpl.invoke(NativeMethodAccessorImpl.java:77)
	at java.base/jdk.internal.reflect.DelegatingMethodAccessorImpl.invoke(DelegatingMethodAccessorImpl.java:43)

2026-01-06 11:15:45.126 INFO  c.k.katalon.core.main.TestCaseExecutor   - END Test Cases/CO/TC1.1
2026-01-06 11:15:45.172 INFO  c.k.katalon.core.main.TestSuiteExecutor  - --------------------
2026-01-06 11:15:45.172 INFO  c.k.katalon.core.main.TestSuiteExecutor  - END Test Suites/TC_CO
2026-01-06 11:15:45.173 INFO  c.k.katalon.core.main.TestSuiteExecutor  - ====================
