2026-01-29 16:55:08.511 INFO  c.k.k.c.l.logback.LogbackConfigurator    - Logback default configuration initialized from: C:\Users\Administrator\.katalon\packages\KSE-10.4.2\configuration\org.eclipse.osgi\132\0\.cp\resources\logback\logback-execution.xml
2026-01-29 16:55:08.517 INFO  c.k.k.c.l.logback.LogbackConfigurator    - Logback custom configuration initialized from: C:\Users\Administrator\git\magiq\Include\config\log.properties
2026-01-29 16:55:09.695 INFO  c.k.katalon.core.main.TestSuiteExecutor  - START Test Suites/TS_HideOrg
2026-01-29 16:55:09.859 INFO  c.k.katalon.core.main.TestSuiteExecutor  - userFullName = Cong Thanh
2026-01-29 16:55:09.861 INFO  c.k.katalon.core.main.TestSuiteExecutor  - projectName = magiq
2026-01-29 16:55:09.862 INFO  c.k.katalon.core.main.TestSuiteExecutor  - hostName = Administrator - WINDOWS-10
2026-01-29 16:55:09.863 INFO  c.k.katalon.core.main.TestSuiteExecutor  - os = Windows 10 64bit
2026-01-29 16:55:09.864 INFO  c.k.katalon.core.main.TestSuiteExecutor  - hostAddress = 192.168.126.20
2026-01-29 16:55:09.865 INFO  c.k.katalon.core.main.TestSuiteExecutor  - katalonVersion = 10.4.2.0
2026-01-29 16:55:11.585 INFO  c.k.katalon.core.main.TestCaseExecutor   - --------------------
2026-01-29 16:55:11.586 INFO  c.k.katalon.core.main.TestCaseExecutor   - START Test Cases/HideOrg/TC_HOM_03
2026-01-29 16:55:11.799 DEBUG testcase.TC_HOM_03                       - 1: openBrowser("")
2026-01-29 16:55:12.345 INFO  c.k.k.core.webui.driver.DriverFactory    - Starting 'Chrome' driver
2026-01-29 16:55:12.360 INFO  c.k.k.c.w.util.WebDriverPropertyUtil     - User set preference: ['args', '[--user-data-dir=C:\QA\Profiles\KatalonChrome, --profile-directory=Default]']
2026-01-29 16:55:12.465 INFO  c.k.k.core.webui.driver.DriverFactory    - Action delay is set to 0 milliseconds
1月 29, 2026 4:55:14 午後 org.openqa.selenium.devtools.CdpVersionFinder findNearestMatch
WARNING: Unable to find CDP implementation matching 144
1月 29, 2026 4:55:14 午後 org.openqa.selenium.chromium.ChromiumDriver lambda$new$4
WARNING: Unable to find version of CDP to use for 144.0.7559.98. You may need to include a dependency on a specific version of the CDP using something similar to `org.seleniumhq.selenium:selenium-devtools-v86:4.34.0` where the version ("v86") matches the version of the chromium-based browser you're using and the version number of the artifact is the same as Selenium's.
2026-01-29 16:55:15.038 INFO  c.k.k.core.webui.driver.DriverFactory    - sessionId = dfaa70d44bf7e5a3dae691d4a1345eaa
2026-01-29 16:55:15.040 INFO  c.k.k.core.webui.driver.DriverFactory    - browser = Chrome 144.0.7559.98
2026-01-29 16:55:15.041 INFO  c.k.k.core.webui.driver.DriverFactory    - platform = Windows 10
2026-01-29 16:55:15.042 INFO  c.k.k.core.webui.driver.DriverFactory    - seleniumVersion = 4.34.0
2026-01-29 16:55:15.058 INFO  c.k.k.core.webui.driver.DriverFactory    - proxyInformation = ProxyInformation { proxyOption=NO_PROXY, proxyServerType=HTTP, username=, password=********, proxyServerAddress=, proxyServerPort=0, executionList="", isApplyToDesiredCapabilities=true }
2026-01-29 16:55:15.130 DEBUG testcase.TC_HOM_03                       - 2: navigateToUrl("https://qa.engagement.magiqdev.cloud/organisation")
2026-01-29 16:55:15.273 DEBUG testcase.TC_HOM_03                       - 3: waitForElementClickable(findTestObject("HideOrg/btn_hide"), 120)
2026-01-29 16:55:22.370 DEBUG testcase.TC_HOM_03                       - 4: click(findTestObject("HideOrg/btn_hide"))
2026-01-29 16:55:22.841 DEBUG testcase.TC_HOM_03                       - 5: waitForElementClickable(findTestObject("HideOrg/input_multisect"), 120)
2026-01-29 16:55:23.714 DEBUG testcase.TC_HOM_03                       - 6: click(findTestObject("HideOrg/input_multisect"))
2026-01-29 16:55:24.085 DEBUG testcase.TC_HOM_03                       - 7: waitForElementClickable(findTestObject("HideOrg/li_News"), 120)
2026-01-29 16:55:24.699 DEBUG testcase.TC_HOM_03                       - 8: click(findTestObject("HideOrg/li_News"))
2026-01-29 16:55:25.119 DEBUG testcase.TC_HOM_03                       - 9: waitForElementClickable(findTestObject("HideOrg/input_multisect"), 120)
