2026-01-06 11:22:36.927 INFO  c.k.k.c.l.logback.LogbackConfigurator    - Logback default configuration initialized from: C:\Users\Administrator\.katalon\packages\KSE-10.4.2\configuration\org.eclipse.osgi\132\0\.cp\resources\logback\logback-execution.xml
2026-01-06 11:22:36.934 INFO  c.k.k.c.l.logback.LogbackConfigurator    - Logback custom configuration initialized from: C:\Users\Administrator\git\magiq\Include\config\log.properties
2026-01-06 11:22:37.637 INFO  c.k.katalon.core.main.TestSuiteExecutor  - START Test Suites/TC_CO
2026-01-06 11:22:37.773 INFO  c.k.katalon.core.main.TestSuiteExecutor  - userFullName = Cong Thanh
2026-01-06 11:22:37.775 INFO  c.k.katalon.core.main.TestSuiteExecutor  - projectName = magiq
2026-01-06 11:22:37.776 INFO  c.k.katalon.core.main.TestSuiteExecutor  - hostName = Administrator - WINDOWS-10
2026-01-06 11:22:37.777 INFO  c.k.katalon.core.main.TestSuiteExecutor  - os = Windows 10 64bit
2026-01-06 11:22:37.778 INFO  c.k.katalon.core.main.TestSuiteExecutor  - hostAddress = 192.168.126.20
2026-01-06 11:22:37.780 INFO  c.k.katalon.core.main.TestSuiteExecutor  - katalonVersion = 10.4.2.0
2026-01-06 11:22:39.514 INFO  c.k.katalon.core.main.TestCaseExecutor   - --------------------
2026-01-06 11:22:39.515 INFO  c.k.katalon.core.main.TestCaseExecutor   - START Test Cases/CO/TC1.1
2026-01-06 11:22:40.252 DEBUG testcase.TC1.1                           - 1: callTestCase(findTestCase("Login/LG-01"), [:], STOP_ON_FAILURE)
2026-01-06 11:22:40.545 INFO  c.k.katalon.core.main.TestCaseExecutor   - --------------------
2026-01-06 11:22:40.545 INFO  c.k.katalon.core.main.TestCaseExecutor   - CALL Test Cases/Login/LG-01
2026-01-06 11:22:41.066 DEBUG testcase.LG-01                           - 1: LOCAL_PAGELOAD = 300
2026-01-06 11:22:41.072 DEBUG testcase.LG-01                           - 2: WAIT_ELEMENT_BEFORE_RELOAD = 120
2026-01-06 11:22:41.077 DEBUG testcase.LG-01                           - 3: MAX_RELOAD_ATTEMPTS = 5
2026-01-06 11:22:41.082 DEBUG testcase.LG-01                           - 4: AFTER_LOGIN_WAIT = 120
2026-01-06 11:22:41.089 DEBUG testcase.LG-01                           - 5: SHORT = 5
2026-01-06 11:22:41.093 DEBUG testcase.LG-01                           - 6: MEDIUM = 15
2026-01-06 11:22:41.098 DEBUG testcase.LG-01                           - 7: LONG = 30
2026-01-06 11:22:41.105 DEBUG testcase.LG-01                           - 8: openBrowser("")
2026-01-06 11:22:41.475 INFO  c.k.k.core.webui.driver.DriverFactory    - Starting 'Chrome' driver
2026-01-06 11:22:41.486 INFO  c.k.k.c.w.util.WebDriverPropertyUtil     - User set preference: ['args', '[--user-data-dir=C:\QA\Profiles\KatalonChrome, --profile-directory=Default]']
2026-01-06 11:22:41.573 INFO  c.k.k.core.webui.driver.DriverFactory    - Action delay is set to 0 milliseconds
1月 06, 2026 11:22:43 午前 org.openqa.selenium.devtools.CdpVersionFinder findNearestMatch
WARNING: Unable to find CDP implementation matching 143
1月 06, 2026 11:22:43 午前 org.openqa.selenium.chromium.ChromiumDriver lambda$new$4
WARNING: Unable to find version of CDP to use for 143.0.7499.170. You may need to include a dependency on a specific version of the CDP using something similar to `org.seleniumhq.selenium:selenium-devtools-v86:4.34.0` where the version ("v86") matches the version of the chromium-based browser you're using and the version number of the artifact is the same as Selenium's.
2026-01-06 11:22:43.995 INFO  c.k.k.core.webui.driver.DriverFactory    - sessionId = 8b6769bf61a304555cfd46c89de73d14
2026-01-06 11:22:43.996 INFO  c.k.k.core.webui.driver.DriverFactory    - browser = Chrome 143.0.7499.170
2026-01-06 11:22:43.997 INFO  c.k.k.core.webui.driver.DriverFactory    - platform = Windows 10
2026-01-06 11:22:43.998 INFO  c.k.k.core.webui.driver.DriverFactory    - seleniumVersion = 4.34.0
2026-01-06 11:22:44.011 INFO  c.k.k.core.webui.driver.DriverFactory    - proxyInformation = ProxyInformation { proxyOption=NO_PROXY, proxyServerType=HTTP, username=, password=********, proxyServerAddress=, proxyServerPort=0, executionList="", isApplyToDesiredCapabilities=true }
2026-01-06 11:22:44.078 DEBUG testcase.LG-01                           - 9: maximizeWindow()
2026-01-06 11:22:44.195 DEBUG testcase.LG-01                           - 10: navigateToUrl("https://qa.engagement.magiqdev.cloud/login")
2026-01-06 11:22:45.649 DEBUG testcase.LG-01                           - 11: waitForPageLoad(LOCAL_PAGELOAD)
2026-01-06 11:22:45.899 DEBUG testcase.LG-01                           - 12: spanAdmin = new com.kms.katalon.core.testobject.TestObject(obj_span_admin_test_1)
2026-01-06 11:22:45.931 DEBUG testcase.LG-01                           - 13: spanAdmin.addProperty("xpath", EQUALS, "//button[.//span[contains(normalize-space(), 'test')]]")
2026-01-06 11:22:45.962 DEBUG testcase.LG-01                           - 14: iExitToApp = new com.kms.katalon.core.testobject.TestObject(obj_i_exit_to_app)
2026-01-06 11:22:45.968 DEBUG testcase.LG-01                           - 15: iExitToApp.addProperty("xpath", EQUALS, "//i[normalize-space(text())='exit_to_app']")
2026-01-06 11:22:45.977 DEBUG testcase.LG-01                           - 16: userNameInput = new com.kms.katalon.core.testobject.TestObject(obj_input_userName)
2026-01-06 11:22:45.985 DEBUG testcase.LG-01                           - 17: userNameInput.addProperty("id", EQUALS, "userName")
2026-01-06 11:22:45.993 DEBUG testcase.LG-01                           - 18: currentUrl = getUrl()
2026-01-06 11:22:46.886 DEBUG testcase.LG-01                           - 19: if (currentUrl == "https://qa.engagement.magiqdev.cloud/news")
2026-01-06 11:22:46.890 DEBUG testcase.LG-01                           - 20: userNameField = new com.kms.katalon.core.testobject.TestObject(userName)
2026-01-06 11:22:46.894 DEBUG testcase.LG-01                           - 21: userNameField.addProperty("id", EQUALS, "userName")
2026-01-06 11:22:46.897 DEBUG testcase.LG-01                           - 22: passwordField = new com.kms.katalon.core.testobject.TestObject(password)
2026-01-06 11:22:46.901 DEBUG testcase.LG-01                           - 23: passwordField.addProperty("xpath", EQUALS, "//input[@type='password' or contains(@aria-label,'password') or contains(@placeholder,'Password')]")
2026-01-06 11:22:46.907 DEBUG testcase.LG-01                           - 24: loginBtn = new com.kms.katalon.core.testobject.TestObject(loginBtn)
2026-01-06 11:22:46.911 DEBUG testcase.LG-01                           - 25: loginBtn.addProperty("css", EQUALS, "button.btn-login")
2026-01-06 11:22:46.915 DEBUG testcase.LG-01                           - 26: loginBtn.addProperty("xpath", EQUALS, "//button[contains(@class,'btn-login') or normalize-space(.)='Login' or .//span[normalize-space(.)='Login']]")
2026-01-06 11:22:46.918 DEBUG testcase.LG-01                           - 27: appBar = new com.kms.katalon.core.testobject.TestObject(appBar)
2026-01-06 11:22:46.923 DEBUG testcase.LG-01                           - 28: appBar.addProperty("css", EQUALS, ".mat-app-bar")
2026-01-06 11:22:46.927 DEBUG testcase.LG-01                           - 29: appBar.addProperty("xpath", EQUALS, "//*[contains(@class,'mat-app-bar')]")
2026-01-06 11:22:46.931 DEBUG testcase.LG-01                           - 30: usernameVisible = false
2026-01-06 11:22:46.939 DEBUG testcase.LG-01                           - 31: attempts = 0
2026-01-06 11:22:46.942 DEBUG testcase.LG-01                           - 32: usernameVisible = waitForElementVisible(userNameField, 3, OPTIONAL)
2026-01-06 11:22:48.561 DEBUG testcase.LG-01                           - 33: if (!(usernameVisible))
2026-01-06 11:22:48.571 DEBUG testcase.LG-01                           - 34: if (!(usernameVisible))
2026-01-06 11:22:48.574 DEBUG testcase.LG-01                           - 35: setText(userNameField, "admin1test@gmail.com")
2026-01-06 11:22:49.269 DEBUG testcase.LG-01                           - 36: passwordVisible = waitForElementVisible(passwordField, WAIT_ELEMENT_BEFORE_RELOAD, OPTIONAL)
2026-01-06 11:22:49.533 DEBUG testcase.LG-01                           - 37: if (!(passwordVisible))
2026-01-06 11:22:49.534 DEBUG testcase.LG-01                           - 38: if (!(passwordVisible))
2026-01-06 11:22:49.535 DEBUG testcase.LG-01                           - 39: setEncryptedText(passwordField, "vckfKYHQ/X5a0LrHpsIEKA==")
2026-01-06 11:22:49.930 DEBUG testcase.LG-01                           - 40: loginClickable = waitForElementClickable(loginBtn, WAIT_ELEMENT_BEFORE_RELOAD, OPTIONAL)
2026-01-06 11:22:50.221 DEBUG testcase.LG-01                           - 41: if (!(loginClickable))
2026-01-06 11:22:50.223 DEBUG testcase.LG-01                           - 42: if (!(loginClickable))
2026-01-06 11:22:50.224 DEBUG testcase.LG-01                           - 43: click(loginBtn)
2026-01-06 11:22:50.556 DEBUG testcase.LG-01                           - 44: appBarVisible = false
2026-01-06 11:22:50.558 DEBUG testcase.LG-01                           - 45: waited = 0
2026-01-06 11:22:50.559 DEBUG testcase.LG-01                           - 46: step = 3
2026-01-06 11:22:50.561 DEBUG testcase.LG-01                           - 47: while (waited < AFTER_LOGIN_WAIT || appBarVisible)
2026-01-06 11:22:50.562 DEBUG testcase.LG-01                           - 1: if (verifyElementVisible(appBar, OPTIONAL))
2026-01-06 11:22:55.193 DEBUG testcase.LG-01                           - 1: appBarVisible = true
2026-01-06 11:22:55.194 DEBUG testcase.LG-01                           - 2: break
2026-01-06 11:22:55.195 DEBUG testcase.LG-01                           - 48: if (!(appBarVisible))
2026-01-06 11:22:55.197 DEBUG testcase.LG-01                           - 49: if (appBarVisible)
2026-01-06 11:22:55.198 DEBUG testcase.LG-01                           - 1: comment("Login thành công: thấy class 'mat-app-bar'.")
2026-01-06 11:22:55.212 INFO  c.k.k.c.keyword.builtin.CommentKeyword   - Login thành công: thấy class 'mat-app-bar'.
2026-01-06 11:22:55.214 INFO  c.k.katalon.core.main.TestCaseExecutor   - END CALL Test Cases/Login/LG-01
2026-01-06 11:22:55.215 INFO  c.k.katalon.core.main.TestCaseExecutor   - --------------------
2026-01-06 11:22:55.227 DEBUG testcase.TC1.1                           - 2: PAGELOAD_TIMEOUT = 300
2026-01-06 11:22:55.230 DEBUG testcase.TC1.1                           - 3: WAIT_FIELD = 60
2026-01-06 11:22:55.234 DEBUG testcase.TC1.1                           - 4: MAX_RELOAD_ATTEMPTS = 1
2026-01-06 11:22:55.241 DEBUG testcase.TC1.1                           - 5: WAIT_AFTER_CLICK = 90
2026-01-06 11:22:55.244 DEBUG testcase.TC1.1                           - 6: WAIT_TIMEOUT = 120
2026-01-06 11:22:55.246 DEBUG testcase.TC1.1                           - 7: MEDIUM = 15
2026-01-06 11:22:55.248 DEBUG testcase.TC1.1                           - 8: SHORT = 5
2026-01-06 11:22:55.252 DEBUG testcase.TC1.1                           - 9: LONG = 30
2026-01-06 11:22:55.257 DEBUG testcase.TC1.1                           - 10: try
2026-01-06 11:22:55.261 DEBUG testcase.TC1.1                           - 1: screen = getDefaultToolkit().getScreenSize()
2026-01-06 11:22:55.357 DEBUG testcase.TC1.1                           - 2: x = 5
2026-01-06 11:22:55.360 DEBUG testcase.TC1.1                           - 3: y = height - 5
2026-01-06 11:22:55.407 DEBUG testcase.TC1.1                           - 4: robot = new java.awt.Robot()
2026-01-06 11:22:55.433 DEBUG testcase.TC1.1                           - 5: robot.mouseMove(x, y)
2026-01-06 11:22:55.448 DEBUG testcase.TC1.1                           - 6: comment(🖱️ Đã di chuyển trỏ chuột tới góc trái dưới: ($x, $y))
2026-01-06 11:22:55.506 INFO  c.k.k.c.keyword.builtin.CommentKeyword   - 🖱️ Đã di chuyển trỏ chuột tới góc trái dưới: (5, 1075)
2026-01-06 11:22:55.509 DEBUG testcase.TC1.1                           - 7: Thread.sleep(400)
2026-01-06 11:22:55.936 DEBUG testcase.TC1.1                           - 13: driver = getWebDriver()
2026-01-06 11:22:55.940 DEBUG testcase.TC1.1                           - 14: bodyEl = driver.findElement(By.tagName("body"))
2026-01-06 11:22:56.698 DEBUG testcase.TC1.1                           - 15: actions = new org.openqa.selenium.interactions.Actions(driver)
2026-01-06 11:22:56.717 DEBUG testcase.TC1.1                           - 16: targetX = 0
2026-01-06 11:22:56.719 DEBUG testcase.TC1.1                           - 17: targetY = 300
2026-01-06 11:22:56.723 DEBUG testcase.TC1.1                           - 18: moveToElement(bodyEl, targetX, targetY).perform()
2026-01-06 11:22:56.860 DEBUG testcase.TC1.1                           - 19: comment(🖱️ Đã move Actions tới body offset (x=$targetX, y=$targetY).)
2026-01-06 11:22:56.863 INFO  c.k.k.c.keyword.builtin.CommentKeyword   - 🖱️ Đã move Actions tới body offset (x=0, y=300).
2026-01-06 11:22:56.865 DEBUG testcase.TC1.1                           - 20: click().perform()
2026-01-06 11:22:56.886 DEBUG testcase.TC1.1                           - 21: comment(✅ Đã click bằng Actions tại mép trái (x≈0), giữa màn hình (y≈$targetY).)
2026-01-06 11:22:56.891 INFO  c.k.k.c.keyword.builtin.CommentKeyword   - ✅ Đã click bằng Actions tại mép trái (x≈0), giữa màn hình (y≈300).
2026-01-06 11:22:56.895 DEBUG testcase.TC1.1                           - 22: aAccount = new com.kms.katalon.core.testobject.TestObject(a_account)
2026-01-06 11:22:56.897 DEBUG testcase.TC1.1                           - 23: aAccount.addProperty("xpath", EQUALS, "//a[@href='organisation']")
2026-01-06 11:22:56.900 DEBUG testcase.TC1.1                           - 24: present = waitForElementPresent(aAccount, WAIT_TIMEOUT, OPTIONAL)
2026-01-06 11:22:57.157 DEBUG testcase.TC1.1                           - 25: visible = waitForElementVisible(aAccount, WAIT_TIMEOUT, OPTIONAL)
2026-01-06 11:22:57.409 DEBUG testcase.TC1.1                           - 26: clickable = waitForElementClickable(aAccount, WAIT_TIMEOUT, OPTIONAL)
2026-01-06 11:22:57.672 DEBUG testcase.TC1.1                           - 27: if (!(present && visible))
2026-01-06 11:22:57.674 DEBUG testcase.TC1.1                           - 28: if (clickable)
2026-01-06 11:22:57.675 DEBUG testcase.TC1.1                           - 1: click(aAccount)
2026-01-06 11:22:58.145 DEBUG testcase.TC1.1                           - 2: comment("✅ Đã click vào liên kết account.")
2026-01-06 11:22:58.150 INFO  c.k.k.c.keyword.builtin.CommentKeyword   - ✅ Đã click vào liên kết account.
2026-01-06 11:22:58.152 DEBUG testcase.TC1.1                           - 30: click(findTestObject("CO/btt_change_org"))
2026-01-06 11:22:59.645 DEBUG testcase.TC1.1                           - 31: waitForElementVisible(findTestObject("CO/modal_org"), 30)
2026-01-06 11:23:00.897 INFO  c.k.katalon.core.main.TestCaseExecutor   - END Test Cases/CO/TC1.1
2026-01-06 11:23:01.419 INFO  c.k.katalon.core.main.TestSuiteExecutor  - --------------------
2026-01-06 11:23:01.419 INFO  c.k.katalon.core.main.TestSuiteExecutor  - END Test Suites/TC_CO
2026-01-06 11:23:01.419 INFO  c.k.katalon.core.main.TestSuiteExecutor  - ====================
