2026-01-06 16:46:11.316 INFO  c.k.k.c.l.logback.LogbackConfigurator    - Logback default configuration initialized from: C:\Users\Administrator\.katalon\packages\KSE-10.4.2\configuration\org.eclipse.osgi\132\0\.cp\resources\logback\logback-execution.xml
2026-01-06 16:46:11.321 INFO  c.k.k.c.l.logback.LogbackConfigurator    - Logback custom configuration initialized from: C:\Users\Administrator\git\magiq\Include\config\log.properties
2026-01-06 16:46:11.931 INFO  c.k.katalon.core.main.TestSuiteExecutor  - START Test Suites/TS_Location
2026-01-06 16:46:12.046 INFO  c.k.katalon.core.main.TestSuiteExecutor  - userFullName = Cong Thanh
2026-01-06 16:46:12.047 INFO  c.k.katalon.core.main.TestSuiteExecutor  - projectName = magiq
2026-01-06 16:46:12.048 INFO  c.k.katalon.core.main.TestSuiteExecutor  - hostName = Administrator - WINDOWS-10
2026-01-06 16:46:12.049 INFO  c.k.katalon.core.main.TestSuiteExecutor  - os = Windows 10 64bit
2026-01-06 16:46:12.050 INFO  c.k.katalon.core.main.TestSuiteExecutor  - hostAddress = 192.168.126.20
2026-01-06 16:46:12.051 INFO  c.k.katalon.core.main.TestSuiteExecutor  - katalonVersion = 10.4.2.0
2026-01-06 16:46:13.266 INFO  c.k.katalon.core.main.TestCaseExecutor   - --------------------
2026-01-06 16:46:13.267 INFO  c.k.katalon.core.main.TestCaseExecutor   - START Test Cases/Location/TC.LOC.5
2026-01-06 16:46:13.368 DEBUG testcase.TC.LOC.5                        - 1: openBrowser("")
2026-01-06 16:46:13.730 INFO  c.k.k.core.webui.driver.DriverFactory    - Starting 'Chrome' driver
2026-01-06 16:46:13.740 INFO  c.k.k.c.w.util.WebDriverPropertyUtil     - User set preference: ['args', '[--user-data-dir=C:\QA\Profiles\KatalonChrome, --profile-directory=Default]']
2026-01-06 16:46:13.802 INFO  c.k.k.core.webui.driver.DriverFactory    - Action delay is set to 0 milliseconds
1月 06, 2026 4:46:15 午後 org.openqa.selenium.devtools.CdpVersionFinder findNearestMatch
WARNING: Unable to find CDP implementation matching 143
1月 06, 2026 4:46:15 午後 org.openqa.selenium.chromium.ChromiumDriver lambda$new$4
WARNING: Unable to find version of CDP to use for 143.0.7499.170. You may need to include a dependency on a specific version of the CDP using something similar to `org.seleniumhq.selenium:selenium-devtools-v86:4.34.0` where the version ("v86") matches the version of the chromium-based browser you're using and the version number of the artifact is the same as Selenium's.
2026-01-06 16:46:15.680 INFO  c.k.k.core.webui.driver.DriverFactory    - sessionId = 3cdf3e9bb6b12350d1f25c67936ee198
2026-01-06 16:46:15.681 INFO  c.k.k.core.webui.driver.DriverFactory    - browser = Chrome 143.0.7499.170
2026-01-06 16:46:15.683 INFO  c.k.k.core.webui.driver.DriverFactory    - platform = Windows 10
2026-01-06 16:46:15.684 INFO  c.k.k.core.webui.driver.DriverFactory    - seleniumVersion = 4.34.0
2026-01-06 16:46:15.697 INFO  c.k.k.core.webui.driver.DriverFactory    - proxyInformation = ProxyInformation { proxyOption=NO_PROXY, proxyServerType=HTTP, username=, password=********, proxyServerAddress=, proxyServerPort=0, executionList="", isApplyToDesiredCapabilities=true }
2026-01-06 16:46:15.759 DEBUG testcase.TC.LOC.5                        - 2: navigateToUrl("https://qa.engagement.magiqdev.cloud/organisation")
2026-01-06 16:46:16.945 DEBUG testcase.TC.LOC.5                        - 3: click(findTestObject("Location/btt_location"))
2026-01-06 16:46:27.440 WARN  c.k.k.c.w.keyword.builtin.ClickKeyword   - Waiting for element timed out
2026-01-06 16:46:27.548 INFO  c.k.katalon.core.main.TestCaseExecutor   - END Test Cases/Location/TC.LOC.5
2026-01-06 16:46:27.950 INFO  c.k.katalon.core.main.TestSuiteExecutor  - --------------------
2026-01-06 16:46:27.950 INFO  c.k.katalon.core.main.TestSuiteExecutor  - END Test Suites/TS_Location
2026-01-06 16:46:27.950 INFO  c.k.katalon.core.main.TestSuiteExecutor  - ====================
