2026-01-06 11:50:20.807 INFO  c.k.k.c.l.logback.LogbackConfigurator    - Logback default configuration initialized from: C:\Users\Administrator\.katalon\packages\KSE-10.4.2\configuration\org.eclipse.osgi\132\0\.cp\resources\logback\logback-execution.xml
2026-01-06 11:50:20.813 INFO  c.k.k.c.l.logback.LogbackConfigurator    - Logback custom configuration initialized from: C:\Users\Administrator\git\magiq\Include\config\log.properties
2026-01-06 11:50:21.594 INFO  c.k.katalon.core.main.TestSuiteExecutor  - START Test Suites/TC_CO
2026-01-06 11:50:21.748 INFO  c.k.katalon.core.main.TestSuiteExecutor  - userFullName = Cong Thanh
2026-01-06 11:50:21.749 INFO  c.k.katalon.core.main.TestSuiteExecutor  - projectName = magiq
2026-01-06 11:50:21.751 INFO  c.k.katalon.core.main.TestSuiteExecutor  - hostName = Administrator - WINDOWS-10
2026-01-06 11:50:21.753 INFO  c.k.katalon.core.main.TestSuiteExecutor  - os = Windows 10 64bit
2026-01-06 11:50:21.755 INFO  c.k.katalon.core.main.TestSuiteExecutor  - hostAddress = 192.168.126.20
2026-01-06 11:50:21.757 INFO  c.k.katalon.core.main.TestSuiteExecutor  - katalonVersion = 10.4.2.0
2026-01-06 11:50:23.688 INFO  c.k.katalon.core.main.TestCaseExecutor   - --------------------
2026-01-06 11:50:23.689 INFO  c.k.katalon.core.main.TestCaseExecutor   - START Test Cases/CO/TC1.1
2026-01-06 11:50:24.266 DEBUG testcase.TC1.1                           - 1: callTestCase(findTestCase("Login/LG-01"), [:], STOP_ON_FAILURE)
2026-01-06 11:50:24.502 INFO  c.k.katalon.core.main.TestCaseExecutor   - --------------------
2026-01-06 11:50:24.502 INFO  c.k.katalon.core.main.TestCaseExecutor   - CALL Test Cases/Login/LG-01
2026-01-06 11:50:24.939 DEBUG testcase.LG-01                           - 1: LOCAL_PAGELOAD = 300
2026-01-06 11:50:24.942 DEBUG testcase.LG-01                           - 2: WAIT_ELEMENT_BEFORE_RELOAD = 120
2026-01-06 11:50:24.945 DEBUG testcase.LG-01                           - 3: MAX_RELOAD_ATTEMPTS = 5
2026-01-06 11:50:24.952 DEBUG testcase.LG-01                           - 4: AFTER_LOGIN_WAIT = 120
2026-01-06 11:50:24.956 DEBUG testcase.LG-01                           - 5: SHORT = 5
2026-01-06 11:50:24.960 DEBUG testcase.LG-01                           - 6: MEDIUM = 15
2026-01-06 11:50:24.963 DEBUG testcase.LG-01                           - 7: LONG = 30
2026-01-06 11:50:24.968 DEBUG testcase.LG-01                           - 8: openBrowser("")
2026-01-06 11:50:25.245 INFO  c.k.k.core.webui.driver.DriverFactory    - Starting 'Chrome' driver
2026-01-06 11:50:25.259 INFO  c.k.k.c.w.util.WebDriverPropertyUtil     - User set preference: ['args', '[--user-data-dir=C:\QA\Profiles\KatalonChrome, --profile-directory=Default]']
2026-01-06 11:50:25.337 INFO  c.k.k.core.webui.driver.DriverFactory    - Action delay is set to 0 milliseconds
1月 06, 2026 11:50:26 午前 org.openqa.selenium.devtools.CdpVersionFinder findNearestMatch
WARNING: Unable to find CDP implementation matching 143
1月 06, 2026 11:50:26 午前 org.openqa.selenium.chromium.ChromiumDriver lambda$new$4
WARNING: Unable to find version of CDP to use for 143.0.7499.170. You may need to include a dependency on a specific version of the CDP using something similar to `org.seleniumhq.selenium:selenium-devtools-v86:4.34.0` where the version ("v86") matches the version of the chromium-based browser you're using and the version number of the artifact is the same as Selenium's.
2026-01-06 11:50:27.589 INFO  c.k.k.core.webui.driver.DriverFactory    - sessionId = d75a677f0a71c13fc7e825995890091f
2026-01-06 11:50:27.590 INFO  c.k.k.core.webui.driver.DriverFactory    - browser = Chrome 143.0.7499.170
2026-01-06 11:50:27.591 INFO  c.k.k.core.webui.driver.DriverFactory    - platform = Windows 10
2026-01-06 11:50:27.592 INFO  c.k.k.core.webui.driver.DriverFactory    - seleniumVersion = 4.34.0
2026-01-06 11:50:27.606 INFO  c.k.k.core.webui.driver.DriverFactory    - proxyInformation = ProxyInformation { proxyOption=NO_PROXY, proxyServerType=HTTP, username=, password=********, proxyServerAddress=, proxyServerPort=0, executionList="", isApplyToDesiredCapabilities=true }
2026-01-06 11:50:27.673 DEBUG testcase.LG-01                           - 9: maximizeWindow()
2026-01-06 11:50:27.723 DEBUG testcase.LG-01                           - 10: navigateToUrl("https://qa.engagement.magiqdev.cloud/login")
2026-01-06 11:50:27.838 DEBUG testcase.LG-01                           - 11: waitForPageLoad(LOCAL_PAGELOAD)
2026-01-06 11:50:28.760 DEBUG testcase.LG-01                           - 12: spanAdmin = new com.kms.katalon.core.testobject.TestObject(obj_span_admin_test_1)
2026-01-06 11:50:28.805 DEBUG testcase.LG-01                           - 13: spanAdmin.addProperty("xpath", EQUALS, "//button[.//span[contains(normalize-space(), 'test')]]")
2026-01-06 11:50:28.835 DEBUG testcase.LG-01                           - 14: iExitToApp = new com.kms.katalon.core.testobject.TestObject(obj_i_exit_to_app)
2026-01-06 11:50:28.858 DEBUG testcase.LG-01                           - 15: iExitToApp.addProperty("xpath", EQUALS, "//i[normalize-space(text())='exit_to_app']")
2026-01-06 11:50:28.862 DEBUG testcase.LG-01                           - 16: userNameInput = new com.kms.katalon.core.testobject.TestObject(obj_input_userName)
2026-01-06 11:50:28.871 DEBUG testcase.LG-01                           - 17: userNameInput.addProperty("id", EQUALS, "userName")
2026-01-06 11:50:28.880 DEBUG testcase.LG-01                           - 18: currentUrl = getUrl()
2026-01-06 11:50:28.960 DEBUG testcase.LG-01                           - 19: if (currentUrl == "https://qa.engagement.magiqdev.cloud/news")
2026-01-06 11:50:28.968 DEBUG testcase.LG-01                           - 20: userNameField = new com.kms.katalon.core.testobject.TestObject(userName)
2026-01-06 11:50:28.977 DEBUG testcase.LG-01                           - 21: userNameField.addProperty("id", EQUALS, "userName")
2026-01-06 11:50:28.987 DEBUG testcase.LG-01                           - 22: passwordField = new com.kms.katalon.core.testobject.TestObject(password)
2026-01-06 11:50:28.991 DEBUG testcase.LG-01                           - 23: passwordField.addProperty("xpath", EQUALS, "//input[@type='password' or contains(@aria-label,'password') or contains(@placeholder,'Password')]")
2026-01-06 11:50:28.996 DEBUG testcase.LG-01                           - 24: loginBtn = new com.kms.katalon.core.testobject.TestObject(loginBtn)
2026-01-06 11:50:29.006 DEBUG testcase.LG-01                           - 25: loginBtn.addProperty("css", EQUALS, "button.btn-login")
2026-01-06 11:50:29.025 DEBUG testcase.LG-01                           - 26: loginBtn.addProperty("xpath", EQUALS, "//button[contains(@class,'btn-login') or normalize-space(.)='Login' or .//span[normalize-space(.)='Login']]")
2026-01-06 11:50:29.037 DEBUG testcase.LG-01                           - 27: appBar = new com.kms.katalon.core.testobject.TestObject(appBar)
2026-01-06 11:50:29.042 DEBUG testcase.LG-01                           - 28: appBar.addProperty("css", EQUALS, ".mat-app-bar")
2026-01-06 11:50:29.046 DEBUG testcase.LG-01                           - 29: appBar.addProperty("xpath", EQUALS, "//*[contains(@class,'mat-app-bar')]")
2026-01-06 11:50:29.055 DEBUG testcase.LG-01                           - 30: usernameVisible = false
2026-01-06 11:50:29.059 DEBUG testcase.LG-01                           - 31: attempts = 0
2026-01-06 11:50:29.062 DEBUG testcase.LG-01                           - 32: usernameVisible = waitForElementVisible(userNameField, 3, OPTIONAL)
2026-01-06 11:50:32.039 DEBUG testcase.LG-01                           - 33: if (!(usernameVisible))
2026-01-06 11:50:32.052 DEBUG testcase.LG-01                           - 34: if (!(usernameVisible))
2026-01-06 11:50:32.056 DEBUG testcase.LG-01                           - 35: setText(userNameField, "admin1test@gmail.com")
2026-01-06 11:50:32.852 DEBUG testcase.LG-01                           - 36: passwordVisible = waitForElementVisible(passwordField, WAIT_ELEMENT_BEFORE_RELOAD, OPTIONAL)
2026-01-06 11:50:33.106 DEBUG testcase.LG-01                           - 37: if (!(passwordVisible))
2026-01-06 11:50:33.107 DEBUG testcase.LG-01                           - 38: if (!(passwordVisible))
2026-01-06 11:50:33.108 DEBUG testcase.LG-01                           - 39: setEncryptedText(passwordField, "vckfKYHQ/X5a0LrHpsIEKA==")
2026-01-06 11:50:33.502 DEBUG testcase.LG-01                           - 40: loginClickable = waitForElementClickable(loginBtn, WAIT_ELEMENT_BEFORE_RELOAD, OPTIONAL)
2026-01-06 11:50:34.211 DEBUG testcase.LG-01                           - 41: if (!(loginClickable))
2026-01-06 11:50:34.213 DEBUG testcase.LG-01                           - 42: if (!(loginClickable))
2026-01-06 11:50:34.214 DEBUG testcase.LG-01                           - 43: click(loginBtn)
2026-01-06 11:50:34.537 DEBUG testcase.LG-01                           - 44: appBarVisible = false
2026-01-06 11:50:34.538 DEBUG testcase.LG-01                           - 45: waited = 0
2026-01-06 11:50:34.539 DEBUG testcase.LG-01                           - 46: step = 3
2026-01-06 11:50:34.540 DEBUG testcase.LG-01                           - 47: while (waited < AFTER_LOGIN_WAIT || appBarVisible)
2026-01-06 11:50:34.542 DEBUG testcase.LG-01                           - 1: if (verifyElementVisible(appBar, OPTIONAL))
2026-01-06 11:50:39.204 DEBUG testcase.LG-01                           - 1: appBarVisible = true
2026-01-06 11:50:39.205 DEBUG testcase.LG-01                           - 2: break
2026-01-06 11:50:39.207 DEBUG testcase.LG-01                           - 48: if (!(appBarVisible))
2026-01-06 11:50:39.211 DEBUG testcase.LG-01                           - 49: if (appBarVisible)
2026-01-06 11:50:39.214 DEBUG testcase.LG-01                           - 1: comment("Login thành công: thấy class 'mat-app-bar'.")
2026-01-06 11:50:39.226 INFO  c.k.k.c.keyword.builtin.CommentKeyword   - Login thành công: thấy class 'mat-app-bar'.
2026-01-06 11:50:39.229 INFO  c.k.katalon.core.main.TestCaseExecutor   - END CALL Test Cases/Login/LG-01
2026-01-06 11:50:39.229 INFO  c.k.katalon.core.main.TestCaseExecutor   - --------------------
2026-01-06 11:50:39.239 DEBUG testcase.TC1.1                           - 2: PAGELOAD_TIMEOUT = 300
2026-01-06 11:50:39.242 DEBUG testcase.TC1.1                           - 3: WAIT_FIELD = 60
2026-01-06 11:50:39.244 DEBUG testcase.TC1.1                           - 4: MAX_RELOAD_ATTEMPTS = 1
2026-01-06 11:50:39.247 DEBUG testcase.TC1.1                           - 5: WAIT_AFTER_CLICK = 90
2026-01-06 11:50:39.251 DEBUG testcase.TC1.1                           - 6: WAIT_TIMEOUT = 120
2026-01-06 11:50:39.254 DEBUG testcase.TC1.1                           - 7: MEDIUM = 15
2026-01-06 11:50:39.256 DEBUG testcase.TC1.1                           - 8: SHORT = 5
2026-01-06 11:50:39.259 DEBUG testcase.TC1.1                           - 9: LONG = 30
2026-01-06 11:50:39.263 DEBUG testcase.TC1.1                           - 10: try
2026-01-06 11:50:39.268 DEBUG testcase.TC1.1                           - 1: screen = getDefaultToolkit().getScreenSize()
2026-01-06 11:50:39.378 DEBUG testcase.TC1.1                           - 2: x = 5
2026-01-06 11:50:39.380 DEBUG testcase.TC1.1                           - 3: y = height - 5
2026-01-06 11:50:39.437 DEBUG testcase.TC1.1                           - 4: robot = new java.awt.Robot()
2026-01-06 11:50:39.452 DEBUG testcase.TC1.1                           - 5: robot.mouseMove(x, y)
2026-01-06 11:50:39.462 DEBUG testcase.TC1.1                           - 6: comment(🖱️ Đã di chuyển trỏ chuột tới góc trái dưới: ($x, $y))
2026-01-06 11:50:39.524 INFO  c.k.k.c.keyword.builtin.CommentKeyword   - 🖱️ Đã di chuyển trỏ chuột tới góc trái dưới: (5, 1075)
2026-01-06 11:50:39.526 DEBUG testcase.TC1.1                           - 7: Thread.sleep(400)
2026-01-06 11:50:39.954 DEBUG testcase.TC1.1                           - 13: driver = getWebDriver()
2026-01-06 11:50:39.956 DEBUG testcase.TC1.1                           - 14: bodyEl = driver.findElement(By.tagName("body"))
2026-01-06 11:50:40.524 DEBUG testcase.TC1.1                           - 15: actions = new org.openqa.selenium.interactions.Actions(driver)
2026-01-06 11:50:40.536 DEBUG testcase.TC1.1                           - 16: targetX = 0
2026-01-06 11:50:40.538 DEBUG testcase.TC1.1                           - 17: targetY = 300
2026-01-06 11:50:40.539 DEBUG testcase.TC1.1                           - 18: moveToElement(bodyEl, targetX, targetY).perform()
2026-01-06 11:50:40.672 DEBUG testcase.TC1.1                           - 19: comment(🖱️ Đã move Actions tới body offset (x=$targetX, y=$targetY).)
2026-01-06 11:50:40.674 INFO  c.k.k.c.keyword.builtin.CommentKeyword   - 🖱️ Đã move Actions tới body offset (x=0, y=300).
2026-01-06 11:50:40.676 DEBUG testcase.TC1.1                           - 20: click().perform()
2026-01-06 11:50:40.692 DEBUG testcase.TC1.1                           - 21: comment(✅ Đã click bằng Actions tại mép trái (x≈0), giữa màn hình (y≈$targetY).)
2026-01-06 11:50:40.695 INFO  c.k.k.c.keyword.builtin.CommentKeyword   - ✅ Đã click bằng Actions tại mép trái (x≈0), giữa màn hình (y≈300).
2026-01-06 11:50:40.697 DEBUG testcase.TC1.1                           - 22: aAccount = new com.kms.katalon.core.testobject.TestObject(a_account)
2026-01-06 11:50:40.700 DEBUG testcase.TC1.1                           - 23: aAccount.addProperty("xpath", EQUALS, "//a[@href='organisation']")
2026-01-06 11:50:40.702 DEBUG testcase.TC1.1                           - 24: present = waitForElementPresent(aAccount, WAIT_TIMEOUT, OPTIONAL)
2026-01-06 11:50:40.950 DEBUG testcase.TC1.1                           - 25: visible = waitForElementVisible(aAccount, WAIT_TIMEOUT, OPTIONAL)
2026-01-06 11:50:41.203 DEBUG testcase.TC1.1                           - 26: clickable = waitForElementClickable(aAccount, WAIT_TIMEOUT, OPTIONAL)
2026-01-06 11:50:41.469 DEBUG testcase.TC1.1                           - 27: if (!(present && visible))
2026-01-06 11:50:41.470 DEBUG testcase.TC1.1                           - 28: if (clickable)
2026-01-06 11:50:41.471 DEBUG testcase.TC1.1                           - 1: click(aAccount)
2026-01-06 11:50:41.930 DEBUG testcase.TC1.1                           - 2: comment("✅ Đã click vào liên kết account.")
2026-01-06 11:50:41.935 INFO  c.k.k.c.keyword.builtin.CommentKeyword   - ✅ Đã click vào liên kết account.
2026-01-06 11:50:41.937 DEBUG testcase.TC1.1                           - 30: click(findTestObject("CO/btt_change_org"))
2026-01-06 11:50:44.075 DEBUG testcase.TC1.1                           - 31: waitForElementVisible(findTestObject("CO/modal_org"), 30)
2026-01-06 11:50:44.856 INFO  c.k.katalon.core.main.TestCaseExecutor   - END Test Cases/CO/TC1.1
2026-01-06 11:50:44.864 INFO  c.k.katalon.core.main.TestCaseExecutor   - --------------------
2026-01-06 11:50:44.864 INFO  c.k.katalon.core.main.TestCaseExecutor   - START Test Cases/CO/TC1.2
2026-01-06 11:50:45.022 DEBUG testcase.TC1.2                           - 1: waitForElementVisible(findTestObject("CO/input_search"), 10)
2026-01-06 11:50:45.346 DEBUG testcase.TC1.2                           - 2: setText(findTestObject("CO/input_search"), "Magiq Software")
2026-01-06 11:50:46.468 DEBUG testcase.TC1.2                           - 3: sendKeys(findTestObject("CO/input_search"), Keys.chord(ENTER))
2026-01-06 11:50:46.818 DEBUG testcase.TC1.2                           - 4: verifyElementPresent(findTestObject("CO/h6_magiq"), 10)
2026-01-06 11:50:50.257 DEBUG testcase.TC1.2                           - 5: verifyElementNotPresent(findTestObject("CO/h6_not_magiq"), 10)
2026-01-06 11:50:50.553 INFO  c.k.katalon.core.main.TestCaseExecutor   - END Test Cases/CO/TC1.2
2026-01-06 11:50:50.999 INFO  c.k.katalon.core.main.TestSuiteExecutor  - --------------------
2026-01-06 11:50:50.999 INFO  c.k.katalon.core.main.TestSuiteExecutor  - END Test Suites/TC_CO
2026-01-06 11:50:50.999 INFO  c.k.katalon.core.main.TestSuiteExecutor  - ====================
