2026-01-02 14:57:56.025 INFO  c.k.k.c.l.logback.LogbackConfigurator    - Logback default configuration initialized from: C:\Users\Administrator\.katalon\packages\KSE-10.4.2\configuration\org.eclipse.osgi\132\0\.cp\resources\logback\logback-execution.xml
2026-01-02 14:57:56.031 INFO  c.k.k.c.l.logback.LogbackConfigurator    - Logback custom configuration initialized from: C:\Users\Administrator\git\magiq\Include\config\log.properties
2026-01-02 14:57:56.677 INFO  c.k.katalon.core.main.TestSuiteExecutor  - START Test Suites/TS_FP
2026-01-02 14:57:56.817 INFO  c.k.katalon.core.main.TestSuiteExecutor  - userFullName = Cong Thanh
2026-01-02 14:57:56.819 INFO  c.k.katalon.core.main.TestSuiteExecutor  - projectName = magiq
2026-01-02 14:57:56.820 INFO  c.k.katalon.core.main.TestSuiteExecutor  - hostName = Administrator - WINDOWS-10
2026-01-02 14:57:56.822 INFO  c.k.katalon.core.main.TestSuiteExecutor  - os = Windows 10 64bit
2026-01-02 14:57:56.823 INFO  c.k.katalon.core.main.TestSuiteExecutor  - hostAddress = 192.168.126.20
2026-01-02 14:57:56.824 INFO  c.k.katalon.core.main.TestSuiteExecutor  - katalonVersion = 10.4.2.0
2026-01-02 14:57:58.221 INFO  c.k.katalon.core.main.TestCaseExecutor   - --------------------
2026-01-02 14:57:58.221 INFO  c.k.katalon.core.main.TestCaseExecutor   - START Test Cases/FP/FP-01
2026-01-02 14:57:58.550 DEBUG testcase.FP-01                           - 1: LOCAL_PAGELOAD = 300
2026-01-02 14:57:58.553 DEBUG testcase.FP-01                           - 2: WAIT_ELEMENT_BEFORE_RELOAD = 120
2026-01-02 14:57:58.558 DEBUG testcase.FP-01                           - 3: MAX_RELOAD_ATTEMPTS = 2
2026-01-02 14:57:58.562 DEBUG testcase.FP-01                           - 4: openBrowser("")
2026-01-02 14:57:58.993 INFO  c.k.k.core.webui.driver.DriverFactory    - Starting 'Chrome' driver
2026-01-02 14:57:59.002 INFO  c.k.k.c.w.util.WebDriverPropertyUtil     - User set preference: ['args', '[--user-data-dir=C:\QA\Profiles\KatalonChrome, --profile-directory=Default]']
2026-01-02 14:57:59.079 INFO  c.k.k.core.webui.driver.DriverFactory    - Action delay is set to 0 milliseconds
1月 02, 2026 2:58:00 午後 org.openqa.selenium.devtools.CdpVersionFinder findNearestMatch
WARNING: Unable to find CDP implementation matching 143
1月 02, 2026 2:58:00 午後 org.openqa.selenium.chromium.ChromiumDriver lambda$new$4
WARNING: Unable to find version of CDP to use for 143.0.7499.170. You may need to include a dependency on a specific version of the CDP using something similar to `org.seleniumhq.selenium:selenium-devtools-v86:4.34.0` where the version ("v86") matches the version of the chromium-based browser you're using and the version number of the artifact is the same as Selenium's.
2026-01-02 14:58:02.718 INFO  c.k.k.core.webui.driver.DriverFactory    - sessionId = 4bb6a4b6a179b2575e3df9e15969e23a
2026-01-02 14:58:02.721 INFO  c.k.k.core.webui.driver.DriverFactory    - browser = Chrome 143.0.7499.170
2026-01-02 14:58:02.723 INFO  c.k.k.core.webui.driver.DriverFactory    - platform = Windows 10
2026-01-02 14:58:02.727 INFO  c.k.k.core.webui.driver.DriverFactory    - seleniumVersion = 4.34.0
2026-01-02 14:58:02.766 INFO  c.k.k.core.webui.driver.DriverFactory    - proxyInformation = ProxyInformation { proxyOption=NO_PROXY, proxyServerType=HTTP, username=, password=********, proxyServerAddress=, proxyServerPort=0, executionList="", isApplyToDesiredCapabilities=true }
2026-01-02 14:58:02.892 DEBUG testcase.FP-01                           - 5: maximizeWindow()
2026-01-02 14:58:02.973 DEBUG testcase.FP-01                           - 6: navigateToUrl("https://qa.engagement.magiqdev.cloud/login")
2026-01-02 14:58:03.108 DEBUG testcase.FP-01                           - 7: waitForPageLoad(LOCAL_PAGELOAD)
2026-01-02 14:58:04.148 DEBUG testcase.FP-01                           - 8: forgotPasswordLink = new com.kms.katalon.core.testobject.TestObject(forgotPasswordLink)
2026-01-02 14:58:04.181 DEBUG testcase.FP-01                           - 9: forgotPasswordLink.addProperty("xpath", EQUALS, "//a[normalize-space(.)='Forgot Password?'] | //button[normalize-space(.)='Forgot Password?'] | //a[.//span[normalize-space(.)='Forgot Password?']]")
2026-01-02 14:58:04.199 DEBUG testcase.FP-01                           - 10: h2ForgotPassword = new com.kms.katalon.core.testobject.TestObject(h2ForgotPassword)
2026-01-02 14:58:04.204 DEBUG testcase.FP-01                           - 11: h2ForgotPassword.addProperty("xpath", EQUALS, "//h2[normalize-space(.)='Forgot Password']")
2026-01-02 14:58:04.211 DEBUG testcase.FP-01                           - 12: forgotVisible = false
2026-01-02 14:58:04.215 DEBUG testcase.FP-01                           - 13: attempts = 0
2026-01-02 14:58:04.218 DEBUG testcase.FP-01                           - 14: while (attempts <= MAX_RELOAD_ATTEMPTS)
2026-01-02 14:58:04.224 DEBUG testcase.FP-01                           - 1: forgotVisible = waitForElementVisible(forgotPasswordLink, WAIT_ELEMENT_BEFORE_RELOAD, OPTIONAL)
2026-01-02 14:58:15.165 DEBUG testcase.FP-01                           - 2: if (forgotVisible)
2026-01-02 14:58:15.167 DEBUG testcase.FP-01                           - 1: break
2026-01-02 14:58:15.169 DEBUG testcase.FP-01                           - 15: if (!(forgotVisible))
2026-01-02 14:58:15.171 DEBUG testcase.FP-01                           - 16: clickable = waitForElementClickable(forgotPasswordLink, 20, OPTIONAL)
2026-01-02 14:58:15.492 DEBUG testcase.FP-01                           - 17: if (!(clickable))
2026-01-02 14:58:15.494 DEBUG testcase.FP-01                           - 18: if (!(clickable))
2026-01-02 14:58:15.495 DEBUG testcase.FP-01                           - 19: click(forgotPasswordLink)
2026-01-02 14:58:15.879 DEBUG testcase.FP-01                           - 20: h2Visible = waitForElementVisible(h2ForgotPassword, 60, OPTIONAL)
2026-01-02 14:58:16.359 DEBUG testcase.FP-01                           - 21: if (!(h2Visible))
2026-01-02 14:58:16.361 DEBUG testcase.FP-01                           - 22: if (h2Visible)
2026-01-02 14:58:16.363 DEBUG testcase.FP-01                           - 1: verifyElementPresent(h2ForgotPassword, 10, STOP_ON_FAILURE)
2026-01-02 14:58:16.614 DEBUG testcase.FP-01                           - 2: comment("✅ Thành công: H2 'Forgot Password' đã xuất hiện.")
2026-01-02 14:58:16.631 INFO  c.k.k.c.keyword.builtin.CommentKeyword   - ✅ Thành công: H2 'Forgot Password' đã xuất hiện.
2026-01-02 14:58:16.633 INFO  c.k.katalon.core.main.TestCaseExecutor   - END Test Cases/FP/FP-01
2026-01-02 14:58:16.638 INFO  c.k.katalon.core.main.TestCaseExecutor   - --------------------
2026-01-02 14:58:16.638 INFO  c.k.katalon.core.main.TestCaseExecutor   - START Test Cases/FP/FP-02
2026-01-02 14:58:16.848 DEBUG testcase.FP-02                           - 1: LOCAL_PAGELOAD = 300
2026-01-02 14:58:16.850 DEBUG testcase.FP-02                           - 2: WAIT_AFTER_CLICK = 60
2026-01-02 14:58:16.856 DEBUG testcase.FP-02                           - 3: RETRY_ON_SLOW = 1
2026-01-02 14:58:16.864 DEBUG testcase.FP-02                           - 4: pCancel = new com.kms.katalon.core.testobject.TestObject(obj_p_cancel)
2026-01-02 14:58:16.868 DEBUG testcase.FP-02                           - 5: pCancel.addProperty("xpath", EQUALS, "//p[normalize-space(.)='Cancel']")
2026-01-02 14:58:16.872 DEBUG testcase.FP-02                           - 6: spanResetPassword = new com.kms.katalon.core.testobject.TestObject(obj_span_reset_password)
2026-01-02 14:58:16.877 DEBUG testcase.FP-02                           - 7: spanResetPassword.addProperty("xpath", EQUALS, "//span[normalize-space(.)='Reset Password']")
2026-01-02 14:58:16.897 DEBUG testcase.FP-02                           - 8: cancelVisible = waitForElementVisible(pCancel, WAIT_AFTER_CLICK, OPTIONAL)
2026-01-02 14:58:17.166 DEBUG testcase.FP-02                           - 9: resetVisible = waitForElementVisible(spanResetPassword, WAIT_AFTER_CLICK, OPTIONAL)
2026-01-02 14:58:17.424 DEBUG testcase.FP-02                           - 10: if (!(cancelVisible) || !(resetVisible))
2026-01-02 14:58:17.426 DEBUG testcase.FP-02                           - 11: if (cancelVisible && resetVisible)
2026-01-02 14:58:17.427 DEBUG testcase.FP-02                           - 1: verifyElementPresent(pCancel, 5, STOP_ON_FAILURE)
2026-01-02 14:58:17.674 DEBUG testcase.FP-02                           - 2: verifyElementPresent(spanResetPassword, 5, STOP_ON_FAILURE)
2026-01-02 14:58:17.936 DEBUG testcase.FP-02                           - 3: comment("✅ Thành công: thấy p='Cancel' và span='Reset Password' sau khi click Forgot Password.")
2026-01-02 14:58:17.940 INFO  c.k.k.c.keyword.builtin.CommentKeyword   - ✅ Thành công: thấy p='Cancel' và span='Reset Password' sau khi click Forgot Password.
2026-01-02 14:58:17.942 INFO  c.k.katalon.core.main.TestCaseExecutor   - END Test Cases/FP/FP-02
2026-01-02 14:58:17.944 INFO  c.k.katalon.core.main.TestCaseExecutor   - --------------------
2026-01-02 14:58:17.945 INFO  c.k.katalon.core.main.TestCaseExecutor   - START Test Cases/FP/FP-04
2026-01-02 14:58:18.074 DEBUG testcase.FP-04                           - 1: emailInput = new com.kms.katalon.core.testobject.TestObject(obj_email_input)
2026-01-02 14:58:18.078 DEBUG testcase.FP-04                           - 2: emailInput.addProperty("xpath", EQUALS, "//input[@aria-label='Email']")
2026-01-02 14:58:18.081 DEBUG testcase.FP-04                           - 3: resetBtn = new com.kms.katalon.core.testobject.TestObject(obj_reset_password_btn)
2026-01-02 14:58:18.085 DEBUG testcase.FP-04                           - 4: resetBtn.addProperty("xpath", EQUALS, "//button[normalize-space(.)='Reset Password'] | //span[normalize-space(.)='Reset Password']/ancestor::button")
2026-01-02 14:58:18.089 DEBUG testcase.FP-04                           - 5: divTitle = new com.kms.katalon.core.testobject.TestObject(obj_div_title)
2026-01-02 14:58:18.095 DEBUG testcase.FP-04                           - 6: divTitle.addProperty("xpath", EQUALS, "//*[@class='div-title']")
2026-01-02 14:58:18.097 DEBUG testcase.FP-04                           - 7: try
2026-01-02 14:58:18.100 DEBUG testcase.FP-04                           - 1: waitForElementVisible(emailInput, 30, STOP_ON_FAILURE)
2026-01-02 14:58:18.360 DEBUG testcase.FP-04                           - 2: setText(emailInput, "valid@email.com")
2026-01-02 14:58:19.035 DEBUG testcase.FP-04                           - 3: waitForElementClickable(resetBtn, 30, STOP_ON_FAILURE)
2026-01-02 14:58:19.308 DEBUG testcase.FP-04                           - 4: click(resetBtn)
2026-01-02 14:58:19.648 DEBUG testcase.FP-04                           - 5: isVisible = waitForElementVisible(divTitle, 30, OPTIONAL)
2026-01-02 14:58:20.327 DEBUG testcase.FP-04                           - 6: if (isVisible)
2026-01-02 14:58:20.328 DEBUG testcase.FP-04                           - 1: verifyElementPresent(divTitle, 5, STOP_ON_FAILURE)
2026-01-02 14:58:20.567 DEBUG testcase.FP-04                           - 2: comment("✅ Element với class='div-title' tồn tại.")
2026-01-02 14:58:20.570 INFO  c.k.k.c.keyword.builtin.CommentKeyword   - ✅ Element với class='div-title' tồn tại.
2026-01-02 14:58:20.572 INFO  c.k.katalon.core.main.TestCaseExecutor   - END Test Cases/FP/FP-04
2026-01-02 14:58:20.575 INFO  c.k.katalon.core.main.TestCaseExecutor   - --------------------
2026-01-02 14:58:20.575 INFO  c.k.katalon.core.main.TestCaseExecutor   - START Test Cases/FP/FP-06
2026-01-02 14:58:20.701 DEBUG testcase.FP-06                           - 1: EXPECTED_TEXT = "If the email you entered is associated with an account, you will receive a password reset email shortly."
2026-01-02 14:58:20.702 DEBUG testcase.FP-06                           - 2: divTitle = new com.kms.katalon.core.testobject.TestObject(obj_div_title)
2026-01-02 14:58:20.705 DEBUG testcase.FP-06                           - 3: divTitle.addProperty("xpath", EQUALS, "//*[@class='div-title']")
2026-01-02 14:58:20.708 DEBUG testcase.FP-06                           - 4: try
2026-01-02 14:58:20.710 DEBUG testcase.FP-06                           - 1: visible = waitForElementVisible(divTitle, 60, OPTIONAL)
2026-01-02 14:58:20.956 DEBUG testcase.FP-06                           - 2: if (!(visible))
2026-01-02 14:58:20.957 DEBUG testcase.FP-06                           - 3: actual = getText(divTitle).trim()
2026-01-02 14:58:21.203 DEBUG testcase.FP-06                           - 4: matched = actual == EXPECTED_TEXT
2026-01-02 14:58:21.204 DEBUG testcase.FP-06                           - 5: if (matched)
2026-01-02 14:58:21.206 DEBUG testcase.FP-06                           - 1: comment(✅ Text khớp chính xác: '$EXPECTED_TEXT')
2026-01-02 14:58:21.225 INFO  c.k.k.c.keyword.builtin.CommentKeyword   - ✅ Text khớp chính xác: 'If the email you entered is associated with an account, you will receive a password reset email shortly.'
2026-01-02 14:58:21.227 INFO  c.k.katalon.core.main.TestCaseExecutor   - END Test Cases/FP/FP-06
2026-01-02 14:58:21.230 INFO  c.k.katalon.core.main.TestCaseExecutor   - --------------------
2026-01-02 14:58:21.230 INFO  c.k.katalon.core.main.TestCaseExecutor   - START Test Cases/FP/FP-07
2026-01-02 14:58:21.379 DEBUG testcase.FP-07                           - 1: PAGELOAD_TIMEOUT = 300
2026-01-02 14:58:21.381 DEBUG testcase.FP-07                           - 2: WAIT_BEFORE_CLICK = 60
2026-01-02 14:58:21.383 DEBUG testcase.FP-07                           - 3: WAIT_AFTER_CLICK = 60
2026-01-02 14:58:21.385 DEBUG testcase.FP-07                           - 4: RETRY_ON_SLOW = 1
2026-01-02 14:58:21.387 DEBUG testcase.FP-07                           - 5: aBackToLogin = new com.kms.katalon.core.testobject.TestObject(obj_a_back_to_login)
2026-01-02 14:58:21.389 DEBUG testcase.FP-07                           - 6: aBackToLogin.addProperty("xpath", EQUALS, "//a[@href='/login']")
2026-01-02 14:58:21.392 DEBUG testcase.FP-07                           - 7: userNameInput = new com.kms.katalon.core.testobject.TestObject(obj_input_userName)
2026-01-02 14:58:21.394 DEBUG testcase.FP-07                           - 8: userNameInput.addProperty("id", EQUALS, "userName")
2026-01-02 14:58:21.396 DEBUG testcase.FP-07                           - 9: try
2026-01-02 14:58:21.397 DEBUG testcase.FP-07                           - 1: aVisible = waitForElementVisible(aBackToLogin, WAIT_BEFORE_CLICK, OPTIONAL)
2026-01-02 14:58:21.657 DEBUG testcase.FP-07                           - 2: if (!(aVisible))
2026-01-02 14:58:21.658 DEBUG testcase.FP-07                           - 3: if (!(aVisible))
2026-01-02 14:58:21.660 DEBUG testcase.FP-07                           - 4: clickable = waitForElementClickable(aBackToLogin, 20, OPTIONAL)
2026-01-02 14:58:21.935 DEBUG testcase.FP-07                           - 5: if (!(clickable))
2026-01-02 14:58:21.936 DEBUG testcase.FP-07                           - 6: if (!(clickable))
2026-01-02 14:58:21.938 DEBUG testcase.FP-07                           - 7: click(aBackToLogin)
2026-01-02 14:58:22.280 DEBUG testcase.FP-07                           - 8: comment("🖱️ Đã click anchor href='/login' (Back to Login).")
2026-01-02 14:58:22.286 INFO  c.k.k.c.keyword.builtin.CommentKeyword   - 🖱️ Đã click anchor href='/login' (Back to Login).
2026-01-02 14:58:22.287 DEBUG testcase.FP-07                           - 9: userNameVisible = waitForElementVisible(userNameInput, WAIT_AFTER_CLICK, OPTIONAL)
2026-01-02 14:58:22.864 DEBUG testcase.FP-07                           - 10: if (!(userNameVisible))
2026-01-02 14:58:22.865 DEBUG testcase.FP-07                           - 11: if (userNameVisible)
2026-01-02 14:58:22.866 DEBUG testcase.FP-07                           - 1: verifyElementPresent(userNameInput, 10, STOP_ON_FAILURE)
2026-01-02 14:58:23.104 DEBUG testcase.FP-07                           - 2: comment("✅ Thành công: thấy input id='userName' (đã quay về trang login).")
2026-01-02 14:58:23.108 INFO  c.k.k.c.keyword.builtin.CommentKeyword   - ✅ Thành công: thấy input id='userName' (đã quay về trang login).
2026-01-02 14:58:23.109 INFO  c.k.katalon.core.main.TestCaseExecutor   - END Test Cases/FP/FP-07
2026-01-02 14:58:23.499 INFO  c.k.katalon.core.main.TestSuiteExecutor  - --------------------
2026-01-02 14:58:23.499 INFO  c.k.katalon.core.main.TestSuiteExecutor  - END Test Suites/TS_FP
2026-01-02 14:58:23.499 INFO  c.k.katalon.core.main.TestSuiteExecutor  - ====================
