2026-01-26 14:06:30.838 INFO  c.k.k.c.l.logback.LogbackConfigurator    - Logback default configuration initialized from: C:\Users\Administrator\.katalon\packages\KSE-10.4.2\configuration\org.eclipse.osgi\132\0\.cp\resources\logback\logback-execution.xml
2026-01-26 14:06:30.843 INFO  c.k.k.c.l.logback.LogbackConfigurator    - Logback custom configuration initialized from: C:\Users\Administrator\git\magiq\Include\config\log.properties
2026-01-26 14:06:31.804 INFO  c.k.katalon.core.main.TestSuiteExecutor  - START Test Suites/TS_Location
2026-01-26 14:06:31.929 INFO  c.k.katalon.core.main.TestSuiteExecutor  - userFullName = Cong Thanh
2026-01-26 14:06:31.930 INFO  c.k.katalon.core.main.TestSuiteExecutor  - projectName = magiq
2026-01-26 14:06:31.931 INFO  c.k.katalon.core.main.TestSuiteExecutor  - hostName = Administrator - WINDOWS-10
2026-01-26 14:06:31.932 INFO  c.k.katalon.core.main.TestSuiteExecutor  - os = Windows 10 64bit
2026-01-26 14:06:31.933 INFO  c.k.katalon.core.main.TestSuiteExecutor  - hostAddress = 192.168.126.20
2026-01-26 14:06:31.934 INFO  c.k.katalon.core.main.TestSuiteExecutor  - katalonVersion = 10.4.2.0
2026-01-26 14:06:33.603 INFO  c.k.katalon.core.main.TestCaseExecutor   - --------------------
2026-01-26 14:06:33.603 INFO  c.k.katalon.core.main.TestCaseExecutor   - START Test Cases/Location/TC.LOC.5
2026-01-26 14:06:33.921 DEBUG testcase.TC.LOC.5                        - 1: openBrowser("")
2026-01-26 14:06:34.450 INFO  c.k.k.core.webui.driver.DriverFactory    - Starting 'Chrome' driver
2026-01-26 14:06:34.468 INFO  c.k.k.c.w.util.WebDriverPropertyUtil     - User set preference: ['args', '[--user-data-dir=C:\QA\Profiles\KatalonChrome, --profile-directory=Default]']
2026-01-26 14:06:34.591 INFO  c.k.k.core.webui.driver.DriverFactory    - Action delay is set to 0 milliseconds
1月 26, 2026 2:06:36 午後 org.openqa.selenium.devtools.CdpVersionFinder findNearestMatch
WARNING: Unable to find CDP implementation matching 144
1月 26, 2026 2:06:36 午後 org.openqa.selenium.chromium.ChromiumDriver lambda$new$4
WARNING: Unable to find version of CDP to use for 144.0.7559.60. You may need to include a dependency on a specific version of the CDP using something similar to `org.seleniumhq.selenium:selenium-devtools-v86:4.34.0` where the version ("v86") matches the version of the chromium-based browser you're using and the version number of the artifact is the same as Selenium's.
2026-01-26 14:06:37.327 INFO  c.k.k.core.webui.driver.DriverFactory    - sessionId = 1ee86c77de054f4b7a39f388462d85f8
2026-01-26 14:06:37.329 INFO  c.k.k.core.webui.driver.DriverFactory    - browser = Chrome 144.0.7559.60
2026-01-26 14:06:37.330 INFO  c.k.k.core.webui.driver.DriverFactory    - platform = Windows 10
2026-01-26 14:06:37.332 INFO  c.k.k.core.webui.driver.DriverFactory    - seleniumVersion = 4.34.0
2026-01-26 14:06:37.344 INFO  c.k.k.core.webui.driver.DriverFactory    - proxyInformation = ProxyInformation { proxyOption=NO_PROXY, proxyServerType=HTTP, username=, password=********, proxyServerAddress=, proxyServerPort=0, executionList="", isApplyToDesiredCapabilities=true }
2026-01-26 14:06:37.423 DEBUG testcase.TC.LOC.5                        - 2: navigateToUrl("https://qa.engagement.magiqdev.cloud/organisation")
2026-01-26 14:06:40.838 DEBUG testcase.TC.LOC.5                        - 3: waitForElementClickable(findTestObject("Location/btn_location"), 120)
2026-01-26 14:06:48.145 DEBUG testcase.TC.LOC.5                        - 4: click(findTestObject("Location/btn_location"))
2026-01-26 14:06:48.550 DEBUG testcase.TC.LOC.5                        - 5: waitForElementClickable(findTestObject("Location/btn_upload"), 120)
2026-01-26 14:07:12.603 DEBUG testcase.TC.LOC.5                        - 6: click(findTestObject("Location/btn_upload"))
2026-01-26 14:07:13.729 DEBUG testcase.TC.LOC.5                        - 7: filePath = "D:\Upload\MagiqTowns.json"
2026-01-26 14:07:13.735 DEBUG testcase.TC.LOC.5                        - 8: robot = new java.awt.Robot()
2026-01-26 14:07:13.803 DEBUG testcase.TC.LOC.5                        - 9: getSystemClipboard().setContents(new java.awt.datatransfer.StringSelection(filePath), null)
2026-01-26 14:07:13.924 DEBUG testcase.TC.LOC.5                        - 10: robot.keyPress(VK_CONTROL)
2026-01-26 14:07:13.972 DEBUG testcase.TC.LOC.5                        - 11: robot.keyPress(VK_V)
2026-01-26 14:07:13.976 DEBUG testcase.TC.LOC.5                        - 12: robot.keyRelease(VK_V)
2026-01-26 14:07:13.983 DEBUG testcase.TC.LOC.5                        - 13: robot.keyRelease(VK_CONTROL)
2026-01-26 14:07:13.990 DEBUG testcase.TC.LOC.5                        - 14: robot.keyPress(VK_ENTER)
2026-01-26 14:07:14.000 DEBUG testcase.TC.LOC.5                        - 15: robot.keyRelease(VK_ENTER)
2026-01-26 14:07:14.005 DEBUG testcase.TC.LOC.5                        - 16: delay(10)
2026-01-26 14:07:24.064 DEBUG testcase.TC.LOC.5                        - 17: waitForElementPresent(findTestObject("Location/btn_update"), 120)
2026-01-26 14:07:24.353 DEBUG testcase.TC.LOC.5                        - 18: click(findTestObject("Location/btn_update"))
2026-01-26 14:07:24.699 DEBUG testcase.TC.LOC.5                        - 19: waitForElementPresent(findTestObject("Location/h4_message"), 120)
2026-01-26 14:07:28.352 INFO  c.k.katalon.core.main.TestCaseExecutor   - END Test Cases/Location/TC.LOC.5
2026-01-26 14:07:28.354 INFO  c.k.katalon.core.main.TestSuiteExecutor  - --------------------
2026-01-26 14:07:28.354 INFO  c.k.katalon.core.main.TestSuiteExecutor  - END Test Suites/TS_Location
2026-01-26 14:07:28.354 INFO  c.k.katalon.core.main.TestSuiteExecutor  - ====================
