2026-01-29 16:34:15.905 INFO  c.k.k.c.l.logback.LogbackConfigurator    - Logback default configuration initialized from: C:\Users\Administrator\.katalon\packages\KSE-10.4.2\configuration\org.eclipse.osgi\132\0\.cp\resources\logback\logback-execution.xml
2026-01-29 16:34:15.910 INFO  c.k.k.c.l.logback.LogbackConfigurator    - Logback custom configuration initialized from: C:\Users\Administrator\git\magiq\Include\config\log.properties
2026-01-29 16:34:17.166 INFO  c.k.katalon.core.main.TestSuiteExecutor  - START Test Suites/TS_HideOrg
2026-01-29 16:34:17.304 INFO  c.k.katalon.core.main.TestSuiteExecutor  - userFullName = Cong Thanh
2026-01-29 16:34:17.306 INFO  c.k.katalon.core.main.TestSuiteExecutor  - projectName = magiq
2026-01-29 16:34:17.309 INFO  c.k.katalon.core.main.TestSuiteExecutor  - hostName = Administrator - WINDOWS-10
2026-01-29 16:34:17.310 INFO  c.k.katalon.core.main.TestSuiteExecutor  - os = Windows 10 64bit
2026-01-29 16:34:17.311 INFO  c.k.katalon.core.main.TestSuiteExecutor  - hostAddress = 192.168.126.20
2026-01-29 16:34:17.313 INFO  c.k.katalon.core.main.TestSuiteExecutor  - katalonVersion = 10.4.2.0
2026-01-29 16:34:19.017 INFO  c.k.katalon.core.main.TestCaseExecutor   - --------------------
2026-01-29 16:34:19.017 INFO  c.k.katalon.core.main.TestCaseExecutor   - START Test Cases/HideOrg/TC_HOM_03
2026-01-29 16:34:19.234 DEBUG testcase.TC_HOM_03                       - 1: openBrowser("")
2026-01-29 16:34:19.749 INFO  c.k.k.core.webui.driver.DriverFactory    - Starting 'Chrome' driver
2026-01-29 16:34:19.765 INFO  c.k.k.c.w.util.WebDriverPropertyUtil     - User set preference: ['args', '[--user-data-dir=C:\QA\Profiles\KatalonChrome, --profile-directory=Default]']
2026-01-29 16:34:19.892 INFO  c.k.k.core.webui.driver.DriverFactory    - Action delay is set to 0 milliseconds
1月 29, 2026 4:34:21 午後 org.openqa.selenium.devtools.CdpVersionFinder findNearestMatch
WARNING: Unable to find CDP implementation matching 144
1月 29, 2026 4:34:21 午後 org.openqa.selenium.chromium.ChromiumDriver lambda$new$4
WARNING: Unable to find version of CDP to use for 144.0.7559.98. You may need to include a dependency on a specific version of the CDP using something similar to `org.seleniumhq.selenium:selenium-devtools-v86:4.34.0` where the version ("v86") matches the version of the chromium-based browser you're using and the version number of the artifact is the same as Selenium's.
2026-01-29 16:34:22.465 INFO  c.k.k.core.webui.driver.DriverFactory    - sessionId = d54edf56ba7a0e14bb1c05f5c9cab6b7
2026-01-29 16:34:22.467 INFO  c.k.k.core.webui.driver.DriverFactory    - browser = Chrome 144.0.7559.98
2026-01-29 16:34:22.467 INFO  c.k.k.core.webui.driver.DriverFactory    - platform = Windows 10
2026-01-29 16:34:22.468 INFO  c.k.k.core.webui.driver.DriverFactory    - seleniumVersion = 4.34.0
2026-01-29 16:34:22.482 INFO  c.k.k.core.webui.driver.DriverFactory    - proxyInformation = ProxyInformation { proxyOption=NO_PROXY, proxyServerType=HTTP, username=, password=********, proxyServerAddress=, proxyServerPort=0, executionList="", isApplyToDesiredCapabilities=true }
2026-01-29 16:34:22.575 DEBUG testcase.TC_HOM_03                       - 2: navigateToUrl("https://qa.engagement.magiqdev.cloud/organisation")
2026-01-29 16:34:28.208 DEBUG testcase.TC_HOM_03                       - 3: waitForElementClickable(findTestObject("HideOrg/btn_hide"), 120)
2026-01-29 16:34:33.740 DEBUG testcase.TC_HOM_03                       - 4: click(findTestObject("HideOrg/btn_hide"))
2026-01-29 16:34:34.177 DEBUG testcase.TC_HOM_03                       - 5: waitForElementNotClickable(findTestObject("HideOrg/input_multisect"), 120)
2026-01-29 16:38:10.169 WARN  .w.k.b.WaitForElementNotClickableKeyword - Object 'Object Repository/HideOrg/input_multisect' is not clickable after 120 second(s)
2026-01-29 16:38:10.172 DEBUG testcase.TC_HOM_03                       - 6: click(findTestObject("HideOrg/input_multisect"))
2026-01-29 16:38:10.912 DEBUG testcase.TC_HOM_03                       - 7: waitForElementClickable(findTestObject("HideOrg/li_News"), 120)
2026-01-29 16:38:11.672 DEBUG testcase.TC_HOM_03                       - 8: click(findTestObject("HideOrg/li_News"))
2026-01-29 16:38:12.345 DEBUG testcase.TC_HOM_03                       - 9: waitForElementClickable(findTestObject("HideOrg/li_Connect"), 120)
