2026-01-02 14:46:45.550 INFO  c.k.k.c.l.logback.LogbackConfigurator    - Logback default configuration initialized from: C:\Users\Administrator\.katalon\packages\KSE-10.4.2\configuration\org.eclipse.osgi\132\0\.cp\resources\logback\logback-execution.xml
2026-01-02 14:46:45.555 INFO  c.k.k.c.l.logback.LogbackConfigurator    - Logback custom configuration initialized from: C:\Users\Administrator\git\magiq\Include\config\log.properties
2026-01-02 14:46:46.050 INFO  c.k.katalon.core.main.TestSuiteExecutor  - START Test Suites/TS_CA
2026-01-02 14:46:46.143 INFO  c.k.katalon.core.main.TestSuiteExecutor  - userFullName = Cong Thanh
2026-01-02 14:46:46.144 INFO  c.k.katalon.core.main.TestSuiteExecutor  - projectName = magiq
2026-01-02 14:46:46.145 INFO  c.k.katalon.core.main.TestSuiteExecutor  - hostName = Administrator - WINDOWS-10
2026-01-02 14:46:46.146 INFO  c.k.katalon.core.main.TestSuiteExecutor  - os = Windows 10 64bit
2026-01-02 14:46:46.147 INFO  c.k.katalon.core.main.TestSuiteExecutor  - hostAddress = 192.168.126.20
2026-01-02 14:46:46.149 INFO  c.k.katalon.core.main.TestSuiteExecutor  - katalonVersion = 10.4.2.0
2026-01-02 14:46:47.253 INFO  c.k.katalon.core.main.TestCaseExecutor   - --------------------
2026-01-02 14:46:47.254 INFO  c.k.katalon.core.main.TestCaseExecutor   - START Test Cases/CA/CA-01
2026-01-02 14:46:47.255 WARN  c.k.katalon.core.main.TestCaseExecutor   - SKIPPED 
2026-01-02 14:46:47.257 INFO  c.k.katalon.core.main.TestCaseExecutor   - END Test Cases/CA/CA-01
2026-01-02 14:46:47.268 INFO  c.k.katalon.core.main.TestCaseExecutor   - --------------------
2026-01-02 14:46:47.269 INFO  c.k.katalon.core.main.TestCaseExecutor   - START Test Cases/CA/CA-02
2026-01-02 14:46:47.270 WARN  c.k.katalon.core.main.TestCaseExecutor   - SKIPPED 
2026-01-02 14:46:47.273 INFO  c.k.katalon.core.main.TestCaseExecutor   - END Test Cases/CA/CA-02
2026-01-02 14:46:47.282 INFO  c.k.katalon.core.main.TestCaseExecutor   - --------------------
2026-01-02 14:46:47.282 INFO  c.k.katalon.core.main.TestCaseExecutor   - START Test Cases/CA/CA-14
2026-01-02 14:46:47.285 WARN  c.k.katalon.core.main.TestCaseExecutor   - SKIPPED 
2026-01-02 14:46:47.287 INFO  c.k.katalon.core.main.TestCaseExecutor   - END Test Cases/CA/CA-14
2026-01-02 14:46:47.293 INFO  c.k.katalon.core.main.TestCaseExecutor   - --------------------
2026-01-02 14:46:47.293 INFO  c.k.katalon.core.main.TestCaseExecutor   - START Test Cases/CA/CA-08
2026-01-02 14:46:47.296 WARN  c.k.katalon.core.main.TestCaseExecutor   - SKIPPED 
2026-01-02 14:46:47.298 INFO  c.k.katalon.core.main.TestCaseExecutor   - END Test Cases/CA/CA-08
2026-01-02 14:46:47.357 INFO  c.k.katalon.core.main.TestSuiteExecutor  - --------------------
2026-01-02 14:46:47.357 INFO  c.k.katalon.core.main.TestSuiteExecutor  - END Test Suites/TS_CA
2026-01-02 14:46:47.357 INFO  c.k.katalon.core.main.TestSuiteExecutor  - ====================
