2026-01-26 13:46:17.524 INFO  c.k.k.c.l.logback.LogbackConfigurator    - Logback default configuration initialized from: C:\Users\Administrator\.katalon\packages\KSE-10.4.2\configuration\org.eclipse.osgi\132\0\.cp\resources\logback\logback-execution.xml
2026-01-26 13:46:17.529 INFO  c.k.k.c.l.logback.LogbackConfigurator    - Logback custom configuration initialized from: C:\Users\Administrator\git\magiq\Include\config\log.properties
2026-01-26 13:46:18.241 INFO  c.k.katalon.core.main.TestSuiteExecutor  - START Test Suites/TS_Location
2026-01-26 13:46:18.340 INFO  c.k.katalon.core.main.TestSuiteExecutor  - userFullName = Cong Thanh
2026-01-26 13:46:18.341 INFO  c.k.katalon.core.main.TestSuiteExecutor  - projectName = magiq
2026-01-26 13:46:18.342 INFO  c.k.katalon.core.main.TestSuiteExecutor  - hostName = Administrator - WINDOWS-10
2026-01-26 13:46:18.343 INFO  c.k.katalon.core.main.TestSuiteExecutor  - os = Windows 10 64bit
2026-01-26 13:46:18.343 INFO  c.k.katalon.core.main.TestSuiteExecutor  - hostAddress = 192.168.126.20
2026-01-26 13:46:18.344 INFO  c.k.katalon.core.main.TestSuiteExecutor  - katalonVersion = 10.4.2.0
2026-01-26 13:46:19.747 INFO  c.k.katalon.core.main.TestCaseExecutor   - --------------------
2026-01-26 13:46:19.747 INFO  c.k.katalon.core.main.TestCaseExecutor   - START Test Cases/Location/TC.LOC.5
2026-01-26 13:46:20.036 DEBUG testcase.TC.LOC.5                        - 1: openBrowser("")
2026-01-26 13:46:20.421 INFO  c.k.k.core.webui.driver.DriverFactory    - Starting 'Chrome' driver
2026-01-26 13:46:20.433 INFO  c.k.k.c.w.util.WebDriverPropertyUtil     - User set preference: ['args', '[--user-data-dir=C:\QA\Profiles\KatalonChrome, --profile-directory=Default]']
2026-01-26 13:46:20.571 INFO  c.k.k.core.webui.driver.DriverFactory    - Action delay is set to 0 milliseconds
1月 26, 2026 1:46:21 午後 org.openqa.selenium.devtools.CdpVersionFinder findNearestMatch
WARNING: Unable to find CDP implementation matching 144
1月 26, 2026 1:46:21 午後 org.openqa.selenium.chromium.ChromiumDriver lambda$new$4
WARNING: Unable to find version of CDP to use for 144.0.7559.60. You may need to include a dependency on a specific version of the CDP using something similar to `org.seleniumhq.selenium:selenium-devtools-v86:4.34.0` where the version ("v86") matches the version of the chromium-based browser you're using and the version number of the artifact is the same as Selenium's.
2026-01-26 13:46:22.453 INFO  c.k.k.core.webui.driver.DriverFactory    - sessionId = 574c1797fd9b00b32e8a58026e2ca64e
2026-01-26 13:46:22.457 INFO  c.k.k.core.webui.driver.DriverFactory    - browser = Chrome 144.0.7559.60
2026-01-26 13:46:22.458 INFO  c.k.k.core.webui.driver.DriverFactory    - platform = Windows 10
2026-01-26 13:46:22.459 INFO  c.k.k.core.webui.driver.DriverFactory    - seleniumVersion = 4.34.0
2026-01-26 13:46:22.473 INFO  c.k.k.core.webui.driver.DriverFactory    - proxyInformation = ProxyInformation { proxyOption=NO_PROXY, proxyServerType=HTTP, username=, password=********, proxyServerAddress=, proxyServerPort=0, executionList="", isApplyToDesiredCapabilities=true }
2026-01-26 13:46:22.549 DEBUG testcase.TC.LOC.5                        - 2: navigateToUrl("https://qa.engagement.magiqdev.cloud/organisation")
2026-01-26 13:46:22.669 DEBUG testcase.TC.LOC.5                        - 3: waitForElementVisible(findTestObject("Location/btn_location"), 120)
2026-01-26 13:46:29.208 DEBUG testcase.TC.LOC.5                        - 4: click(findTestObject("Location/btn_location"))
2026-01-26 13:46:29.626 DEBUG testcase.TC.LOC.5                        - 5: waitForElementVisible(findTestObject("Location/btn_upload"), 120)
2026-01-26 13:46:31.297 DEBUG testcase.TC.LOC.5                        - 6: click(findTestObject("Location/btn_upload"))
2026-01-26 13:46:44.168 WARN  c.k.k.c.w.keyword.builtin.ClickKeyword   - Waiting for element timed out
2026-01-26 13:46:44.241 DEBUG testcase.TC.LOC.5                        - 7: filePath = "D:\Upload\MagiqTowns.json"
2026-01-26 13:46:44.244 DEBUG testcase.TC.LOC.5                        - 8: robot = new java.awt.Robot()
2026-01-26 13:46:44.302 DEBUG testcase.TC.LOC.5                        - 9: getSystemClipboard().setContents(new java.awt.datatransfer.StringSelection(filePath), null)
2026-01-26 13:46:44.408 DEBUG testcase.TC.LOC.5                        - 10: robot.keyPress(VK_CONTROL)
2026-01-26 13:46:44.444 DEBUG testcase.TC.LOC.5                        - 11: robot.keyPress(VK_V)
2026-01-26 13:46:44.451 DEBUG testcase.TC.LOC.5                        - 12: robot.keyRelease(VK_V)
2026-01-26 13:46:44.457 DEBUG testcase.TC.LOC.5                        - 13: robot.keyRelease(VK_CONTROL)
2026-01-26 13:46:44.463 DEBUG testcase.TC.LOC.5                        - 14: robot.keyPress(VK_ENTER)
2026-01-26 13:46:44.468 DEBUG testcase.TC.LOC.5                        - 15: robot.keyRelease(VK_ENTER)
2026-01-26 13:46:44.483 DEBUG testcase.TC.LOC.5                        - 16: waitForElementPresent(findTestObject("Location/btn_update"), 120)
