2026-01-06 16:57:59.887 INFO  c.k.k.c.l.logback.LogbackConfigurator    - Logback default configuration initialized from: C:\Users\Administrator\.katalon\packages\KSE-10.4.2\configuration\org.eclipse.osgi\132\0\.cp\resources\logback\logback-execution.xml
2026-01-06 16:57:59.892 INFO  c.k.k.c.l.logback.LogbackConfigurator    - Logback custom configuration initialized from: C:\Users\Administrator\git\magiq\Include\config\log.properties
2026-01-06 16:58:00.445 INFO  c.k.katalon.core.main.TestSuiteExecutor  - START Test Suites/TS_Location
2026-01-06 16:58:00.545 INFO  c.k.katalon.core.main.TestSuiteExecutor  - userFullName = Cong Thanh
2026-01-06 16:58:00.546 INFO  c.k.katalon.core.main.TestSuiteExecutor  - projectName = magiq
2026-01-06 16:58:00.547 INFO  c.k.katalon.core.main.TestSuiteExecutor  - hostName = Administrator - WINDOWS-10
2026-01-06 16:58:00.547 INFO  c.k.katalon.core.main.TestSuiteExecutor  - os = Windows 10 64bit
2026-01-06 16:58:00.548 INFO  c.k.katalon.core.main.TestSuiteExecutor  - hostAddress = 192.168.126.20
2026-01-06 16:58:00.549 INFO  c.k.katalon.core.main.TestSuiteExecutor  - katalonVersion = 10.4.2.0
2026-01-06 16:58:01.693 INFO  c.k.katalon.core.main.TestCaseExecutor   - --------------------
2026-01-06 16:58:01.693 INFO  c.k.katalon.core.main.TestCaseExecutor   - START Test Cases/Location/TC.LOC.5
2026-01-06 16:58:01.910 DEBUG testcase.TC.LOC.5                        - 1: openBrowser("")
2026-01-06 16:58:02.203 INFO  c.k.k.core.webui.driver.DriverFactory    - Starting 'Chrome' driver
2026-01-06 16:58:02.211 INFO  c.k.k.c.w.util.WebDriverPropertyUtil     - User set preference: ['args', '[--user-data-dir=C:\QA\Profiles\KatalonChrome, --profile-directory=Default]']
2026-01-06 16:58:02.274 INFO  c.k.k.core.webui.driver.DriverFactory    - Action delay is set to 0 milliseconds
1月 06, 2026 4:58:03 午後 org.openqa.selenium.devtools.CdpVersionFinder findNearestMatch
WARNING: Unable to find CDP implementation matching 143
1月 06, 2026 4:58:03 午後 org.openqa.selenium.chromium.ChromiumDriver lambda$new$4
WARNING: Unable to find version of CDP to use for 143.0.7499.170. You may need to include a dependency on a specific version of the CDP using something similar to `org.seleniumhq.selenium:selenium-devtools-v86:4.34.0` where the version ("v86") matches the version of the chromium-based browser you're using and the version number of the artifact is the same as Selenium's.
2026-01-06 16:58:04.038 INFO  c.k.k.core.webui.driver.DriverFactory    - sessionId = ef921e720d7012c87bd7eee87139b7cf
2026-01-06 16:58:04.040 INFO  c.k.k.core.webui.driver.DriverFactory    - browser = Chrome 143.0.7499.170
2026-01-06 16:58:04.041 INFO  c.k.k.core.webui.driver.DriverFactory    - platform = Windows 10
2026-01-06 16:58:04.042 INFO  c.k.k.core.webui.driver.DriverFactory    - seleniumVersion = 4.34.0
2026-01-06 16:58:04.052 INFO  c.k.k.core.webui.driver.DriverFactory    - proxyInformation = ProxyInformation { proxyOption=NO_PROXY, proxyServerType=HTTP, username=, password=********, proxyServerAddress=, proxyServerPort=0, executionList="", isApplyToDesiredCapabilities=true }
2026-01-06 16:58:04.105 DEBUG testcase.TC.LOC.5                        - 2: navigateToUrl("https://qa.engagement.magiqdev.cloud/organisation")
2026-01-06 16:58:04.201 DEBUG testcase.TC.LOC.5                        - 3: click(findTestObject("Location/btn_location"))
2026-01-06 16:58:11.459 DEBUG testcase.TC.LOC.5                        - 4: click(findTestObject("Location/btn_upload"))
2026-01-06 16:58:21.484 WARN  c.k.k.c.w.keyword.builtin.ClickKeyword   - Waiting for element timed out
2026-01-06 16:58:30.049 DEBUG testcase.TC.LOC.5                        - 5: filePath = "C:\Users\CongDo\Documents\testfile.pdf"
2026-01-06 16:58:30.055 DEBUG testcase.TC.LOC.5                        - 6: robot = new java.awt.Robot()
2026-01-06 16:58:30.120 DEBUG testcase.TC.LOC.5                        - 7: getSystemClipboard().setContents(new java.awt.datatransfer.StringSelection(filePath), null)
2026-01-06 16:58:30.278 DEBUG testcase.TC.LOC.5                        - 8: robot.keyPress(VK_CONTROL)
2026-01-06 16:58:30.315 DEBUG testcase.TC.LOC.5                        - 9: robot.keyPress(VK_V)
2026-01-06 16:58:30.326 DEBUG testcase.TC.LOC.5                        - 10: robot.keyRelease(VK_V)
2026-01-06 16:58:30.330 DEBUG testcase.TC.LOC.5                        - 11: robot.keyRelease(VK_CONTROL)
2026-01-06 16:58:30.341 DEBUG testcase.TC.LOC.5                        - 12: robot.keyPress(VK_ENTER)
2026-01-06 16:58:30.345 DEBUG testcase.TC.LOC.5                        - 13: robot.keyRelease(VK_ENTER)
2026-01-06 16:58:30.350 INFO  c.k.katalon.core.main.TestCaseExecutor   - END Test Cases/Location/TC.LOC.5
2026-01-06 16:58:30.358 INFO  c.k.katalon.core.main.TestSuiteExecutor  - --------------------
2026-01-06 16:58:30.358 INFO  c.k.katalon.core.main.TestSuiteExecutor  - END Test Suites/TS_Location
2026-01-06 16:58:30.358 INFO  c.k.katalon.core.main.TestSuiteExecutor  - ====================
